
======================================================================
HDM OPTIMIZATION PIPELINE - FRANCHISE MODE
======================================================================

[STEP 1] Loading and preparing data...
Loaded 90720 rows from C:\Users\diego.darquea\Documents\HDM-Optimization\data\raw_data.csv
Columns: ['fecha', 'momento_exacto', 'partner_id', 'partner_name', 'ordenes_pendientes', 'riders_cerca', 'ept_promedio_min', 'hdm_activo', 'hdm_autor', 'max_awt_espera_min']
Date range: 2026-02-23 00:00:00 to 2026-03-01 23:59:00

Data preprocessing complete:
Rows: 90720
Partners: 9
Date range: 2026-02-23 00:00:00 to 2026-03-01 23:59:00
Missing values:
fecha                            0
momento_exacto                   0
partner_id                       0
partner_name                     0
ordenes_pendientes               0
riders_cerca                     0
ept_promedio_min                 0
hdm_activo                       0
hdm_autor                    80180
max_awt_espera_min               0
ept_promedio_min_smoothed        0
ept_promedio                     0
dtype: int64
No date range specified, using: 2026-02-23 00:00:00 to 2026-03-01 23:59:00

Final dataset (FRANCHISE MODE):
Partners: 9
Rows: 90720
Date range: 2026-02-23 00:00:00 to 2026-03-01 23:59:00

Dataset Summary:
  Total rows: 90720
  Unique partners: 9
  Date range: 2026-02-23 to 2026-03-01
  Date span: 168.0 hours

[STEP 2] Processing FRANCHISE (9 partners)...
  Partners to process: [130023 161827 161876 299049 449793 484236 491805 531058 592065]

  [1/9] Processing partner 130023...

  [PARTNER 130023] Kfc Curic¾ | 2026-02-23 to 2026-03-01 | 10080 rows

[ANALYTICS] Starting exploratory analysis...

============================================================
BASELINE METRICS
============================================================

Ordenes Pendientes:
  Promedio: 1.22
  Std Dev: 2.15
  P50: 0.0
  P95: 6.0

Riders Cerca:
  Promedio: 0.52
  Std Dev: 0.96
  P50: 0.0
  P95: 3.0

AWT (Avoidable Wait Time):
  Promedio: 2.34 min
  Std Dev: 4.76
  P50: 0.0 min
  P95: 12.8 min

HDM Activation:
  Total activations: 553
  Activation rate: 5.49%

EPT WIP (Suavizado):
  Promedio: 7.06 min
  P95: 24.89 min

EPT WIP (Original):
  Promedio: 4.31 min
  P95: 14.50 min

EPT (Estimated Prep Time):
  Promedio: 7.06 min
  P95: 24.89 min
============================================================


============================================================
CORRELATION MATRIX
============================================================
                           ordenes_pendientes  ...  ept_promedio_min_smoothed
ordenes_pendientes                      1.000  ...                      0.745
riders_cerca                            0.852  ...                      0.714
max_awt_espera_min                      0.739  ...                      0.649
hdm_activo                              0.441  ...                      0.409
ept_promedio                            0.745  ...                      1.000
ept_promedio_min                        0.789  ...                      0.904
ept_promedio_min_smoothed               0.745  ...                      1.000

[7 rows x 7 columns]
============================================================


============================================================
TRAINING PREDICTIVE MODELS
============================================================

[MODEL] AWT Predictor (linear_regression) trained:
  Train RMSE: 2.715
  Test RMSE: 2.516
  Test MAE: 1.167
  Test R▓: 0.714

[MODEL] EPT Predictor (linear_regression) trained:
  Test RMSE: 6.018
  Test MAE: 4.558
  Test R▓: 0.607

[SIMULATOR] Running 200 Monte Carlo simulations...
python.exe : 
En línea: 1 Carácter: 1
+ & ".venv\Scripts\python.exe" main.py --mode franchise 2>&1 > "test_ou ...
+ ~~~~~~~~~~~~~~~~~~~~~~~~~~~~~~~~~~~~~~~~~~~~~~~~~~~~~~~~~~~~~~~~~~~~~
    + CategoryInfo          : NotSpecified: (:String) [], RemoteException
    + FullyQualifiedErrorId : NativeCommandError
 
[SIMULATOR] Monte Carlo:   0%|[32m          [0m| 0/200 [00:00<?, ?sim/s]
[SIMULATOR] Monte Carlo:   0%|[32m          [0m| 1/200 [00:00<01:26,  
2.31sim/s]
[SIMULATOR] Monte Carlo:   1%|[32m1         [0m| 2/200 [00:00<01:28,  
2.24sim/s]
[SIMULATOR] Monte Carlo:   2%|[32m1         [0m| 3/200 [00:01<01:28,  
2.24sim/s]
[SIMULATOR] Monte Carlo:   2%|[32m2         [0m| 4/200 [00:01<01:30,  
2.18sim/s]
[SIMULATOR] Monte Carlo:   2%|[32m2         [0m| 5/200 [00:02<01:29,  
2.18sim/s]
[SIMULATOR] Monte Carlo:   3%|[32m3         [0m| 6/200 [00:02<01:32,  
2.09sim/s]
[SIMULATOR] Monte Carlo:   4%|[32m3         [0m| 7/200 [00:03<01:34,  
2.05sim/s]
[SIMULATOR] Monte Carlo:   4%|[32m4         [0m| 8/200 [00:03<01:37,  
1.97sim/s]
[SIMULATOR] Monte Carlo:   4%|[32m4         [0m| 9/200 [00:04<01:40,  
1.91sim/s]
[SIMULATOR] Monte Carlo:   5%|[32m5         [0m| 10/200 [00:05<01:44,  
1.82sim/s]
[SIMULATOR] Monte Carlo:   6%|[32m5         [0m| 11/200 [00:05<01:48,  
1.74sim/s]
[SIMULATOR] Monte Carlo:   6%|[32m6         [0m| 12/200 [00:06<01:45,  
1.79sim/s]
[SIMULATOR] Monte Carlo:   6%|[32m6         [0m| 13/200 [00:06<01:46,  
1.76sim/s]
[SIMULATOR] Monte Carlo:   7%|[32m7         [0m| 14/200 [00:07<01:42,  
1.81sim/s]
[SIMULATOR] Monte Carlo:   8%|[32m7         [0m| 15/200 [00:07<01:40,  
1.83sim/s]
[SIMULATOR] Monte Carlo:   8%|[32m8         [0m| 16/200 [00:08<01:38,  
1.86sim/s]
[SIMULATOR] Monte Carlo:   8%|[32m8         [0m| 17/200 [00:08<01:38,  
1.86sim/s]
[SIMULATOR] Monte Carlo:   9%|[32m9         [0m| 18/200 [00:09<01:27,  
2.08sim/s]
[SIMULATOR] Monte Carlo:  10%|[32m9         [0m| 19/200 [00:09<01:20,  
2.26sim/s]
[SIMULATOR] Monte Carlo:  10%|[32m#         [0m| 20/200 [00:09<01:15,  
2.39sim/s]
[SIMULATOR] Monte Carlo:  10%|[32m#         [0m| 21/200 [00:10<01:12,  
2.48sim/s]
[SIMULATOR] Monte Carlo:  11%|[32m#1        [0m| 22/200 [00:10<01:10,  
2.52sim/s]
[SIMULATOR] Monte Carlo:  12%|[32m#1        [0m| 23/200 [00:11<01:08,  
2.60sim/s]
[SIMULATOR] Monte Carlo:  12%|[32m#2        [0m| 24/200 [00:11<01:06,  
2.66sim/s]
[SIMULATOR] Monte Carlo:  12%|[32m#2        [0m| 25/200 [00:11<01:05,  
2.69sim/s]
[SIMULATOR] Monte Carlo:  13%|[32m#3        [0m| 26/200 [00:12<01:03,  
2.73sim/s]
[SIMULATOR] Monte Carlo:  14%|[32m#3        [0m| 27/200 [00:12<01:03,  
2.74sim/s]
[SIMULATOR] Monte Carlo:  14%|[32m#4        [0m| 28/200 [00:12<01:02,  
2.77sim/s]
[SIMULATOR] Monte Carlo:  14%|[32m#4        [0m| 29/200 [00:13<01:03,  
2.67sim/s]
[SIMULATOR] Monte Carlo:  15%|[32m#5        [0m| 30/200 [00:13<01:05,  
2.59sim/s]
[SIMULATOR] Monte Carlo:  16%|[32m#5        [0m| 31/200 [00:14<01:04,  
2.62sim/s]
[SIMULATOR] Monte Carlo:  16%|[32m#6        [0m| 32/200 [00:14<01:02,  
2.67sim/s]
[SIMULATOR] Monte Carlo:  16%|[32m#6        [0m| 33/200 [00:14<01:02,  
2.68sim/s]
[SIMULATOR] Monte Carlo:  17%|[32m#7        [0m| 34/200 [00:15<01:01,  
2.71sim/s]
[SIMULATOR] Monte Carlo:  18%|[32m#7        [0m| 35/200 [00:15<00:59,  
2.76sim/s]
[SIMULATOR] Monte Carlo:  18%|[32m#8        [0m| 36/200 [00:15<01:03,  
2.59sim/s]
[SIMULATOR] Monte Carlo:  18%|[32m#8        [0m| 37/200 [00:16<01:07,  
2.42sim/s]
[SIMULATOR] Monte Carlo:  19%|[32m#9        [0m| 38/200 [00:16<01:10,  
2.28sim/s]
[SIMULATOR] Monte Carlo:  20%|[32m#9        [0m| 39/200 [00:17<01:07,  
2.38sim/s]
[SIMULATOR] Monte Carlo:  20%|[32m##        [0m| 40/200 [00:17<01:03,  
2.50sim/s]
[SIMULATOR] Monte Carlo:  20%|[32m##        [0m| 41/200 [00:17<01:01,  
2.59sim/s]
[SIMULATOR] Monte Carlo:  21%|[32m##1       [0m| 42/200 [00:18<00:59,  
2.66sim/s]
[SIMULATOR] Monte Carlo:  22%|[32m##1       [0m| 43/200 [00:18<00:57,  
2.71sim/s]
[SIMULATOR] Monte Carlo:  22%|[32m##2       [0m| 44/200 [00:18<00:56,  
2.75sim/s]
[SIMULATOR] Monte Carlo:  22%|[32m##2       [0m| 45/200 [00:19<00:56,  
2.74sim/s]
[SIMULATOR] Monte Carlo:  23%|[32m##3       [0m| 46/200 [00:19<00:55,  
2.77sim/s]
[SIMULATOR] Monte Carlo:  24%|[32m##3       [0m| 47/200 [00:20<00:55,  
2.78sim/s]
[SIMULATOR] Monte Carlo:  24%|[32m##4       [0m| 48/200 [00:20<00:54,  
2.80sim/s]
[SIMULATOR] Monte Carlo:  24%|[32m##4       [0m| 49/200 [00:20<00:53,  
2.82sim/s]
[SIMULATOR] Monte Carlo:  25%|[32m##5       [0m| 50/200 [00:21<00:53,  
2.82sim/s]
[SIMULATOR] Monte Carlo:  26%|[32m##5       [0m| 51/200 [00:21<00:52,  
2.85sim/s]
[SIMULATOR] Monte Carlo:  26%|[32m##6       [0m| 52/200 [00:21<00:51,  
2.87sim/s]
[SIMULATOR] Monte Carlo:  26%|[32m##6       [0m| 53/200 [00:22<00:51,  
2.85sim/s]
[SIMULATOR] Monte Carlo:  27%|[32m##7       [0m| 54/200 [00:22<00:51,  
2.85sim/s]
[SIMULATOR] Monte Carlo:  28%|[32m##7       [0m| 55/200 [00:22<00:51,  
2.80sim/s]
[SIMULATOR] Monte Carlo:  28%|[32m##8       [0m| 56/200 [00:23<00:53,  
2.67sim/s]
[SIMULATOR] Monte Carlo:  28%|[32m##8       [0m| 57/200 [00:23<00:56,  
2.55sim/s]
[SIMULATOR] Monte Carlo:  29%|[32m##9       [0m| 58/200 [00:24<00:56,  
2.52sim/s]
[SIMULATOR] Monte Carlo:  30%|[32m##9       [0m| 59/200 [00:24<00:57,  
2.44sim/s]
[SIMULATOR] Monte Carlo:  30%|[32m###       [0m| 60/200 [00:24<00:56,  
2.50sim/s]
[SIMULATOR] Monte Carlo:  30%|[32m###       [0m| 61/200 [00:25<00:55,  
2.52sim/s]
[SIMULATOR] Monte Carlo:  31%|[32m###1      [0m| 62/200 [00:25<00:56,  
2.43sim/s]
[SIMULATOR] Monte Carlo:  32%|[32m###1      [0m| 63/200 [00:26<00:54,  
2.49sim/s]
[SIMULATOR] Monte Carlo:  32%|[32m###2      [0m| 64/200 [00:26<00:52,  
2.58sim/s]
[SIMULATOR] Monte Carlo:  32%|[32m###2      [0m| 65/200 [00:26<00:50,  
2.70sim/s]
[SIMULATOR] Monte Carlo:  33%|[32m###3      [0m| 66/200 [00:27<00:48,  
2.74sim/s]
[SIMULATOR] Monte Carlo:  34%|[32m###3      [0m| 67/200 [00:27<00:47,  
2.78sim/s]
[SIMULATOR] Monte Carlo:  34%|[32m###4      [0m| 68/200 [00:27<00:47,  
2.76sim/s]
[SIMULATOR] Monte Carlo:  34%|[32m###4      [0m| 69/200 [00:28<00:47,  
2.77sim/s]
[SIMULATOR] Monte Carlo:  35%|[32m###5      [0m| 70/200 [00:28<00:48,  
2.70sim/s]
[SIMULATOR] Monte Carlo:  36%|[32m###5      [0m| 71/200 [00:29<00:48,  
2.67sim/s]
[SIMULATOR] Monte Carlo:  36%|[32m###6      [0m| 72/200 [00:29<00:48,  
2.62sim/s]
[SIMULATOR] Monte Carlo:  36%|[32m###6      [0m| 73/200 [00:29<00:47,  
2.66sim/s]
[SIMULATOR] Monte Carlo:  37%|[32m###7      [0m| 74/200 [00:30<00:46,  
2.70sim/s]
[SIMULATOR] Monte Carlo:  38%|[32m###7      [0m| 75/200 [00:30<00:47,  
2.66sim/s]
[SIMULATOR] Monte Carlo:  38%|[32m###8      [0m| 76/200 [00:30<00:45,  
2.73sim/s]
[SIMULATOR] Monte Carlo:  38%|[32m###8      [0m| 77/200 [00:31<00:45,  
2.71sim/s]
[SIMULATOR] Monte Carlo:  39%|[32m###9      [0m| 78/200 [00:31<00:45,  
2.69sim/s]
[SIMULATOR] Monte Carlo:  40%|[32m###9      [0m| 79/200 [00:32<00:45,  
2.69sim/s]
[SIMULATOR] Monte Carlo:  40%|[32m####      [0m| 80/200 [00:32<00:44,  
2.69sim/s]
[SIMULATOR] Monte Carlo:  40%|[32m####      [0m| 81/200 [00:32<00:43,  
2.74sim/s]
[SIMULATOR] Monte Carlo:  41%|[32m####1     [0m| 82/200 [00:33<00:42,  
2.75sim/s]
[SIMULATOR] Monte Carlo:  42%|[32m####1     [0m| 83/200 [00:33<00:42,  
2.73sim/s]
[SIMULATOR] Monte Carlo:  42%|[32m####2     [0m| 84/200 [00:33<00:42,  
2.74sim/s]
[SIMULATOR] Monte Carlo:  42%|[32m####2     [0m| 85/200 [00:34<00:41,  
2.74sim/s]
[SIMULATOR] Monte Carlo:  43%|[32m####3     [0m| 86/200 [00:34<00:42,  
2.69sim/s]
[SIMULATOR] Monte Carlo:  44%|[32m####3     [0m| 87/200 [00:34<00:41,  
2.72sim/s]
[SIMULATOR] Monte Carlo:  44%|[32m####4     [0m| 88/200 [00:35<00:40,  
2.77sim/s]
[SIMULATOR] Monte Carlo:  44%|[32m####4     [0m| 89/200 [00:35<00:40,  
2.74sim/s]
[SIMULATOR] Monte Carlo:  45%|[32m####5     [0m| 90/200 [00:36<00:40,  
2.73sim/s]
[SIMULATOR] Monte Carlo:  46%|[32m####5     [0m| 91/200 [00:36<00:41,  
2.61sim/s]
[SIMULATOR] Monte Carlo:  46%|[32m####6     [0m| 92/200 [00:36<00:41,  
2.63sim/s]
[SIMULATOR] Monte Carlo:  46%|[32m####6     [0m| 93/200 [00:37<00:39,  
2.71sim/s]
[SIMULATOR] Monte Carlo:  47%|[32m####6     [0m| 94/200 [00:37<00:37,  
2.80sim/s]
[SIMULATOR] Monte Carlo:  48%|[32m####7     [0m| 95/200 [00:37<00:36,  
2.86sim/s]
[SIMULATOR] Monte Carlo:  48%|[32m####8     [0m| 96/200 [00:38<00:35,  
2.93sim/s]
[SIMULATOR] Monte Carlo:  48%|[32m####8     [0m| 97/200 [00:38<00:35,  
2.93sim/s]
[SIMULATOR] Monte Carlo:  49%|[32m####9     [0m| 98/200 [00:38<00:34,  
2.98sim/s]
[SIMULATOR] Monte Carlo:  50%|[32m####9     [0m| 99/200 [00:39<00:33,  
2.98sim/s]
[SIMULATOR] Monte Carlo:  50%|[32m#####     [0m| 100/200 [00:39<00:34,  
2.93sim/s]
[SIMULATOR] Monte Carlo:  50%|[32m#####     [0m| 101/200 [00:39<00:33,  
2.93sim/s]
[SIMULATOR] Monte Carlo:  51%|[32m#####1    [0m| 102/200 [00:40<00:33,  
2.89sim/s]
[SIMULATOR] Monte Carlo:  52%|[32m#####1    [0m| 103/200 [00:40<00:33,  
2.90sim/s]
[SIMULATOR] Monte Carlo:  52%|[32m#####2    [0m| 104/200 [00:40<00:33,  
2.88sim/s]
[SIMULATOR] Monte Carlo:  52%|[32m#####2    [0m| 105/200 [00:41<00:32,  
2.91sim/s]
[SIMULATOR] Monte Carlo:  53%|[32m#####3    [0m| 106/200 [00:41<00:32,  
2.88sim/s]
[SIMULATOR] Monte Carlo:  54%|[32m#####3    [0m| 107/200 [00:41<00:31,  
2.95sim/s]
[SIMULATOR] Monte Carlo:  54%|[32m#####4    [0m| 108/200 [00:42<00:31,  
2.93sim/s]
[SIMULATOR] Monte Carlo:  55%|[32m#####4    [0m| 109/200 [00:42<00:31,  
2.93sim/s]
[SIMULATOR] Monte Carlo:  55%|[32m#####5    [0m| 110/200 [00:43<00:31,  
2.82sim/s]
[SIMULATOR] Monte Carlo:  56%|[32m#####5    [0m| 111/200 [00:43<00:31,  
2.87sim/s]
[SIMULATOR] Monte Carlo:  56%|[32m#####6    [0m| 112/200 [00:43<00:29,  
2.94sim/s]
[SIMULATOR] Monte Carlo:  56%|[32m#####6    [0m| 113/200 [00:44<00:30,  
2.89sim/s]
[SIMULATOR] Monte Carlo:  57%|[32m#####6    [0m| 114/200 [00:44<00:30,  
2.83sim/s]
[SIMULATOR] Monte Carlo:  57%|[32m#####7    [0m| 115/200 [00:44<00:29,  
2.88sim/s]
[SIMULATOR] Monte Carlo:  58%|[32m#####8    [0m| 116/200 [00:45<00:29,  
2.89sim/s]
[SIMULATOR] Monte Carlo:  58%|[32m#####8    [0m| 117/200 [00:45<00:29,  
2.81sim/s]
[SIMULATOR] Monte Carlo:  59%|[32m#####8    [0m| 118/200 [00:45<00:29,  
2.74sim/s]
[SIMULATOR] Monte Carlo:  60%|[32m#####9    [0m| 119/200 [00:46<00:30,  
2.70sim/s]
[SIMULATOR] Monte Carlo:  60%|[32m######    [0m| 120/200 [00:46<00:30,  
2.62sim/s]
[SIMULATOR] Monte Carlo:  60%|[32m######    [0m| 121/200 [00:46<00:29,  
2.70sim/s]
[SIMULATOR] Monte Carlo:  61%|[32m######1   [0m| 122/200 [00:47<00:27,  
2.80sim/s]
[SIMULATOR] Monte Carlo:  62%|[32m######1   [0m| 123/200 [00:47<00:26,  
2.88sim/s]
[SIMULATOR] Monte Carlo:  62%|[32m######2   [0m| 124/200 [00:47<00:26,  
2.92sim/s]
[SIMULATOR] Monte Carlo:  62%|[32m######2   [0m| 125/200 [00:48<00:26,  
2.88sim/s]
[SIMULATOR] Monte Carlo:  63%|[32m######3   [0m| 126/200 [00:48<00:25,  
2.94sim/s]
[SIMULATOR] Monte Carlo:  64%|[32m######3   [0m| 127/200 [00:48<00:24,  
2.97sim/s]
[SIMULATOR] Monte Carlo:  64%|[32m######4   [0m| 128/200 [00:49<00:23,  
3.03sim/s]
[SIMULATOR] Monte Carlo:  64%|[32m######4   [0m| 129/200 [00:49<00:23,  
3.06sim/s]
[SIMULATOR] Monte Carlo:  65%|[32m######5   [0m| 130/200 [00:49<00:22,  
3.12sim/s]
[SIMULATOR] Monte Carlo:  66%|[32m######5   [0m| 131/200 [00:50<00:22,  
3.06sim/s]
[SIMULATOR] Monte Carlo:  66%|[32m######6   [0m| 132/200 [00:50<00:22,  
2.96sim/s]
[SIMULATOR] Monte Carlo:  66%|[32m######6   [0m| 133/200 [00:50<00:22,  
3.01sim/s]
[SIMULATOR] Monte Carlo:  67%|[32m######7   [0m| 134/200 [00:51<00:21,  
3.02sim/s]
[SIMULATOR] Monte Carlo:  68%|[32m######7   [0m| 135/200 [00:51<00:21,  
2.98sim/s]
[SIMULATOR] Monte Carlo:  68%|[32m######8   [0m| 136/200 [00:51<00:21,  
2.98sim/s]
[SIMULATOR] Monte Carlo:  68%|[32m######8   [0m| 137/200 [00:52<00:21,  
2.96sim/s]
[SIMULATOR] Monte Carlo:  69%|[32m######9   [0m| 138/200 [00:52<00:21,  
2.84sim/s]
[SIMULATOR] Monte Carlo:  70%|[32m######9   [0m| 139/200 [00:52<00:20,  
2.91sim/s]
[SIMULATOR] Monte Carlo:  70%|[32m#######   [0m| 140/200 [00:53<00:20,  
2.93sim/s]
[SIMULATOR] Monte Carlo:  70%|[32m#######   [0m| 141/200 [00:53<00:19,  
2.96sim/s]
[SIMULATOR] Monte Carlo:  71%|[32m#######1  [0m| 142/200 [00:53<00:19,  
2.99sim/s]
[SIMULATOR] Monte Carlo:  72%|[32m#######1  [0m| 143/200 [00:54<00:19,  
2.96sim/s]
[SIMULATOR] Monte Carlo:  72%|[32m#######2  [0m| 144/200 [00:54<00:19,  
2.93sim/s]
[SIMULATOR] Monte Carlo:  72%|[32m#######2  [0m| 145/200 [00:55<00:19,  
2.87sim/s]
[SIMULATOR] Monte Carlo:  73%|[32m#######3  [0m| 146/200 [00:55<00:18,  
2.89sim/s]
[SIMULATOR] Monte Carlo:  74%|[32m#######3  [0m| 147/200 [00:55<00:19,  
2.76sim/s]
[SIMULATOR] Monte Carlo:  74%|[32m#######4  [0m| 148/200 [00:56<00:19,  
2.68sim/s]
[SIMULATOR] Monte Carlo:  74%|[32m#######4  [0m| 149/200 [00:56<00:19,  
2.61sim/s]
[SIMULATOR] Monte Carlo:  75%|[32m#######5  [0m| 150/200 [00:56<00:19,  
2.61sim/s]
[SIMULATOR] Monte Carlo:  76%|[32m#######5  [0m| 151/200 [00:57<00:18,  
2.59sim/s]
[SIMULATOR] Monte Carlo:  76%|[32m#######6  [0m| 152/200 [00:57<00:18,  
2.63sim/s]
[SIMULATOR] Monte Carlo:  76%|[32m#######6  [0m| 153/200 [00:58<00:17,  
2.67sim/s]
[SIMULATOR] Monte Carlo:  77%|[32m#######7  [0m| 154/200 [00:58<00:17,  
2.68sim/s]
[SIMULATOR] Monte Carlo:  78%|[32m#######7  [0m| 155/200 [00:58<00:16,  
2.77sim/s]
[SIMULATOR] Monte Carlo:  78%|[32m#######8  [0m| 156/200 [00:59<00:15,  
2.83sim/s]
[SIMULATOR] Monte Carlo:  78%|[32m#######8  [0m| 157/200 [00:59<00:15,  
2.79sim/s]
[SIMULATOR] Monte Carlo:  79%|[32m#######9  [0m| 158/200 [00:59<00:15,  
2.74sim/s]
[SIMULATOR] Monte Carlo:  80%|[32m#######9  [0m| 159/200 [01:00<00:14,  
2.81sim/s]
[SIMULATOR] Monte Carlo:  80%|[32m########  [0m| 160/200 [01:00<00:14,  
2.86sim/s]
[SIMULATOR] Monte Carlo:  80%|[32m########  [0m| 161/200 [01:00<00:13,  
2.86sim/s]
[SIMULATOR] Monte Carlo:  81%|[32m########1 [0m| 162/200 [01:01<00:13,  
2.83sim/s]
[SIMULATOR] Monte Carlo:  82%|[32m########1 [0m| 163/200 [01:01<00:13,  
2.81sim/s]
[SIMULATOR] Monte Carlo:  82%|[32m########2 [0m| 164/200 [01:01<00:12,  
2.80sim/s]
[SIMULATOR] Monte Carlo:  82%|[32m########2 [0m| 165/200 [01:02<00:12,  
2.88sim/s]
[SIMULATOR] Monte Carlo:  83%|[32m########2 [0m| 166/200 [01:02<00:11,  
2.89sim/s]
[SIMULATOR] Monte Carlo:  84%|[32m########3 [0m| 167/200 [01:03<00:11,  
2.84sim/s]
[SIMULATOR] Monte Carlo:  84%|[32m########4 [0m| 168/200 [01:03<00:11,  
2.88sim/s]
[SIMULATOR] Monte Carlo:  84%|[32m########4 [0m| 169/200 [01:03<00:10,  
2.83sim/s]
[SIMULATOR] Monte Carlo:  85%|[32m########5 [0m| 170/200 [01:04<00:11,  
2.68sim/s]
[SIMULATOR] Monte Carlo:  86%|[32m########5 [0m| 171/200 [01:04<00:10,  
2.65sim/s]
[SIMULATOR] Monte Carlo:  86%|[32m########6 [0m| 172/200 [01:04<00:10,  
2.71sim/s]
[SIMULATOR] Monte Carlo:  86%|[32m########6 [0m| 173/200 [01:05<00:10,  
2.69sim/s]
[SIMULATOR] Monte Carlo:  87%|[32m########7 [0m| 174/200 [01:05<00:09,  
2.65sim/s]
[SIMULATOR] Monte Carlo:  88%|[32m########7 [0m| 175/200 [01:06<00:09,  
2.70sim/s]
[SIMULATOR] Monte Carlo:  88%|[32m########8 [0m| 176/200 [01:06<00:09,  
2.65sim/s]
[SIMULATOR] Monte Carlo:  88%|[32m########8 [0m| 177/200 [01:06<00:08,  
2.67sim/s]
[SIMULATOR] Monte Carlo:  89%|[32m########9 [0m| 178/200 [01:07<00:08,  
2.60sim/s]
[SIMULATOR] Monte Carlo:  90%|[32m########9 [0m| 179/200 [01:07<00:07,  
2.64sim/s]
[SIMULATOR] Monte Carlo:  90%|[32m######### [0m| 180/200 [01:07<00:07,  
2.69sim/s]
[SIMULATOR] Monte Carlo:  90%|[32m######### [0m| 181/200 [01:08<00:07,  
2.69sim/s]
[SIMULATOR] Monte Carlo:  91%|[32m#########1[0m| 182/200 [01:08<00:06,  
2.72sim/s]
[SIMULATOR] Monte Carlo:  92%|[32m#########1[0m| 183/200 [01:08<00:06,  
2.75sim/s]
[SIMULATOR] Monte Carlo:  92%|[32m#########2[0m| 184/200 [01:09<00:05,  
2.73sim/s]
[SIMULATOR] Monte Carlo:  92%|[32m#########2[0m| 185/200 [01:09<00:05,  
2.77sim/s]
[SIMULATOR] Monte Carlo:  93%|[32m#########3[0m| 186/200 [01:10<00:05,  
2.71sim/s]
[SIMULATOR] Monte Carlo:  94%|[32m#########3[0m| 187/200 [01:10<00:04,  
2.79sim/s]
[SIMULATOR] Monte Carlo:  94%|[32m#########3[0m| 188/200 [01:10<00:04,  
2.78sim/s]
[SIMULATOR] Monte Carlo:  94%|[32m#########4[0m| 189/200 [01:11<00:03,  
2.82sim/s]
[SIMULATOR] Monte Carlo:  95%|[32m#########5[0m| 190/200 [01:11<00:03,  
2.89sim/s]
[SIMULATOR] Monte Carlo:  96%|[32m#########5[0m| 191/200 [01:11<00:03,  
2.88sim/s]
[SIMULATOR] Monte Carlo:  96%|[32m#########6[0m| 192/200 [01:12<00:02,  
2.91sim/s]
[SIMULATOR] Monte Carlo:  96%|[32m#########6[0m| 193/200 [01:12<00:02,  
2.92sim/s]
[SIMULATOR] Monte Carlo:  97%|[32m#########7[0m| 194/200 [01:12<00:02,  
2.89sim/s]
[SIMULATOR] Monte Carlo:  98%|[32m#########7[0m| 195/200 [01:13<00:01,  
2.91sim/s]
[SIMULATOR] Monte Carlo:  98%|[32m#########8[0m| 196/200 [01:13<00:01,  
2.93sim/s]
[SIMULATOR] Monte Carlo:  98%|[32m#########8[0m| 197/200 [01:13<00:01,  
2.97sim/s]
[SIMULATOR] Monte Carlo:  99%|[32m#########9[0m| 198/200 [01:14<00:00,  
2.92sim/s]
[SIMULATOR] Monte Carlo: 100%|[32m#########9[0m| 199/200 [01:14<00:00,  
2.92sim/s]
[SIMULATOR] Monte Carlo: 100%|[32m##########[0m| 200/200 [01:14<00:00,  
2.93sim/s]
[SIMULATOR] Monte Carlo: 100%|[32m##########[0m| 200/200 [01:14<00:00,  
2.67sim/s]
[SIMULATOR] Simulations complete!

[OPTIMIZER] Starting Bayesian optimization (gp_minimize)...
  n_calls: 40
  EPT constraint: max increase = 10 min

[OPTIMIZER] Bayesian Search:   0%|          | 0/40 [00:00<?, ?iter/s]
[OPTIMIZER] Bayesian Search:   2%|2         | 1/40 [00:00<00:12,  3.01iter/s]
[OPTIMIZER] Bayesian Search:   5%|5         | 2/40 [00:00<00:13,  2.78iter/s]
[OPTIMIZER] Bayesian Search:   8%|7         | 3/40 [00:01<00:14,  2.60iter/s]
[OPTIMIZER] Bayesian Search:  10%|#         | 4/40 [00:01<00:13,  2.64iter/s]
[OPTIMIZER] Bayesian Search:  12%|#2        | 5/40 [00:02<00:15,  2.28iter/s]
[OPTIMIZER] Bayesian Search:  15%|#5        | 6/40 [00:02<00:16,  2.11iter/s]
[OPTIMIZER] Bayesian Search:  18%|#7        | 7/40 [00:03<00:16,  1.98iter/s]
[OPTIMIZER] Bayesian Search:  20%|##        | 8/40 [00:03<00:16,  1.99iter/s]
[OPTIMIZER] Bayesian Search:  22%|##2       | 9/40 [00:04<00:15,  1.95iter/s]
[OPTIMIZER] Bayesian Search:  25%|##5       | 10/40 [00:04<00:15,  1.90iter/s]
[OPTIMIZER] Bayesian Search:  28%|##7       | 11/40 [00:05<00:14,  1.95iter/s]
[OPTIMIZER] Bayesian Search:  30%|###       | 12/40 [00:05<00:14,  1.94iter/s]
[OPTIMIZER] Bayesian Search:  32%|###2      | 13/40 [00:06<00:14,  1.84iter/s]
[OPTIMIZER] Bayesian Search:  35%|###5      | 14/40 [00:06<00:13,  1.89iter/s]
[OPTIMIZER] Bayesian Search:  38%|###7      | 15/40 [00:07<00:12,  1.92iter/s]
[OPTIMIZER] Bayesian Search:  40%|####      | 16/40 [00:07<00:12,  1.98iter/s]
[OPTIMIZER] Bayesian Search:  42%|####2     | 17/40 [00:08<00:11,  1.92iter/s]
[OPTIMIZER] Bayesian Search:  45%|####5     | 18/40 [00:08<00:11,  1.98iter/s]
[OPTIMIZER] Bayesian Search:  48%|####7     | 19/40 [00:09<00:10,  1.96iter/s]
[OPTIMIZER] Bayesian Search:  50%|#####     | 20/40 [00:09<00:10,  1.98iter/s]
[OPTIMIZER] Bayesian Search:  52%|#####2    | 21/40 [00:10<00:09,  1.95iter/s]
[OPTIMIZER] Bayesian Search:  55%|#####5    | 22/40 [00:10<00:09,  1.92iter/s]
[OPTIMIZER] Bayesian Search:  57%|#####7    | 23/40 [00:11<00:08,  1.93iter/s]
[OPTIMIZER] Bayesian Search:  60%|######    | 24/40 [00:12<00:08,  1.84iter/s]
[OPTIMIZER] Bayesian Search:  62%|######2   | 25/40 [00:12<00:08,  1.83iter/s]
[OPTIMIZER] Bayesian Search:  65%|######5   | 26/40 [00:13<00:08,  1.75iter/s]
[OPTIMIZER] Bayesian Search:  68%|######7   | 27/40 [00:13<00:07,  1.75iter/s]
[OPTIMIZER] Bayesian Search:  70%|#######   | 28/40 [00:14<00:06,  1.76iter/s]
[OPTIMIZER] Bayesian Search:  72%|#######2  | 29/40 [00:14<00:06,  1.78iter/s]
[OPTIMIZER] Bayesian Search:  75%|#######5  | 30/40 [00:15<00:05,  1.83iter/s]
[OPTIMIZER] Bayesian Search:  78%|#######7  | 31/40 [00:15<00:04,  1.84iter/s]
[OPTIMIZER] Bayesian Search:  80%|########  | 32/40 [00:16<00:04,  1.85iter/s]
[OPTIMIZER] Bayesian Search:  82%|########2 | 33/40 [00:17<00:03,  1.84iter/s]
[OPTIMIZER] Bayesian Search:  85%|########5 | 34/40 [00:17<00:03,  1.80iter/s]
[OPTIMIZER] Bayesian Search:  88%|########7 | 35/40 [00:18<00:02,  1.75iter/s]
[OPTIMIZER] Bayesian Search:  90%|######### | 36/40 [00:18<00:02,  1.71iter/s]
[OPTIMIZER] Bayesian Search:  92%|#########2| 37/40 [00:19<00:01,  1.73iter/s]
[OPTIMIZER] Bayesian Search:  95%|#########5| 38/40 [00:20<00:01,  1.66iter/s]
[OPTIMIZER] Bayesian Search:  98%|#########7| 39/40 [00:20<00:00,  1.62iter/s]
[OPTIMIZER] Bayesian Search: 100%|##########| 40/40 [00:21<00:00,  1.54iter/s]
[OPTIMIZER] Bayesian Search: 100%|##########| 40/40 [00:21<00:00,  1.87iter/s]
  Iteration 5: loss=0.722, awt_imp=0.01, ept_inc=0.16, weighted_gain=-0.055
  Iteration 10: loss=4.806, awt_imp=-0.11, ept_inc=0.26, weighted_gain=-0.167
  Iteration 15: loss=0.002, awt_imp=0.03, ept_inc=0.05, weighted_gain=0.001
  Iteration 20: loss=-0.021, awt_imp=0.05, ept_inc=0.03, weighted_gain=0.021
  Iteration 25: loss=-0.021, awt_imp=0.05, ept_inc=0.03, weighted_gain=0.021
  Iteration 30: loss=0.002, awt_imp=0.03, ept_inc=0.05, weighted_gain=0.001
  Iteration 35: loss=-0.029, awt_imp=0.05, ept_inc=0.01, weighted_gain=0.029
  Iteration 40: loss=-0.015, awt_imp=0.04, ept_inc=0.03, weighted_gain=0.015
[OPTIMIZER] Optimization complete!
  Best loss: -0.035
  Best params: u1=12, u2=3, u3=12, delta_ept=2.00, duracion_hdm=10

======================================================================
OPTIMIZATION RESULTS
======================================================================

Optimal HDM Configuration:
  u1 (ordenes threshold):    12
  u2 (riders threshold):     3
  u3 (AWT threshold):        12 minutes
  delta_ept (EPT increase):  2.00 minutes
  duracion_hdm (duration):   10 minutes

Objective value (loss):  -0.035
======================================================================


[OPTIMIZER] Extracted 2 strategic profiles
  Agresiva: AWT improvement 0.06 min, EPT increase 0.01 min, Activation rate 0.0%
  Equilibrada: AWT improvement 0.06 min, EPT increase 0.01 min, Activation rate 0.0%

  [2/9] Processing partner 161827...

  [PARTNER 161827] Kfc Calama | 2026-02-23 to 2026-03-01 | 10080 rows

[ANALYTICS] Starting exploratory analysis...

============================================================
BASELINE METRICS
============================================================

Ordenes Pendientes:
  Promedio: 1.65
  Std Dev: 2.76
  P50: 0.0
  P95: 8.0

Riders Cerca:
  Promedio: 0.62
  Std Dev: 1.06
  P50: 0.0
  P95: 3.0

AWT (Avoidable Wait Time):
  Promedio: 3.69 min
  Std Dev: 7.22
  P50: 0.0 min
  P95: 18.9 min

HDM Activation:
  Total activations: 1261
  Activation rate: 12.51%

EPT WIP (Suavizado):
  Promedio: 7.27 min
  P95: 24.23 min

EPT WIP (Original):
  Promedio: 8.17 min
  P95: 27.00 min

EPT (Estimated Prep Time):
  Promedio: 7.27 min
  P95: 24.23 min
============================================================


============================================================
CORRELATION MATRIX
============================================================
                           ordenes_pendientes  ...  ept_promedio_min_smoothed
ordenes_pendientes                      1.000  ...                      0.803
riders_cerca                            0.694  ...                      0.652
max_awt_espera_min                      0.560  ...                      0.541
hdm_activo                              0.525  ...                      0.517
ept_promedio                            0.803  ...                      1.000
ept_promedio_min                        0.830  ...                      0.957
ept_promedio_min_smoothed               0.803  ...                      1.000

[7 rows x 7 columns]
============================================================


============================================================
TRAINING PREDICTIVE MODELS
============================================================

[MODEL] AWT Predictor (linear_regression) trained:
  Train RMSE: 4.532
  Test RMSE: 4.404
  Test MAE: 2.001
  Test R▓: 0.619

[MODEL] EPT Predictor (linear_regression) trained:
  Test RMSE: 5.245
  Test MAE: 3.925
  Test R▓: 0.692

[SIMULATOR] Running 200 Monte Carlo simulations...

[SIMULATOR] Monte Carlo:   0%|[32m          [0m| 0/200 [00:00<?, ?sim/s]
[SIMULATOR] Monte Carlo:   0%|[32m          [0m| 1/200 [00:00<01:14,  
2.67sim/s]
[SIMULATOR] Monte Carlo:   1%|[32m1         [0m| 2/200 [00:00<01:15,  
2.62sim/s]
[SIMULATOR] Monte Carlo:   2%|[32m1         [0m| 3/200 [00:01<01:14,  
2.66sim/s]
[SIMULATOR] Monte Carlo:   2%|[32m2         [0m| 4/200 [00:01<01:13,  
2.68sim/s]
[SIMULATOR] Monte Carlo:   2%|[32m2         [0m| 5/200 [00:01<01:11,  
2.74sim/s]
[SIMULATOR] Monte Carlo:   3%|[32m3         [0m| 6/200 [00:02<01:09,  
2.79sim/s]
[SIMULATOR] Monte Carlo:   4%|[32m3         [0m| 7/200 [00:02<01:09,  
2.80sim/s]
[SIMULATOR] Monte Carlo:   4%|[32m4         [0m| 8/200 [00:02<01:08,  
2.80sim/s]
[SIMULATOR] Monte Carlo:   4%|[32m4         [0m| 9/200 [00:03<01:09,  
2.75sim/s]
[SIMULATOR] Monte Carlo:   5%|[32m5         [0m| 10/200 [00:03<01:10,  
2.71sim/s]
[SIMULATOR] Monte Carlo:   6%|[32m5         [0m| 11/200 [00:04<01:08,  
2.75sim/s]
[SIMULATOR] Monte Carlo:   6%|[32m6         [0m| 12/200 [00:04<01:08,  
2.76sim/s]
[SIMULATOR] Monte Carlo:   6%|[32m6         [0m| 13/200 [00:04<01:07,  
2.75sim/s]
[SIMULATOR] Monte Carlo:   7%|[32m7         [0m| 14/200 [00:05<01:06,  
2.78sim/s]
[SIMULATOR] Monte Carlo:   8%|[32m7         [0m| 15/200 [00:05<01:07,  
2.76sim/s]
[SIMULATOR] Monte Carlo:   8%|[32m8         [0m| 16/200 [00:05<01:06,  
2.76sim/s]
[SIMULATOR] Monte Carlo:   8%|[32m8         [0m| 17/200 [00:06<01:06,  
2.74sim/s]
[SIMULATOR] Monte Carlo:   9%|[32m9         [0m| 18/200 [00:06<01:06,  
2.73sim/s]
[SIMULATOR] Monte Carlo:  10%|[32m9         [0m| 19/200 [00:06<01:06,  
2.72sim/s]
[SIMULATOR] Monte Carlo:  10%|[32m#         [0m| 20/200 [00:07<01:05,  
2.74sim/s]
[SIMULATOR] Monte Carlo:  10%|[32m#         [0m| 21/200 [00:07<01:06,  
2.68sim/s]
[SIMULATOR] Monte Carlo:  11%|[32m#1        [0m| 22/200 [00:08<01:05,  
2.73sim/s]
[SIMULATOR] Monte Carlo:  12%|[32m#1        [0m| 23/200 [00:08<01:04,  
2.77sim/s]
[SIMULATOR] Monte Carlo:  12%|[32m#2        [0m| 24/200 [00:08<01:03,  
2.76sim/s]
[SIMULATOR] Monte Carlo:  12%|[32m#2        [0m| 25/200 [00:09<01:03,  
2.74sim/s]
[SIMULATOR] Monte Carlo:  13%|[32m#3        [0m| 26/200 [00:09<01:04,  
2.68sim/s]
[SIMULATOR] Monte Carlo:  14%|[32m#3        [0m| 27/200 [00:09<01:05,  
2.66sim/s]
[SIMULATOR] Monte Carlo:  14%|[32m#4        [0m| 28/200 [00:10<01:05,  
2.62sim/s]
[SIMULATOR] Monte Carlo:  14%|[32m#4        [0m| 29/200 [00:10<01:04,  
2.66sim/s]
[SIMULATOR] Monte Carlo:  15%|[32m#5        [0m| 30/200 [00:11<01:04,  
2.65sim/s]
[SIMULATOR] Monte Carlo:  16%|[32m#5        [0m| 31/200 [00:11<01:03,  
2.66sim/s]
[SIMULATOR] Monte Carlo:  16%|[32m#6        [0m| 32/200 [00:11<01:02,  
2.67sim/s]
[SIMULATOR] Monte Carlo:  16%|[32m#6        [0m| 33/200 [00:12<01:01,  
2.71sim/s]
[SIMULATOR] Monte Carlo:  17%|[32m#7        [0m| 34/200 [00:12<01:00,  
2.74sim/s]
[SIMULATOR] Monte Carlo:  18%|[32m#7        [0m| 35/200 [00:12<00:59,  
2.77sim/s]
[SIMULATOR] Monte Carlo:  18%|[32m#8        [0m| 36/200 [00:13<00:59,  
2.76sim/s]
[SIMULATOR] Monte Carlo:  18%|[32m#8        [0m| 37/200 [00:13<00:59,  
2.74sim/s]
[SIMULATOR] Monte Carlo:  19%|[32m#9        [0m| 38/200 [00:13<00:59,  
2.72sim/s]
[SIMULATOR] Monte Carlo:  20%|[32m#9        [0m| 39/200 [00:14<00:58,  
2.74sim/s]
[SIMULATOR] Monte Carlo:  20%|[32m##        [0m| 40/200 [00:14<00:58,  
2.75sim/s]
[SIMULATOR] Monte Carlo:  20%|[32m##        [0m| 41/200 [00:15<00:58,  
2.72sim/s]
[SIMULATOR] Monte Carlo:  21%|[32m##1       [0m| 42/200 [00:15<00:57,  
2.74sim/s]
[SIMULATOR] Monte Carlo:  22%|[32m##1       [0m| 43/200 [00:15<00:56,  
2.76sim/s]
[SIMULATOR] Monte Carlo:  22%|[32m##2       [0m| 44/200 [00:16<00:56,  
2.76sim/s]
[SIMULATOR] Monte Carlo:  22%|[32m##2       [0m| 45/200 [00:16<00:57,  
2.72sim/s]
[SIMULATOR] Monte Carlo:  23%|[32m##3       [0m| 46/200 [00:16<00:59,  
2.61sim/s]
[SIMULATOR] Monte Carlo:  24%|[32m##3       [0m| 47/200 [00:17<00:59,  
2.58sim/s]
[SIMULATOR] Monte Carlo:  24%|[32m##4       [0m| 48/200 [00:17<00:57,  
2.64sim/s]
[SIMULATOR] Monte Carlo:  24%|[32m##4       [0m| 49/200 [00:18<00:58,  
2.60sim/s]
[SIMULATOR] Monte Carlo:  25%|[32m##5       [0m| 50/200 [00:18<00:56,  
2.67sim/s]
[SIMULATOR] Monte Carlo:  26%|[32m##5       [0m| 51/200 [00:18<00:55,  
2.68sim/s]
[SIMULATOR] Monte Carlo:  26%|[32m##6       [0m| 52/200 [00:19<00:54,  
2.71sim/s]
[SIMULATOR] Monte Carlo:  26%|[32m##6       [0m| 53/200 [00:19<00:55,  
2.67sim/s]
[SIMULATOR] Monte Carlo:  27%|[32m##7       [0m| 54/200 [00:19<00:55,  
2.64sim/s]
[SIMULATOR] Monte Carlo:  28%|[32m##7       [0m| 55/200 [00:20<00:54,  
2.66sim/s]
[SIMULATOR] Monte Carlo:  28%|[32m##8       [0m| 56/200 [00:20<00:53,  
2.70sim/s]
[SIMULATOR] Monte Carlo:  28%|[32m##8       [0m| 57/200 [00:21<00:53,  
2.69sim/s]
[SIMULATOR] Monte Carlo:  29%|[32m##9       [0m| 58/200 [00:21<00:52,  
2.70sim/s]
[SIMULATOR] Monte Carlo:  30%|[32m##9       [0m| 59/200 [00:21<00:52,  
2.70sim/s]
[SIMULATOR] Monte Carlo:  30%|[32m###       [0m| 60/200 [00:22<00:52,  
2.69sim/s]
[SIMULATOR] Monte Carlo:  30%|[32m###       [0m| 61/200 [00:22<00:50,  
2.75sim/s]
[SIMULATOR] Monte Carlo:  31%|[32m###1      [0m| 62/200 [00:22<00:50,  
2.74sim/s]
[SIMULATOR] Monte Carlo:  32%|[32m###1      [0m| 63/200 [00:23<00:50,  
2.72sim/s]
[SIMULATOR] Monte Carlo:  32%|[32m###2      [0m| 64/200 [00:23<00:49,  
2.75sim/s]
[SIMULATOR] Monte Carlo:  32%|[32m###2      [0m| 65/200 [00:23<00:49,  
2.75sim/s]
[SIMULATOR] Monte Carlo:  33%|[32m###3      [0m| 66/200 [00:24<00:49,  
2.73sim/s]
[SIMULATOR] Monte Carlo:  34%|[32m###3      [0m| 67/200 [00:24<00:49,  
2.70sim/s]
[SIMULATOR] Monte Carlo:  34%|[32m###4      [0m| 68/200 [00:25<00:49,  
2.69sim/s]
[SIMULATOR] Monte Carlo:  34%|[32m###4      [0m| 69/200 [00:25<00:48,  
2.68sim/s]
[SIMULATOR] Monte Carlo:  35%|[32m###5      [0m| 70/200 [00:25<00:48,  
2.70sim/s]
[SIMULATOR] Monte Carlo:  36%|[32m###5      [0m| 71/200 [00:26<00:47,  
2.69sim/s]
[SIMULATOR] Monte Carlo:  36%|[32m###6      [0m| 72/200 [00:26<00:47,  
2.70sim/s]
[SIMULATOR] Monte Carlo:  36%|[32m###6      [0m| 73/200 [00:26<00:46,  
2.72sim/s]
[SIMULATOR] Monte Carlo:  37%|[32m###7      [0m| 74/200 [00:27<00:46,  
2.73sim/s]
[SIMULATOR] Monte Carlo:  38%|[32m###7      [0m| 75/200 [00:27<00:46,  
2.72sim/s]
[SIMULATOR] Monte Carlo:  38%|[32m###8      [0m| 76/200 [00:28<00:45,  
2.74sim/s]
[SIMULATOR] Monte Carlo:  38%|[32m###8      [0m| 77/200 [00:28<00:44,  
2.74sim/s]
[SIMULATOR] Monte Carlo:  39%|[32m###9      [0m| 78/200 [00:28<00:44,  
2.72sim/s]
[SIMULATOR] Monte Carlo:  40%|[32m###9      [0m| 79/200 [00:29<00:44,  
2.71sim/s]
[SIMULATOR] Monte Carlo:  40%|[32m####      [0m| 80/200 [00:29<00:44,  
2.69sim/s]
[SIMULATOR] Monte Carlo:  40%|[32m####      [0m| 81/200 [00:29<00:44,  
2.65sim/s]
[SIMULATOR] Monte Carlo:  41%|[32m####1     [0m| 82/200 [00:30<00:44,  
2.68sim/s]
[SIMULATOR] Monte Carlo:  42%|[32m####1     [0m| 83/200 [00:30<00:43,  
2.72sim/s]
[SIMULATOR] Monte Carlo:  42%|[32m####2     [0m| 84/200 [00:31<00:43,  
2.69sim/s]
[SIMULATOR] Monte Carlo:  42%|[32m####2     [0m| 85/200 [00:31<00:42,  
2.70sim/s]
[SIMULATOR] Monte Carlo:  43%|[32m####3     [0m| 86/200 [00:31<00:42,  
2.71sim/s]
[SIMULATOR] Monte Carlo:  44%|[32m####3     [0m| 87/200 [00:32<00:42,  
2.64sim/s]
[SIMULATOR] Monte Carlo:  44%|[32m####4     [0m| 88/200 [00:32<00:42,  
2.66sim/s]
[SIMULATOR] Monte Carlo:  44%|[32m####4     [0m| 89/200 [00:32<00:41,  
2.71sim/s]
[SIMULATOR] Monte Carlo:  45%|[32m####5     [0m| 90/200 [00:33<00:40,  
2.72sim/s]
[SIMULATOR] Monte Carlo:  46%|[32m####5     [0m| 91/200 [00:33<00:40,  
2.72sim/s]
[SIMULATOR] Monte Carlo:  46%|[32m####6     [0m| 92/200 [00:33<00:39,  
2.76sim/s]
[SIMULATOR] Monte Carlo:  46%|[32m####6     [0m| 93/200 [00:34<00:38,  
2.76sim/s]
[SIMULATOR] Monte Carlo:  47%|[32m####6     [0m| 94/200 [00:34<00:38,  
2.76sim/s]
[SIMULATOR] Monte Carlo:  48%|[32m####7     [0m| 95/200 [00:35<00:37,  
2.77sim/s]
[SIMULATOR] Monte Carlo:  48%|[32m####8     [0m| 96/200 [00:35<00:37,  
2.77sim/s]
[SIMULATOR] Monte Carlo:  48%|[32m####8     [0m| 97/200 [00:35<00:37,  
2.78sim/s]
[SIMULATOR] Monte Carlo:  49%|[32m####9     [0m| 98/200 [00:36<00:37,  
2.74sim/s]
[SIMULATOR] Monte Carlo:  50%|[32m####9     [0m| 99/200 [00:36<00:36,  
2.75sim/s]
[SIMULATOR] Monte Carlo:  50%|[32m#####     [0m| 100/200 [00:36<00:36,  
2.78sim/s]
[SIMULATOR] Monte Carlo:  50%|[32m#####     [0m| 101/200 [00:37<00:35,  
2.80sim/s]
[SIMULATOR] Monte Carlo:  51%|[32m#####1    [0m| 102/200 [00:37<00:35,  
2.73sim/s]
[SIMULATOR] Monte Carlo:  52%|[32m#####1    [0m| 103/200 [00:37<00:35,  
2.73sim/s]
[SIMULATOR] Monte Carlo:  52%|[32m#####2    [0m| 104/200 [00:38<00:35,  
2.72sim/s]
[SIMULATOR] Monte Carlo:  52%|[32m#####2    [0m| 105/200 [00:38<00:35,  
2.71sim/s]
[SIMULATOR] Monte Carlo:  53%|[32m#####3    [0m| 106/200 [00:39<00:34,  
2.74sim/s]
[SIMULATOR] Monte Carlo:  54%|[32m#####3    [0m| 107/200 [00:39<00:34,  
2.69sim/s]
[SIMULATOR] Monte Carlo:  54%|[32m#####4    [0m| 108/200 [00:39<00:34,  
2.64sim/s]
[SIMULATOR] Monte Carlo:  55%|[32m#####4    [0m| 109/200 [00:40<00:34,  
2.65sim/s]
[SIMULATOR] Monte Carlo:  55%|[32m#####5    [0m| 110/200 [00:40<00:33,  
2.66sim/s]
[SIMULATOR] Monte Carlo:  56%|[32m#####5    [0m| 111/200 [00:40<00:32,  
2.71sim/s]
[SIMULATOR] Monte Carlo:  56%|[32m#####6    [0m| 112/200 [00:41<00:32,  
2.70sim/s]
[SIMULATOR] Monte Carlo:  56%|[32m#####6    [0m| 113/200 [00:41<00:31,  
2.72sim/s]
[SIMULATOR] Monte Carlo:  57%|[32m#####6    [0m| 114/200 [00:42<00:32,  
2.68sim/s]
[SIMULATOR] Monte Carlo:  57%|[32m#####7    [0m| 115/200 [00:42<00:31,  
2.73sim/s]
[SIMULATOR] Monte Carlo:  58%|[32m#####8    [0m| 116/200 [00:42<00:30,  
2.75sim/s]
[SIMULATOR] Monte Carlo:  58%|[32m#####8    [0m| 117/200 [00:43<00:30,  
2.72sim/s]
[SIMULATOR] Monte Carlo:  59%|[32m#####8    [0m| 118/200 [00:43<00:29,  
2.74sim/s]
[SIMULATOR] Monte Carlo:  60%|[32m#####9    [0m| 119/200 [00:43<00:29,  
2.76sim/s]
[SIMULATOR] Monte Carlo:  60%|[32m######    [0m| 120/200 [00:44<00:29,  
2.73sim/s]
[SIMULATOR] Monte Carlo:  60%|[32m######    [0m| 121/200 [00:44<00:29,  
2.72sim/s]
[SIMULATOR] Monte Carlo:  61%|[32m######1   [0m| 122/200 [00:44<00:29,  
2.68sim/s]
[SIMULATOR] Monte Carlo:  62%|[32m######1   [0m| 123/200 [00:45<00:28,  
2.67sim/s]
[SIMULATOR] Monte Carlo:  62%|[32m######2   [0m| 124/200 [00:45<00:28,  
2.65sim/s]
[SIMULATOR] Monte Carlo:  62%|[32m######2   [0m| 125/200 [00:46<00:27,  
2.71sim/s]
[SIMULATOR] Monte Carlo:  63%|[32m######3   [0m| 126/200 [00:46<00:27,  
2.66sim/s]
[SIMULATOR] Monte Carlo:  64%|[32m######3   [0m| 127/200 [00:46<00:26,  
2.72sim/s]
[SIMULATOR] Monte Carlo:  64%|[32m######4   [0m| 128/200 [00:47<00:26,  
2.75sim/s]
[SIMULATOR] Monte Carlo:  64%|[32m######4   [0m| 129/200 [00:47<00:25,  
2.76sim/s]
[SIMULATOR] Monte Carlo:  65%|[32m######5   [0m| 130/200 [00:47<00:25,  
2.76sim/s]
[SIMULATOR] Monte Carlo:  66%|[32m######5   [0m| 131/200 [00:48<00:24,  
2.76sim/s]
[SIMULATOR] Monte Carlo:  66%|[32m######6   [0m| 132/200 [00:48<00:24,  
2.77sim/s]
[SIMULATOR] Monte Carlo:  66%|[32m######6   [0m| 133/200 [00:48<00:24,  
2.75sim/s]
[SIMULATOR] Monte Carlo:  67%|[32m######7   [0m| 134/200 [00:49<00:24,  
2.67sim/s]
[SIMULATOR] Monte Carlo:  68%|[32m######7   [0m| 135/200 [00:49<00:24,  
2.64sim/s]
[SIMULATOR] Monte Carlo:  68%|[32m######8   [0m| 136/200 [00:50<00:24,  
2.62sim/s]
[SIMULATOR] Monte Carlo:  68%|[32m######8   [0m| 137/200 [00:50<00:23,  
2.65sim/s]
[SIMULATOR] Monte Carlo:  69%|[32m######9   [0m| 138/200 [00:50<00:23,  
2.67sim/s]
[SIMULATOR] Monte Carlo:  70%|[32m######9   [0m| 139/200 [00:51<00:22,  
2.71sim/s]
[SIMULATOR] Monte Carlo:  70%|[32m#######   [0m| 140/200 [00:51<00:22,  
2.70sim/s]
[SIMULATOR] Monte Carlo:  70%|[32m#######   [0m| 141/200 [00:51<00:21,  
2.73sim/s]
[SIMULATOR] Monte Carlo:  71%|[32m#######1  [0m| 142/200 [00:52<00:21,  
2.70sim/s]
[SIMULATOR] Monte Carlo:  72%|[32m#######1  [0m| 143/200 [00:52<00:20,  
2.74sim/s]
[SIMULATOR] Monte Carlo:  72%|[32m#######2  [0m| 144/200 [00:53<00:20,  
2.73sim/s]
[SIMULATOR] Monte Carlo:  72%|[32m#######2  [0m| 145/200 [00:53<00:20,  
2.74sim/s]
[SIMULATOR] Monte Carlo:  73%|[32m#######3  [0m| 146/200 [00:53<00:19,  
2.74sim/s]
[SIMULATOR] Monte Carlo:  74%|[32m#######3  [0m| 147/200 [00:54<00:19,  
2.71sim/s]
[SIMULATOR] Monte Carlo:  74%|[32m#######4  [0m| 148/200 [00:54<00:19,  
2.71sim/s]
[SIMULATOR] Monte Carlo:  74%|[32m#######4  [0m| 149/200 [00:54<00:18,  
2.73sim/s]
[SIMULATOR] Monte Carlo:  75%|[32m#######5  [0m| 150/200 [00:55<00:18,  
2.70sim/s]
[SIMULATOR] Monte Carlo:  76%|[32m#######5  [0m| 151/200 [00:55<00:18,  
2.71sim/s]
[SIMULATOR] Monte Carlo:  76%|[32m#######6  [0m| 152/200 [00:56<00:17,  
2.72sim/s]
[SIMULATOR] Monte Carlo:  76%|[32m#######6  [0m| 153/200 [00:56<00:17,  
2.67sim/s]
[SIMULATOR] Monte Carlo:  77%|[32m#######7  [0m| 154/200 [00:56<00:17,  
2.66sim/s]
[SIMULATOR] Monte Carlo:  78%|[32m#######7  [0m| 155/200 [00:57<00:16,  
2.67sim/s]
[SIMULATOR] Monte Carlo:  78%|[32m#######8  [0m| 156/200 [00:57<00:16,  
2.67sim/s]
[SIMULATOR] Monte Carlo:  78%|[32m#######8  [0m| 157/200 [00:57<00:15,  
2.69sim/s]
[SIMULATOR] Monte Carlo:  79%|[32m#######9  [0m| 158/200 [00:58<00:16,  
2.55sim/s]
[SIMULATOR] Monte Carlo:  80%|[32m#######9  [0m| 159/200 [00:58<00:15,  
2.61sim/s]
[SIMULATOR] Monte Carlo:  80%|[32m########  [0m| 160/200 [00:59<00:14,  
2.69sim/s]
[SIMULATOR] Monte Carlo:  80%|[32m########  [0m| 161/200 [00:59<00:14,  
2.73sim/s]
[SIMULATOR] Monte Carlo:  81%|[32m########1 [0m| 162/200 [00:59<00:14,  
2.69sim/s]
[SIMULATOR] Monte Carlo:  82%|[32m########1 [0m| 163/200 [01:00<00:13,  
2.64sim/s]
[SIMULATOR] Monte Carlo:  82%|[32m########2 [0m| 164/200 [01:00<00:13,  
2.65sim/s]
[SIMULATOR] Monte Carlo:  82%|[32m########2 [0m| 165/200 [01:00<00:13,  
2.67sim/s]
[SIMULATOR] Monte Carlo:  83%|[32m########2 [0m| 166/200 [01:01<00:12,  
2.69sim/s]
[SIMULATOR] Monte Carlo:  84%|[32m########3 [0m| 167/200 [01:01<00:12,  
2.70sim/s]
[SIMULATOR] Monte Carlo:  84%|[32m########4 [0m| 168/200 [01:02<00:11,  
2.71sim/s]
[SIMULATOR] Monte Carlo:  84%|[32m########4 [0m| 169/200 [01:02<00:11,  
2.73sim/s]
[SIMULATOR] Monte Carlo:  85%|[32m########5 [0m| 170/200 [01:02<00:11,  
2.69sim/s]
[SIMULATOR] Monte Carlo:  86%|[32m########5 [0m| 171/200 [01:03<00:10,  
2.72sim/s]
[SIMULATOR] Monte Carlo:  86%|[32m########6 [0m| 172/200 [01:03<00:10,  
2.75sim/s]
[SIMULATOR] Monte Carlo:  86%|[32m########6 [0m| 173/200 [01:03<00:09,  
2.72sim/s]
[SIMULATOR] Monte Carlo:  87%|[32m########7 [0m| 174/200 [01:04<00:09,  
2.75sim/s]
[SIMULATOR] Monte Carlo:  88%|[32m########7 [0m| 175/200 [01:04<00:08,  
2.79sim/s]
[SIMULATOR] Monte Carlo:  88%|[32m########8 [0m| 176/200 [01:04<00:08,  
2.73sim/s]
[SIMULATOR] Monte Carlo:  88%|[32m########8 [0m| 177/200 [01:05<00:08,  
2.72sim/s]
[SIMULATOR] Monte Carlo:  89%|[32m########9 [0m| 178/200 [01:05<00:07,  
2.78sim/s]
[SIMULATOR] Monte Carlo:  90%|[32m########9 [0m| 179/200 [01:06<00:07,  
2.78sim/s]
[SIMULATOR] Monte Carlo:  90%|[32m######### [0m| 180/200 [01:06<00:07,  
2.75sim/s]
[SIMULATOR] Monte Carlo:  90%|[32m######### [0m| 181/200 [01:06<00:06,  
2.77sim/s]
[SIMULATOR] Monte Carlo:  91%|[32m#########1[0m| 182/200 [01:07<00:06,  
2.79sim/s]
[SIMULATOR] Monte Carlo:  92%|[32m#########1[0m| 183/200 [01:07<00:06,  
2.79sim/s]
[SIMULATOR] Monte Carlo:  92%|[32m#########2[0m| 184/200 [01:07<00:05,  
2.75sim/s]
[SIMULATOR] Monte Carlo:  92%|[32m#########2[0m| 185/200 [01:08<00:05,  
2.75sim/s]
[SIMULATOR] Monte Carlo:  93%|[32m#########3[0m| 186/200 [01:08<00:05,  
2.74sim/s]
[SIMULATOR] Monte Carlo:  94%|[32m#########3[0m| 187/200 [01:08<00:04,  
2.74sim/s]
[SIMULATOR] Monte Carlo:  94%|[32m#########3[0m| 188/200 [01:09<00:04,  
2.64sim/s]
[SIMULATOR] Monte Carlo:  94%|[32m#########4[0m| 189/200 [01:09<00:04,  
2.68sim/s]
[SIMULATOR] Monte Carlo:  95%|[32m#########5[0m| 190/200 [01:10<00:03,  
2.66sim/s]
[SIMULATOR] Monte Carlo:  96%|[32m#########5[0m| 191/200 [01:10<00:03,  
2.66sim/s]
[SIMULATOR] Monte Carlo:  96%|[32m#########6[0m| 192/200 [01:10<00:02,  
2.71sim/s]
[SIMULATOR] Monte Carlo:  96%|[32m#########6[0m| 193/200 [01:11<00:02,  
2.69sim/s]
[SIMULATOR] Monte Carlo:  97%|[32m#########7[0m| 194/200 [01:11<00:02,  
2.72sim/s]
[SIMULATOR] Monte Carlo:  98%|[32m#########7[0m| 195/200 [01:11<00:01,  
2.71sim/s]
[SIMULATOR] Monte Carlo:  98%|[32m#########8[0m| 196/200 [01:12<00:01,  
2.66sim/s]
[SIMULATOR] Monte Carlo:  98%|[32m#########8[0m| 197/200 [01:12<00:01,  
2.70sim/s]
[SIMULATOR] Monte Carlo:  99%|[32m#########9[0m| 198/200 [01:13<00:00,  
2.71sim/s]
[SIMULATOR] Monte Carlo: 100%|[32m#########9[0m| 199/200 [01:13<00:00,  
2.75sim/s]
[SIMULATOR] Monte Carlo: 100%|[32m##########[0m| 200/200 [01:13<00:00,  
2.71sim/s]
[SIMULATOR] Monte Carlo: 100%|[32m##########[0m| 200/200 [01:13<00:00,  
2.71sim/s]
[SIMULATOR] Simulations complete!

[OPTIMIZER] Starting Bayesian optimization (gp_minimize)...
  n_calls: 40
  EPT constraint: max increase = 10 min

[OPTIMIZER] Bayesian Search:   0%|          | 0/40 [00:00<?, ?iter/s]
[OPTIMIZER] Bayesian Search:   2%|2         | 1/40 [00:00<00:14,  2.74iter/s]
[OPTIMIZER] Bayesian Search:   5%|5         | 2/40 [00:00<00:14,  2.66iter/s]
[OPTIMIZER] Bayesian Search:   8%|7         | 3/40 [00:01<00:13,  2.67iter/s]
[OPTIMIZER] Bayesian Search:  10%|#         | 4/40 [00:01<00:13,  2.68iter/s]
[OPTIMIZER] Bayesian Search:  12%|#2        | 5/40 [00:01<00:14,  2.45iter/s]
[OPTIMIZER] Bayesian Search:  15%|#5        | 6/40 [00:02<00:15,  2.22iter/s]
[OPTIMIZER] Bayesian Search:  18%|#7        | 7/40 [00:02<00:15,  2.15iter/s]
[OPTIMIZER] Bayesian Search:  20%|##        | 8/40 [00:03<00:15,  2.08iter/s]
[OPTIMIZER] Bayesian Search:  22%|##2       | 9/40 [00:04<00:15,  2.05iter/s]
[OPTIMIZER] Bayesian Search:  25%|##5       | 10/40 [00:04<00:15,  1.95iter/s]
[OPTIMIZER] Bayesian Search:  28%|##7       | 11/40 [00:05<00:14,  1.96iter/s]
[OPTIMIZER] Bayesian Search:  30%|###       | 12/40 [00:05<00:14,  1.91iter/s]
[OPTIMIZER] Bayesian Search:  32%|###2      | 13/40 [00:06<00:14,  1.89iter/s]
[OPTIMIZER] Bayesian Search:  35%|###5      | 14/40 [00:06<00:13,  1.91iter/s]
[OPTIMIZER] Bayesian Search:  38%|###7      | 15/40 [00:07<00:13,  1.88iter/s]
[OPTIMIZER] Bayesian Search:  40%|####      | 16/40 [00:07<00:12,  1.86iter/s]
[OPTIMIZER] Bayesian Search:  42%|####2     | 17/40 [00:08<00:12,  1.87iter/s]
[OPTIMIZER] Bayesian Search:  45%|####5     | 18/40 [00:08<00:12,  1.83iter/s]
[OPTIMIZER] Bayesian Search:  48%|####7     | 19/40 [00:09<00:11,  1.75iter/s]
[OPTIMIZER] Bayesian Search:  50%|#####     | 20/40 [00:10<00:11,  1.77iter/s]
[OPTIMIZER] Bayesian Search:  52%|#####2    | 21/40 [00:10<00:10,  1.76iter/s]
[OPTIMIZER] Bayesian Search:  55%|#####5    | 22/40 [00:11<00:10,  1.74iter/s]
[OPTIMIZER] Bayesian Search:  57%|#####7    | 23/40 [00:11<00:09,  1.76iter/s]
[OPTIMIZER] Bayesian Search:  60%|######    | 24/40 [00:12<00:09,  1.74iter/s]
[OPTIMIZER] Bayesian Search:  62%|######2   | 25/40 [00:12<00:08,  1.76iter/s]
[OPTIMIZER] Bayesian Search:  65%|######5   | 26/40 [00:13<00:08,  1.73iter/s]
[OPTIMIZER] Bayesian Search:  68%|######7   | 27/40 [00:14<00:07,  1.69iter/s]
[OPTIMIZER] Bayesian Search:  70%|#######   | 28/40 [00:14<00:07,  1.65iter/s]
[OPTIMIZER] Bayesian Search:  72%|#######2  | 29/40 [00:15<00:06,  1.69iter/s]
[OPTIMIZER] Bayesian Search:  75%|#######5  | 30/40 [00:15<00:05,  1.68iter/s]
[OPTIMIZER] Bayesian Search:  78%|#######7  | 31/40 [00:16<00:05,  1.68iter/s]
[OPTIMIZER] Bayesian Search:  80%|########  | 32/40 [00:17<00:05,  1.57iter/s]
[OPTIMIZER] Bayesian Search:  82%|########2 | 33/40 [00:17<00:04,  1.55iter/s]
[OPTIMIZER] Bayesian Search:  85%|########5 | 34/40 [00:18<00:03,  1.54iter/s]
[OPTIMIZER] Bayesian Search:  88%|########7 | 35/40 [00:19<00:03,  1.53iter/s]
[OPTIMIZER] Bayesian Search:  90%|######### | 36/40 [00:20<00:02,  1.48iter/s]
[OPTIMIZER] Bayesian Search:  92%|#########2| 37/40 [00:20<00:02,  1.48iter/s]
[OPTIMIZER] Bayesian Search:  95%|#########5| 38/40 [00:21<00:01,  1.48iter/s]
[OPTIMIZER] Bayesian Search:  98%|#########7| 39/40 [00:21<00:00,  1.50iter/s]
[OPTIMIZER] Bayesian Search: 100%|##########| 40/40 [00:22<00:00,  1.51iter/s]
[OPTIMIZER] Bayesian Search: 100%|##########| 40/40 [00:22<00:00,  1.77iter/s]
  Iteration 5: loss=1.125, awt_imp=0.07, ept_inc=0.25, weighted_gain=-0.060
  Iteration 10: loss=-0.054, awt_imp=0.12, ept_inc=0.04, weighted_gain=0.054
  Iteration 15: loss=-0.066, awt_imp=0.14, ept_inc=0.04, weighted_gain=0.066
  Iteration 20: loss=-0.048, awt_imp=0.13, ept_inc=0.07, weighted_gain=0.048
  Iteration 25: loss=-0.078, awt_imp=0.14, ept_inc=0.01, weighted_gain=0.078
  Iteration 30: loss=0.385, awt_imp=0.05, ept_inc=0.15, weighted_gain=-0.032
  Iteration 35: loss=-0.060, awt_imp=0.13, ept_inc=0.04, weighted_gain=0.060
  Iteration 40: loss=24.047, awt_imp=-0.01, ept_inc=0.88, weighted_gain=-0.360
[OPTIMIZER] Optimization complete!
  Best loss: -0.078
  Best params: u1=12, u2=3, u3=4, delta_ept=2.00, duracion_hdm=10

======================================================================
OPTIMIZATION RESULTS
======================================================================

Optimal HDM Configuration:
  u1 (ordenes threshold):    12
  u2 (riders threshold):     3
  u3 (AWT threshold):        4 minutes
  delta_ept (EPT increase):  2.00 minutes
  duracion_hdm (duration):   10 minutes

Objective value (loss):  -0.078
======================================================================


[OPTIMIZER] Extracted 2 strategic profiles
  Agresiva: AWT improvement 0.14 min, EPT increase 0.02 min, Activation rate 0.0%
  Equilibrada: AWT improvement 0.14 min, EPT increase 0.01 min, Activation rate 0.0%

  [3/9] Processing partner 161876...

  [PARTNER 161876] Kfc Copiap¾ | 2026-02-23 to 2026-03-01 | 10080 rows

[ANALYTICS] Starting exploratory analysis...

============================================================
BASELINE METRICS
============================================================

Ordenes Pendientes:
  Promedio: 0.91
  Std Dev: 1.70
  P50: 0.0
  P95: 5.0

Riders Cerca:
  Promedio: 0.32
  Std Dev: 0.65
  P50: 0.0
  P95: 2.0

AWT (Avoidable Wait Time):
  Promedio: 1.22 min
  Std Dev: 2.99
  P50: 0.0 min
  P95: 7.7 min

HDM Activation:
  Total activations: 252
  Activation rate: 2.50%

EPT WIP (Suavizado):
  Promedio: 4.75 min
  P95: 19.12 min

EPT WIP (Original):
  Promedio: 2.98 min
  P95: 10.33 min

EPT (Estimated Prep Time):
  Promedio: 4.75 min
  P95: 19.12 min
============================================================


============================================================
CORRELATION MATRIX
============================================================
                           ordenes_pendientes  ...  ept_promedio_min_smoothed
ordenes_pendientes                      1.000  ...                      0.801
riders_cerca                            0.787  ...                      0.722
max_awt_espera_min                      0.664  ...                      0.604
hdm_activo                              0.423  ...                      0.309
ept_promedio                            0.801  ...                      1.000
ept_promedio_min                        0.821  ...                      0.918
ept_promedio_min_smoothed               0.801  ...                      1.000

[7 rows x 7 columns]
============================================================


============================================================
TRAINING PREDICTIVE MODELS
============================================================

[MODEL] AWT Predictor (linear_regression) trained:
  Train RMSE: 1.826
  Test RMSE: 1.853
  Test MAE: 0.725
  Test R▓: 0.639

[MODEL] EPT Predictor (linear_regression) trained:
  Test RMSE: 4.381
  Test MAE: 2.979
  Test R▓: 0.647

[SIMULATOR] Running 200 Monte Carlo simulations...

[SIMULATOR] Monte Carlo:   0%|[32m          [0m| 0/200 [00:00<?, ?sim/s]
[SIMULATOR] Monte Carlo:   0%|[32m          [0m| 1/200 [00:00<01:15,  
2.62sim/s]
[SIMULATOR] Monte Carlo:   1%|[32m1         [0m| 2/200 [00:00<01:13,  
2.70sim/s]
[SIMULATOR] Monte Carlo:   2%|[32m1         [0m| 3/200 [00:01<01:22,  
2.40sim/s]
[SIMULATOR] Monte Carlo:   2%|[32m2         [0m| 4/200 [00:01<01:16,  
2.56sim/s]
[SIMULATOR] Monte Carlo:   2%|[32m2         [0m| 5/200 [00:01<01:13,  
2.66sim/s]
[SIMULATOR] Monte Carlo:   3%|[32m3         [0m| 6/200 [00:02<01:12,  
2.66sim/s]
[SIMULATOR] Monte Carlo:   4%|[32m3         [0m| 7/200 [00:02<01:11,  
2.69sim/s]
[SIMULATOR] Monte Carlo:   4%|[32m4         [0m| 8/200 [00:03<01:12,  
2.66sim/s]
[SIMULATOR] Monte Carlo:   4%|[32m4         [0m| 9/200 [00:03<01:11,  
2.68sim/s]
[SIMULATOR] Monte Carlo:   5%|[32m5         [0m| 10/200 [00:03<01:11,  
2.67sim/s]
[SIMULATOR] Monte Carlo:   6%|[32m5         [0m| 11/200 [00:04<01:09,  
2.71sim/s]
[SIMULATOR] Monte Carlo:   6%|[32m6         [0m| 12/200 [00:04<01:09,  
2.71sim/s]
[SIMULATOR] Monte Carlo:   6%|[32m6         [0m| 13/200 [00:04<01:08,  
2.72sim/s]
[SIMULATOR] Monte Carlo:   7%|[32m7         [0m| 14/200 [00:05<01:07,  
2.75sim/s]
[SIMULATOR] Monte Carlo:   8%|[32m7         [0m| 15/200 [00:05<01:07,  
2.73sim/s]
[SIMULATOR] Monte Carlo:   8%|[32m8         [0m| 16/200 [00:05<01:07,  
2.73sim/s]
[SIMULATOR] Monte Carlo:   8%|[32m8         [0m| 17/200 [00:06<01:08,  
2.67sim/s]
[SIMULATOR] Monte Carlo:   9%|[32m9         [0m| 18/200 [00:06<01:07,  
2.70sim/s]
[SIMULATOR] Monte Carlo:  10%|[32m9         [0m| 19/200 [00:07<01:06,  
2.73sim/s]
[SIMULATOR] Monte Carlo:  10%|[32m#         [0m| 20/200 [00:07<01:04,  
2.79sim/s]
[SIMULATOR] Monte Carlo:  10%|[32m#         [0m| 21/200 [00:07<01:04,  
2.78sim/s]
[SIMULATOR] Monte Carlo:  11%|[32m#1        [0m| 22/200 [00:08<01:03,  
2.79sim/s]
[SIMULATOR] Monte Carlo:  12%|[32m#1        [0m| 23/200 [00:08<01:03,  
2.79sim/s]
[SIMULATOR] Monte Carlo:  12%|[32m#2        [0m| 24/200 [00:08<01:03,  
2.79sim/s]
[SIMULATOR] Monte Carlo:  12%|[32m#2        [0m| 25/200 [00:09<01:03,  
2.76sim/s]
[SIMULATOR] Monte Carlo:  13%|[32m#3        [0m| 26/200 [00:09<01:02,  
2.78sim/s]
[SIMULATOR] Monte Carlo:  14%|[32m#3        [0m| 27/200 [00:09<01:02,  
2.76sim/s]
[SIMULATOR] Monte Carlo:  14%|[32m#4        [0m| 28/200 [00:10<01:01,  
2.78sim/s]
[SIMULATOR] Monte Carlo:  14%|[32m#4        [0m| 29/200 [00:10<01:01,  
2.76sim/s]
[SIMULATOR] Monte Carlo:  15%|[32m#5        [0m| 30/200 [00:11<01:00,  
2.81sim/s]
[SIMULATOR] Monte Carlo:  16%|[32m#5        [0m| 31/200 [00:11<01:00,  
2.81sim/s]
[SIMULATOR] Monte Carlo:  16%|[32m#6        [0m| 32/200 [00:11<00:59,  
2.80sim/s]
[SIMULATOR] Monte Carlo:  16%|[32m#6        [0m| 33/200 [00:12<00:59,  
2.81sim/s]
[SIMULATOR] Monte Carlo:  17%|[32m#7        [0m| 34/200 [00:12<01:00,  
2.74sim/s]
[SIMULATOR] Monte Carlo:  18%|[32m#7        [0m| 35/200 [00:12<01:01,  
2.67sim/s]
[SIMULATOR] Monte Carlo:  18%|[32m#8        [0m| 36/200 [00:13<01:01,  
2.65sim/s]
[SIMULATOR] Monte Carlo:  18%|[32m#8        [0m| 37/200 [00:13<01:03,  
2.56sim/s]
[SIMULATOR] Monte Carlo:  19%|[32m#9        [0m| 38/200 [00:14<01:05,  
2.46sim/s]
[SIMULATOR] Monte Carlo:  20%|[32m#9        [0m| 39/200 [00:14<01:05,  
2.45sim/s]
[SIMULATOR] Monte Carlo:  20%|[32m##        [0m| 40/200 [00:14<01:02,  
2.55sim/s]
[SIMULATOR] Monte Carlo:  20%|[32m##        [0m| 41/200 [00:15<01:00,  
2.61sim/s]
[SIMULATOR] Monte Carlo:  21%|[32m##1       [0m| 42/200 [00:15<00:59,  
2.67sim/s]
[SIMULATOR] Monte Carlo:  22%|[32m##1       [0m| 43/200 [00:15<00:58,  
2.68sim/s]
[SIMULATOR] Monte Carlo:  22%|[32m##2       [0m| 44/200 [00:16<00:58,  
2.68sim/s]
[SIMULATOR] Monte Carlo:  22%|[32m##2       [0m| 45/200 [00:16<00:57,  
2.72sim/s]
[SIMULATOR] Monte Carlo:  23%|[32m##3       [0m| 46/200 [00:17<00:56,  
2.74sim/s]
[SIMULATOR] Monte Carlo:  24%|[32m##3       [0m| 47/200 [00:17<00:55,  
2.75sim/s]
[SIMULATOR] Monte Carlo:  24%|[32m##4       [0m| 48/200 [00:17<00:55,  
2.72sim/s]
[SIMULATOR] Monte Carlo:  24%|[32m##4       [0m| 49/200 [00:18<00:54,  
2.75sim/s]
[SIMULATOR] Monte Carlo:  25%|[32m##5       [0m| 50/200 [00:18<00:54,  
2.77sim/s]
[SIMULATOR] Monte Carlo:  26%|[32m##5       [0m| 51/200 [00:18<00:53,  
2.79sim/s]
[SIMULATOR] Monte Carlo:  26%|[32m##6       [0m| 52/200 [00:19<00:52,  
2.79sim/s]
[SIMULATOR] Monte Carlo:  26%|[32m##6       [0m| 53/200 [00:19<00:53,  
2.77sim/s]
[SIMULATOR] Monte Carlo:  27%|[32m##7       [0m| 54/200 [00:19<00:52,  
2.76sim/s]
[SIMULATOR] Monte Carlo:  28%|[32m##7       [0m| 55/200 [00:20<00:52,  
2.79sim/s]
[SIMULATOR] Monte Carlo:  28%|[32m##8       [0m| 56/200 [00:20<00:51,  
2.81sim/s]
[SIMULATOR] Monte Carlo:  28%|[32m##8       [0m| 57/200 [00:21<00:51,  
2.79sim/s]
[SIMULATOR] Monte Carlo:  29%|[32m##9       [0m| 58/200 [00:21<00:51,  
2.74sim/s]
[SIMULATOR] Monte Carlo:  30%|[32m##9       [0m| 59/200 [00:21<00:51,  
2.72sim/s]
[SIMULATOR] Monte Carlo:  30%|[32m###       [0m| 60/200 [00:22<00:53,  
2.63sim/s]
[SIMULATOR] Monte Carlo:  30%|[32m###       [0m| 61/200 [00:22<00:50,  
2.75sim/s]
[SIMULATOR] Monte Carlo:  31%|[32m###1      [0m| 62/200 [00:22<00:50,  
2.73sim/s]
[SIMULATOR] Monte Carlo:  32%|[32m###1      [0m| 63/200 [00:23<00:49,  
2.79sim/s]
[SIMULATOR] Monte Carlo:  32%|[32m###2      [0m| 64/200 [00:23<00:49,  
2.73sim/s]
[SIMULATOR] Monte Carlo:  32%|[32m###2      [0m| 65/200 [00:23<00:50,  
2.66sim/s]
[SIMULATOR] Monte Carlo:  33%|[32m###3      [0m| 66/200 [00:24<00:48,  
2.76sim/s]
[SIMULATOR] Monte Carlo:  34%|[32m###3      [0m| 67/200 [00:24<00:47,  
2.83sim/s]
[SIMULATOR] Monte Carlo:  34%|[32m###4      [0m| 68/200 [00:25<00:47,  
2.81sim/s]
[SIMULATOR] Monte Carlo:  34%|[32m###4      [0m| 69/200 [00:25<00:45,  
2.86sim/s]
[SIMULATOR] Monte Carlo:  35%|[32m###5      [0m| 70/200 [00:25<00:45,  
2.85sim/s]
[SIMULATOR] Monte Carlo:  36%|[32m###5      [0m| 71/200 [00:26<00:44,  
2.92sim/s]
[SIMULATOR] Monte Carlo:  36%|[32m###6      [0m| 72/200 [00:26<00:43,  
2.91sim/s]
[SIMULATOR] Monte Carlo:  36%|[32m###6      [0m| 73/200 [00:26<00:43,  
2.94sim/s]
[SIMULATOR] Monte Carlo:  37%|[32m###7      [0m| 74/200 [00:27<00:43,  
2.92sim/s]
[SIMULATOR] Monte Carlo:  38%|[32m###7      [0m| 75/200 [00:27<00:41,  
3.01sim/s]
[SIMULATOR] Monte Carlo:  38%|[32m###8      [0m| 76/200 [00:27<00:41,  
2.96sim/s]
[SIMULATOR] Monte Carlo:  38%|[32m###8      [0m| 77/200 [00:28<00:40,  
3.01sim/s]
[SIMULATOR] Monte Carlo:  39%|[32m###9      [0m| 78/200 [00:28<00:40,  
2.99sim/s]
[SIMULATOR] Monte Carlo:  40%|[32m###9      [0m| 79/200 [00:28<00:40,  
3.00sim/s]
[SIMULATOR] Monte Carlo:  40%|[32m####      [0m| 80/200 [00:29<00:41,  
2.92sim/s]
[SIMULATOR] Monte Carlo:  40%|[32m####      [0m| 81/200 [00:29<00:41,  
2.85sim/s]
[SIMULATOR] Monte Carlo:  41%|[32m####1     [0m| 82/200 [00:29<00:40,  
2.94sim/s]
[SIMULATOR] Monte Carlo:  42%|[32m####1     [0m| 83/200 [00:30<00:39,  
2.96sim/s]
[SIMULATOR] Monte Carlo:  42%|[32m####2     [0m| 84/200 [00:30<00:39,  
2.91sim/s]
[SIMULATOR] Monte Carlo:  42%|[32m####2     [0m| 85/200 [00:30<00:39,  
2.90sim/s]
[SIMULATOR] Monte Carlo:  43%|[32m####3     [0m| 86/200 [00:31<00:38,  
2.99sim/s]
[SIMULATOR] Monte Carlo:  44%|[32m####3     [0m| 87/200 [00:31<00:38,  
2.95sim/s]
[SIMULATOR] Monte Carlo:  44%|[32m####4     [0m| 88/200 [00:31<00:38,  
2.93sim/s]
[SIMULATOR] Monte Carlo:  44%|[32m####4     [0m| 89/200 [00:32<00:37,  
2.95sim/s]
[SIMULATOR] Monte Carlo:  45%|[32m####5     [0m| 90/200 [00:32<00:37,  
2.92sim/s]
[SIMULATOR] Monte Carlo:  46%|[32m####5     [0m| 91/200 [00:32<00:37,  
2.89sim/s]
[SIMULATOR] Monte Carlo:  46%|[32m####6     [0m| 92/200 [00:33<00:38,  
2.83sim/s]
[SIMULATOR] Monte Carlo:  46%|[32m####6     [0m| 93/200 [00:33<00:37,  
2.83sim/s]
[SIMULATOR] Monte Carlo:  47%|[32m####6     [0m| 94/200 [00:33<00:37,  
2.84sim/s]
[SIMULATOR] Monte Carlo:  48%|[32m####7     [0m| 95/200 [00:34<00:36,  
2.89sim/s]
[SIMULATOR] Monte Carlo:  48%|[32m####8     [0m| 96/200 [00:34<00:35,  
2.94sim/s]
[SIMULATOR] Monte Carlo:  48%|[32m####8     [0m| 97/200 [00:34<00:35,  
2.93sim/s]
[SIMULATOR] Monte Carlo:  49%|[32m####9     [0m| 98/200 [00:35<00:35,  
2.90sim/s]
[SIMULATOR] Monte Carlo:  50%|[32m####9     [0m| 99/200 [00:35<00:34,  
2.94sim/s]
[SIMULATOR] Monte Carlo:  50%|[32m#####     [0m| 100/200 [00:35<00:33,  
3.01sim/s]
[SIMULATOR] Monte Carlo:  50%|[32m#####     [0m| 101/200 [00:36<00:33,  
2.95sim/s]
[SIMULATOR] Monte Carlo:  51%|[32m#####1    [0m| 102/200 [00:36<00:33,  
2.90sim/s]
[SIMULATOR] Monte Carlo:  52%|[32m#####1    [0m| 103/200 [00:36<00:33,  
2.93sim/s]
[SIMULATOR] Monte Carlo:  52%|[32m#####2    [0m| 104/200 [00:37<00:32,  
2.93sim/s]
[SIMULATOR] Monte Carlo:  52%|[32m#####2    [0m| 105/200 [00:37<00:32,  
2.91sim/s]
[SIMULATOR] Monte Carlo:  53%|[32m#####3    [0m| 106/200 [00:37<00:31,  
2.96sim/s]
[SIMULATOR] Monte Carlo:  54%|[32m#####3    [0m| 107/200 [00:38<00:31,  
2.96sim/s]
[SIMULATOR] Monte Carlo:  54%|[32m#####4    [0m| 108/200 [00:38<00:32,  
2.87sim/s]
[SIMULATOR] Monte Carlo:  55%|[32m#####4    [0m| 109/200 [00:39<00:31,  
2.87sim/s]
[SIMULATOR] Monte Carlo:  55%|[32m#####5    [0m| 110/200 [00:39<00:31,  
2.86sim/s]
[SIMULATOR] Monte Carlo:  56%|[32m#####5    [0m| 111/200 [00:39<00:31,  
2.84sim/s]
[SIMULATOR] Monte Carlo:  56%|[32m#####6    [0m| 112/200 [00:40<00:30,  
2.87sim/s]
[SIMULATOR] Monte Carlo:  56%|[32m#####6    [0m| 113/200 [00:40<00:29,  
2.93sim/s]
[SIMULATOR] Monte Carlo:  57%|[32m#####6    [0m| 114/200 [00:40<00:29,  
2.89sim/s]
[SIMULATOR] Monte Carlo:  57%|[32m#####7    [0m| 115/200 [00:41<00:29,  
2.88sim/s]
[SIMULATOR] Monte Carlo:  58%|[32m#####8    [0m| 116/200 [00:41<00:28,  
2.92sim/s]
[SIMULATOR] Monte Carlo:  58%|[32m#####8    [0m| 117/200 [00:41<00:28,  
2.87sim/s]
[SIMULATOR] Monte Carlo:  59%|[32m#####8    [0m| 118/200 [00:42<00:29,  
2.80sim/s]
[SIMULATOR] Monte Carlo:  60%|[32m#####9    [0m| 119/200 [00:42<00:28,  
2.83sim/s]
[SIMULATOR] Monte Carlo:  60%|[32m######    [0m| 120/200 [00:42<00:28,  
2.77sim/s]
[SIMULATOR] Monte Carlo:  60%|[32m######    [0m| 121/200 [00:43<00:28,  
2.81sim/s]
[SIMULATOR] Monte Carlo:  61%|[32m######1   [0m| 122/200 [00:43<00:28,  
2.76sim/s]
[SIMULATOR] Monte Carlo:  62%|[32m######1   [0m| 123/200 [00:43<00:27,  
2.78sim/s]
[SIMULATOR] Monte Carlo:  62%|[32m######2   [0m| 124/200 [00:44<00:26,  
2.85sim/s]
[SIMULATOR] Monte Carlo:  62%|[32m######2   [0m| 125/200 [00:44<00:25,  
2.91sim/s]
[SIMULATOR] Monte Carlo:  63%|[32m######3   [0m| 126/200 [00:44<00:25,  
2.92sim/s]
[SIMULATOR] Monte Carlo:  64%|[32m######3   [0m| 127/200 [00:45<00:25,  
2.89sim/s]
[SIMULATOR] Monte Carlo:  64%|[32m######4   [0m| 128/200 [00:45<00:24,  
2.94sim/s]
[SIMULATOR] Monte Carlo:  64%|[32m######4   [0m| 129/200 [00:45<00:23,  
2.96sim/s]
[SIMULATOR] Monte Carlo:  65%|[32m######5   [0m| 130/200 [00:46<00:23,  
2.96sim/s]
[SIMULATOR] Monte Carlo:  66%|[32m######5   [0m| 131/200 [00:46<00:23,  
2.97sim/s]
[SIMULATOR] Monte Carlo:  66%|[32m######6   [0m| 132/200 [00:46<00:23,  
2.96sim/s]
[SIMULATOR] Monte Carlo:  66%|[32m######6   [0m| 133/200 [00:47<00:22,  
2.92sim/s]
[SIMULATOR] Monte Carlo:  67%|[32m######7   [0m| 134/200 [00:47<00:23,  
2.76sim/s]
[SIMULATOR] Monte Carlo:  68%|[32m######7   [0m| 135/200 [00:48<00:23,  
2.73sim/s]
[SIMULATOR] Monte Carlo:  68%|[32m######8   [0m| 136/200 [00:48<00:22,  
2.79sim/s]
[SIMULATOR] Monte Carlo:  68%|[32m######8   [0m| 137/200 [00:48<00:22,  
2.78sim/s]
[SIMULATOR] Monte Carlo:  69%|[32m######9   [0m| 138/200 [00:49<00:21,  
2.85sim/s]
[SIMULATOR] Monte Carlo:  70%|[32m######9   [0m| 139/200 [00:49<00:20,  
2.95sim/s]
[SIMULATOR] Monte Carlo:  70%|[32m#######   [0m| 140/200 [00:49<00:20,  
2.95sim/s]
[SIMULATOR] Monte Carlo:  70%|[32m#######   [0m| 141/200 [00:50<00:20,  
2.93sim/s]
[SIMULATOR] Monte Carlo:  71%|[32m#######1  [0m| 142/200 [00:50<00:19,  
2.91sim/s]
[SIMULATOR] Monte Carlo:  72%|[32m#######1  [0m| 143/200 [00:50<00:19,  
2.93sim/s]
[SIMULATOR] Monte Carlo:  72%|[32m#######2  [0m| 144/200 [00:51<00:19,  
2.89sim/s]
[SIMULATOR] Monte Carlo:  72%|[32m#######2  [0m| 145/200 [00:51<00:19,  
2.88sim/s]
[SIMULATOR] Monte Carlo:  73%|[32m#######3  [0m| 146/200 [00:51<00:18,  
2.87sim/s]
[SIMULATOR] Monte Carlo:  74%|[32m#######3  [0m| 147/200 [00:52<00:18,  
2.89sim/s]
[SIMULATOR] Monte Carlo:  74%|[32m#######4  [0m| 148/200 [00:52<00:17,  
2.90sim/s]
[SIMULATOR] Monte Carlo:  74%|[32m#######4  [0m| 149/200 [00:52<00:17,  
2.86sim/s]
[SIMULATOR] Monte Carlo:  75%|[32m#######5  [0m| 150/200 [00:53<00:17,  
2.91sim/s]
[SIMULATOR] Monte Carlo:  76%|[32m#######5  [0m| 151/200 [00:53<00:17,  
2.86sim/s]
[SIMULATOR] Monte Carlo:  76%|[32m#######6  [0m| 152/200 [00:53<00:16,  
2.92sim/s]
[SIMULATOR] Monte Carlo:  76%|[32m#######6  [0m| 153/200 [00:54<00:16,  
2.91sim/s]
[SIMULATOR] Monte Carlo:  77%|[32m#######7  [0m| 154/200 [00:54<00:15,  
2.93sim/s]
[SIMULATOR] Monte Carlo:  78%|[32m#######7  [0m| 155/200 [00:54<00:15,  
2.93sim/s]
[SIMULATOR] Monte Carlo:  78%|[32m#######8  [0m| 156/200 [00:55<00:14,  
2.93sim/s]
[SIMULATOR] Monte Carlo:  78%|[32m#######8  [0m| 157/200 [00:55<00:14,  
2.88sim/s]
[SIMULATOR] Monte Carlo:  79%|[32m#######9  [0m| 158/200 [00:56<00:14,  
2.90sim/s]
[SIMULATOR] Monte Carlo:  80%|[32m#######9  [0m| 159/200 [00:56<00:13,  
2.93sim/s]
[SIMULATOR] Monte Carlo:  80%|[32m########  [0m| 160/200 [00:56<00:13,  
3.00sim/s]
[SIMULATOR] Monte Carlo:  80%|[32m########  [0m| 161/200 [00:57<00:13,  
2.97sim/s]
[SIMULATOR] Monte Carlo:  81%|[32m########1 [0m| 162/200 [00:57<00:12,  
2.98sim/s]
[SIMULATOR] Monte Carlo:  82%|[32m########1 [0m| 163/200 [00:57<00:12,  
3.03sim/s]
[SIMULATOR] Monte Carlo:  82%|[32m########2 [0m| 164/200 [00:58<00:12,  
2.99sim/s]
[SIMULATOR] Monte Carlo:  82%|[32m########2 [0m| 165/200 [00:58<00:11,  
2.92sim/s]
[SIMULATOR] Monte Carlo:  83%|[32m########2 [0m| 166/200 [00:58<00:11,  
3.01sim/s]
[SIMULATOR] Monte Carlo:  84%|[32m########3 [0m| 167/200 [00:59<00:10,  
3.02sim/s]
[SIMULATOR] Monte Carlo:  84%|[32m########4 [0m| 168/200 [00:59<00:10,  
2.95sim/s]
[SIMULATOR] Monte Carlo:  84%|[32m########4 [0m| 169/200 [00:59<00:10,  
2.89sim/s]
[SIMULATOR] Monte Carlo:  85%|[32m########5 [0m| 170/200 [01:00<00:10,  
2.86sim/s]
[SIMULATOR] Monte Carlo:  86%|[32m########5 [0m| 171/200 [01:00<00:10,  
2.82sim/s]
[SIMULATOR] Monte Carlo:  86%|[32m########6 [0m| 172/200 [01:00<00:09,  
2.81sim/s]
[SIMULATOR] Monte Carlo:  86%|[32m########6 [0m| 173/200 [01:01<00:09,  
2.81sim/s]
[SIMULATOR] Monte Carlo:  87%|[32m########7 [0m| 174/200 [01:01<00:09,  
2.81sim/s]
[SIMULATOR] Monte Carlo:  88%|[32m########7 [0m| 175/200 [01:01<00:08,  
2.81sim/s]
[SIMULATOR] Monte Carlo:  88%|[32m########8 [0m| 176/200 [01:02<00:08,  
2.84sim/s]
[SIMULATOR] Monte Carlo:  88%|[32m########8 [0m| 177/200 [01:02<00:08,  
2.81sim/s]
[SIMULATOR] Monte Carlo:  89%|[32m########9 [0m| 178/200 [01:02<00:07,  
2.82sim/s]
[SIMULATOR] Monte Carlo:  90%|[32m########9 [0m| 179/200 [01:03<00:07,  
2.85sim/s]
[SIMULATOR] Monte Carlo:  90%|[32m######### [0m| 180/200 [01:03<00:07,  
2.76sim/s]
[SIMULATOR] Monte Carlo:  90%|[32m######### [0m| 181/200 [01:04<00:06,  
2.84sim/s]
[SIMULATOR] Monte Carlo:  91%|[32m#########1[0m| 182/200 [01:04<00:06,  
2.83sim/s]
[SIMULATOR] Monte Carlo:  92%|[32m#########1[0m| 183/200 [01:04<00:05,  
2.83sim/s]
[SIMULATOR] Monte Carlo:  92%|[32m#########2[0m| 184/200 [01:05<00:05,  
2.85sim/s]
[SIMULATOR] Monte Carlo:  92%|[32m#########2[0m| 185/200 [01:05<00:05,  
2.91sim/s]
[SIMULATOR] Monte Carlo:  93%|[32m#########3[0m| 186/200 [01:05<00:04,  
2.88sim/s]
[SIMULATOR] Monte Carlo:  94%|[32m#########3[0m| 187/200 [01:06<00:04,  
2.88sim/s]
[SIMULATOR] Monte Carlo:  94%|[32m#########3[0m| 188/200 [01:06<00:04,  
2.78sim/s]
[SIMULATOR] Monte Carlo:  94%|[32m#########4[0m| 189/200 [01:06<00:03,  
2.82sim/s]
[SIMULATOR] Monte Carlo:  95%|[32m#########5[0m| 190/200 [01:07<00:03,  
2.79sim/s]
[SIMULATOR] Monte Carlo:  96%|[32m#########5[0m| 191/200 [01:07<00:03,  
2.91sim/s]
[SIMULATOR] Monte Carlo:  96%|[32m#########6[0m| 192/200 [01:07<00:02,  
2.98sim/s]
[SIMULATOR] Monte Carlo:  96%|[32m#########6[0m| 193/200 [01:08<00:02,  
2.90sim/s]
[SIMULATOR] Monte Carlo:  97%|[32m#########7[0m| 194/200 [01:08<00:02,  
2.92sim/s]
[SIMULATOR] Monte Carlo:  98%|[32m#########7[0m| 195/200 [01:08<00:01,  
2.85sim/s]
[SIMULATOR] Monte Carlo:  98%|[32m#########8[0m| 196/200 [01:09<00:01,  
2.84sim/s]
[SIMULATOR] Monte Carlo:  98%|[32m#########8[0m| 197/200 [01:09<00:01,  
2.79sim/s]
[SIMULATOR] Monte Carlo:  99%|[32m#########9[0m| 198/200 [01:09<00:00,  
2.76sim/s]
[SIMULATOR] Monte Carlo: 100%|[32m#########9[0m| 199/200 [01:10<00:00,  
2.83sim/s]
[SIMULATOR] Monte Carlo: 100%|[32m##########[0m| 200/200 [01:10<00:00,  
2.83sim/s]
[SIMULATOR] Monte Carlo: 100%|[32m##########[0m| 200/200 [01:10<00:00,  
2.83sim/s]

[SIMULATOR] Simulations complete!

[OPTIMIZER] Starting Bayesian optimization (gp_minimize)...
  n_calls: 40
  EPT constraint: max increase = 10 min
[OPTIMIZER] Bayesian Search:   0%|          | 0/40 [00:00<?, ?iter/s]
[OPTIMIZER] Bayesian Search:   2%|2         | 1/40 [00:00<00:14,  2.69iter/s]
[OPTIMIZER] Bayesian Search:   5%|5         | 2/40 [00:00<00:13,  2.85iter/s]
[OPTIMIZER] Bayesian Search:   8%|7         | 3/40 [00:01<00:13,  2.81iter/s]
[OPTIMIZER] Bayesian Search:  10%|#         | 4/40 [00:01<00:12,  2.82iter/s]
[OPTIMIZER] Bayesian Search:  12%|#2        | 5/40 [00:01<00:13,  2.52iter/s]
[OPTIMIZER] Bayesian Search:  15%|#5        | 6/40 [00:02<00:15,  2.22iter/s]
[OPTIMIZER] Bayesian Search:  18%|#7        | 7/40 [00:03<00:15,  2.06iter/s]
[OPTIMIZER] Bayesian Search:  20%|##        | 8/40 [00:03<00:16,  1.93iter/s]
[OPTIMIZER] Bayesian Search:  22%|##2       | 9/40 [00:04<00:15,  1.97iter/s]
[OPTIMIZER] Bayesian Search:  25%|##5       | 10/40 [00:04<00:15,  1.91iter/s]
[OPTIMIZER] Bayesian Search:  28%|##7       | 11/40 [00:05<00:14,  1.95iter/s]
[OPTIMIZER] Bayesian Search:  30%|###       | 12/40 [00:05<00:14,  1.92iter/s]
[OPTIMIZER] Bayesian Search:  32%|###2      | 13/40 [00:06<00:13,  1.93iter/s]
[OPTIMIZER] Bayesian Search:  35%|###5      | 14/40 [00:06<00:13,  1.91iter/s]
[OPTIMIZER] Bayesian Search:  38%|###7      | 15/40 [00:07<00:18,  1.33iter/s]
[OPTIMIZER] Bayesian Search:  40%|####      | 16/40 [00:09<00:26,  1.10s/iter]
[OPTIMIZER] Bayesian Search:  42%|####2     | 17/40 [00:10<00:22,  1.02iter/s]
[OPTIMIZER] Bayesian Search:  45%|####5     | 18/40 [00:11<00:20,  1.06iter/s]
[OPTIMIZER] Bayesian Search:  48%|####7     | 19/40 [00:12<00:18,  1.15iter/s]
[OPTIMIZER] Bayesian Search:  50%|#####     | 20/40 [00:13<00:17,  1.16iter/s]
[OPTIMIZER] Bayesian Search:  52%|#####2    | 21/40 [00:13<00:15,  1.23iter/s]
[OPTIMIZER] Bayesian Search:  55%|#####5    | 22/40 [00:14<00:13,  1.33iter/s]
[OPTIMIZER] Bayesian Search:  57%|#####7    | 23/40 [00:15<00:12,  1.34iter/s]
[OPTIMIZER] Bayesian Search:  60%|######    | 24/40 [00:15<00:10,  1.51iter/s]
[OPTIMIZER] Bayesian Search:  62%|######2   | 25/40 [00:16<00:09,  1.52iter/s]
[OPTIMIZER] Bayesian Search:  65%|######5   | 26/40 [00:16<00:08,  1.57iter/s]
[OPTIMIZER] Bayesian Search:  68%|######7   | 27/40 [00:17<00:08,  1.57iter/s]
[OPTIMIZER] Bayesian Search:  70%|#######   | 28/40 [00:18<00:07,  1.53iter/s]
[OPTIMIZER] Bayesian Search:  72%|#######2  | 29/40 [00:18<00:07,  1.55iter/s]
[OPTIMIZER] Bayesian Search:  75%|#######5  | 30/40 [01:03<02:19, 14.00s/iter]
[OPTIMIZER] Bayesian Search:  78%|#######7  | 31/40 [01:05<01:32, 10.33s/iter]
[OPTIMIZER] Bayesian Search:  80%|########  | 32/40 [01:06<01:00,  7.61s/iter]
[OPTIMIZER] Bayesian Search:  82%|########2 | 33/40 [01:07<00:39,  5.65s/iter]
[OPTIMIZER] Bayesian Search:  85%|########5 | 34/40 [01:09<00:26,  4.35s/iter]
[OPTIMIZER] Bayesian Search:  88%|########7 | 35/40 [01:10<00:16,  3.30s/iter]
[OPTIMIZER] Bayesian Search:  90%|######### | 36/40 [01:10<00:10,  2.56s/iter]
[OPTIMIZER] Bayesian Search:  92%|#########2| 37/40 [01:12<00:06,  2.16s/iter]
[OPTIMIZER] Bayesian Search:  95%|#########5| 38/40 [01:13<00:03,  1.86s/iter]
[OPTIMIZER] Bayesian Search:  98%|#########7| 39/40 [01:14<00:01,  1.60s/iter]
[OPTIMIZER] Bayesian Search: 100%|##########| 40/40 [01:15<00:00,  1.38s/iter]
[OPTIMIZER] Bayesian Search: 100%|##########| 40/40 [01:15<00:00,  1.88s/iter]
  Iteration 5: loss=0.032, awt_imp=0.02, ept_inc=0.05, weighted_gain=-0.009
  Iteration 10: loss=-0.017, awt_imp=0.03, ept_inc=0.00, weighted_gain=0.017
  Iteration 15: loss=-0.013, awt_imp=0.03, ept_inc=0.01, weighted_gain=0.013
  Iteration 20: loss=-0.009, awt_imp=0.03, ept_inc=0.02, weighted_gain=0.009
  Iteration 25: loss=-0.009, awt_imp=0.03, ept_inc=0.02, weighted_gain=0.009
  Iteration 30: loss=-0.017, awt_imp=0.03, ept_inc=0.00, weighted_gain=0.017
  Iteration 35: loss=-0.017, awt_imp=0.03, ept_inc=0.00, weighted_gain=0.017
  Iteration 40: loss=-0.003, awt_imp=0.02, ept_inc=0.02, weighted_gain=0.003
[OPTIMIZER] Optimization complete!
  Best loss: -0.017
  Best params: u1=11, u2=3, u3=5, delta_ept=2.00, duracion_hdm=22

======================================================================
OPTIMIZATION RESULTS
======================================================================

Optimal HDM Configuration:
  u1 (ordenes threshold):    11
  u2 (riders threshold):     3
  u3 (AWT threshold):        5 minutes
  delta_ept (EPT increase):  2.00 minutes
  duracion_hdm (duration):   22 minutes

Objective value (loss):  -0.017
======================================================================


[OPTIMIZER] Extracted 2 strategic profiles
  Agresiva: AWT improvement 0.03 min, EPT increase 0.02 min, Activation rate 0.0%
  Equilibrada: AWT improvement 0.03 min, EPT increase 0.00 min, Activation rate 0.0%

  [4/9] Processing partner 299049...

  [PARTNER 299049] Kfc Mall La Portada | 2026-02-23 to 2026-03-01 | 10080 rows

[ANALYTICS] Starting exploratory analysis...

============================================================
BASELINE METRICS
============================================================

Ordenes Pendientes:
  Promedio: 4.47
  Std Dev: 6.80
  P50: 0.0
  P95: 19.0

Riders Cerca:
  Promedio: 1.11
  Std Dev: 1.79
  P50: 0.0
  P95: 5.0

AWT (Avoidable Wait Time):
  Promedio: 6.92 min
  Std Dev: 12.23
  P50: 0.0 min
  P95: 32.2 min

HDM Activation:
  Total activations: 2638
  Activation rate: 26.17%

EPT WIP (Suavizado):
  Promedio: 7.67 min
  P95: 22.10 min

EPT WIP (Original):
  Promedio: 17.16 min
  P95: 49.76 min

EPT (Estimated Prep Time):
  Promedio: 7.67 min
  P95: 22.10 min
============================================================


============================================================
CORRELATION MATRIX
============================================================
                           ordenes_pendientes  ...  ept_promedio_min_smoothed
ordenes_pendientes                      1.000  ...                      0.846
riders_cerca                            0.831  ...                      0.727
max_awt_espera_min                      0.707  ...                      0.628
hdm_activo                              0.735  ...                      0.716
ept_promedio                            0.846  ...                      1.000
ept_promedio_min                        0.830  ...                      0.947
ept_promedio_min_smoothed               0.846  ...                      1.000

[7 rows x 7 columns]
============================================================


============================================================
TRAINING PREDICTIVE MODELS
============================================================

[MODEL] AWT Predictor (linear_regression) trained:
  Train RMSE: 6.034
  Test RMSE: 5.748
  Test MAE: 2.765
  Test R▓: 0.767

[MODEL] EPT Predictor (linear_regression) trained:
  Test RMSE: 4.411
  Test MAE: 3.634
  Test R▓: 0.743

[SIMULATOR] Running 200 Monte Carlo simulations...

[SIMULATOR] Monte Carlo:   0%|[32m          [0m| 0/200 [00:00<?, ?sim/s]
[SIMULATOR] Monte Carlo:   0%|[32m          [0m| 1/200 [00:00<01:58,  
1.68sim/s]
[SIMULATOR] Monte Carlo:   1%|[32m1         [0m| 2/200 [00:01<01:42,  
1.92sim/s]
[SIMULATOR] Monte Carlo:   2%|[32m1         [0m| 3/200 [00:01<01:31,  
2.16sim/s]
[SIMULATOR] Monte Carlo:   2%|[32m2         [0m| 4/200 [00:02<01:39,  
1.96sim/s]
[SIMULATOR] Monte Carlo:   2%|[32m2         [0m| 5/200 [00:02<01:41,  
1.92sim/s]
[SIMULATOR] Monte Carlo:   3%|[32m3         [0m| 6/200 [00:03<01:45,  
1.83sim/s]
[SIMULATOR] Monte Carlo:   4%|[32m3         [0m| 7/200 [00:03<01:44,  
1.85sim/s]
[SIMULATOR] Monte Carlo:   4%|[32m4         [0m| 8/200 [00:04<01:38,  
1.95sim/s]
[SIMULATOR] Monte Carlo:   4%|[32m4         [0m| 9/200 [00:04<01:41,  
1.88sim/s]
[SIMULATOR] Monte Carlo:   5%|[32m5         [0m| 10/200 [00:05<01:45,  
1.80sim/s]
[SIMULATOR] Monte Carlo:   6%|[32m5         [0m| 11/200 [00:05<01:48,  
1.74sim/s]
[SIMULATOR] Monte Carlo:   6%|[32m6         [0m| 12/200 [00:06<01:48,  
1.73sim/s]
[SIMULATOR] Monte Carlo:   6%|[32m6         [0m| 13/200 [00:07<01:52,  
1.66sim/s]
[SIMULATOR] Monte Carlo:   7%|[32m7         [0m| 14/200 [00:07<01:52,  
1.66sim/s]
[SIMULATOR] Monte Carlo:   8%|[32m7         [0m| 15/200 [00:08<02:04,  
1.48sim/s]
[SIMULATOR] Monte Carlo:   8%|[32m8         [0m| 16/200 [00:09<02:23,  
1.28sim/s]
[SIMULATOR] Monte Carlo:   8%|[32m8         [0m| 17/200 [00:10<02:38,  
1.15sim/s]
[SIMULATOR] Monte Carlo:   9%|[32m9         [0m| 18/200 [00:11<02:36,  
1.16sim/s]
[SIMULATOR] Monte Carlo:  10%|[32m9         [0m| 19/200 [00:12<02:33,  
1.18sim/s]
[SIMULATOR] Monte Carlo:  10%|[32m#         [0m| 20/200 [00:13<02:24,  
1.25sim/s]
[SIMULATOR] Monte Carlo:  10%|[32m#         [0m| 21/200 [00:13<02:04,  
1.44sim/s]
[SIMULATOR] Monte Carlo:  11%|[32m#1        [0m| 22/200 [00:14<01:53,  
1.56sim/s]
[SIMULATOR] Monte Carlo:  12%|[32m#1        [0m| 23/200 [00:14<01:54,  
1.54sim/s]
[SIMULATOR] Monte Carlo:  12%|[32m#2        [0m| 24/200 [00:15<01:48,  
1.63sim/s]
[SIMULATOR] Monte Carlo:  12%|[32m#2        [0m| 25/200 [00:15<01:52,  
1.56sim/s]
[SIMULATOR] Monte Carlo:  13%|[32m#3        [0m| 26/200 [00:16<01:50,  
1.57sim/s]
[SIMULATOR] Monte Carlo:  14%|[32m#3        [0m| 27/200 [00:17<01:47,  
1.60sim/s]
[SIMULATOR] Monte Carlo:  14%|[32m#4        [0m| 28/200 [00:17<01:41,  
1.69sim/s]
[SIMULATOR] Monte Carlo:  14%|[32m#4        [0m| 29/200 [00:18<01:43,  
1.65sim/s]
[SIMULATOR] Monte Carlo:  15%|[32m#5        [0m| 30/200 [00:18<01:40,  
1.68sim/s]
[SIMULATOR] Monte Carlo:  16%|[32m#5        [0m| 31/200 [00:19<01:36,  
1.75sim/s]
[SIMULATOR] Monte Carlo:  16%|[32m#6        [0m| 32/200 [00:20<01:36,  
1.74sim/s]
[SIMULATOR] Monte Carlo:  16%|[32m#6        [0m| 33/200 [00:20<01:32,  
1.80sim/s]
[SIMULATOR] Monte Carlo:  17%|[32m#7        [0m| 34/200 [00:21<01:29,  
1.85sim/s]
[SIMULATOR] Monte Carlo:  18%|[32m#7        [0m| 35/200 [00:21<01:36,  
1.71sim/s]
[SIMULATOR] Monte Carlo:  18%|[32m#8        [0m| 36/200 [00:22<01:40,  
1.64sim/s]
[SIMULATOR] Monte Carlo:  18%|[32m#8        [0m| 37/200 [00:23<01:45,  
1.54sim/s]
[SIMULATOR] Monte Carlo:  19%|[32m#9        [0m| 38/200 [00:23<01:40,  
1.62sim/s]
[SIMULATOR] Monte Carlo:  20%|[32m#9        [0m| 39/200 [00:24<01:39,  
1.62sim/s]
[SIMULATOR] Monte Carlo:  20%|[32m##        [0m| 40/200 [00:24<01:35,  
1.68sim/s]
[SIMULATOR] Monte Carlo:  20%|[32m##        [0m| 41/200 [00:25<01:40,  
1.57sim/s]
[SIMULATOR] Monte Carlo:  21%|[32m##1       [0m| 42/200 [00:26<01:41,  
1.56sim/s]
[SIMULATOR] Monte Carlo:  22%|[32m##1       [0m| 43/200 [00:26<01:38,  
1.60sim/s]
[SIMULATOR] Monte Carlo:  22%|[32m##2       [0m| 44/200 [00:27<01:41,  
1.53sim/s]
[SIMULATOR] Monte Carlo:  22%|[32m##2       [0m| 45/200 [00:28<01:43,  
1.49sim/s]
[SIMULATOR] Monte Carlo:  23%|[32m##3       [0m| 46/200 [00:28<01:46,  
1.45sim/s]
[SIMULATOR] Monte Carlo:  24%|[32m##3       [0m| 47/200 [00:29<01:34,  
1.62sim/s]
[SIMULATOR] Monte Carlo:  24%|[32m##4       [0m| 48/200 [00:29<01:30,  
1.67sim/s]
[SIMULATOR] Monte Carlo:  24%|[32m##4       [0m| 49/200 [00:30<01:22,  
1.84sim/s]
[SIMULATOR] Monte Carlo:  25%|[32m##5       [0m| 50/200 [00:30<01:14,  
2.01sim/s]
[SIMULATOR] Monte Carlo:  26%|[32m##5       [0m| 51/200 [00:31<01:15,  
1.97sim/s]
[SIMULATOR] Monte Carlo:  26%|[32m##6       [0m| 52/200 [00:31<01:12,  
2.04sim/s]
[SIMULATOR] Monte Carlo:  26%|[32m##6       [0m| 53/200 [00:32<01:12,  
2.04sim/s]
[SIMULATOR] Monte Carlo:  27%|[32m##7       [0m| 54/200 [00:32<01:08,  
2.15sim/s]
[SIMULATOR] Monte Carlo:  28%|[32m##7       [0m| 55/200 [00:33<01:10,  
2.06sim/s]
[SIMULATOR] Monte Carlo:  28%|[32m##8       [0m| 56/200 [00:33<01:13,  
1.96sim/s]
[SIMULATOR] Monte Carlo:  28%|[32m##8       [0m| 57/200 [00:34<01:12,  
1.98sim/s]
[SIMULATOR] Monte Carlo:  29%|[32m##9       [0m| 58/200 [00:34<01:09,  
2.05sim/s]
[SIMULATOR] Monte Carlo:  30%|[32m##9       [0m| 59/200 [00:35<01:08,  
2.05sim/s]
[SIMULATOR] Monte Carlo:  30%|[32m###       [0m| 60/200 [00:35<01:14,  
1.89sim/s]
[SIMULATOR] Monte Carlo:  30%|[32m###       [0m| 61/200 [00:36<01:12,  
1.91sim/s]
[SIMULATOR] Monte Carlo:  31%|[32m###1      [0m| 62/200 [00:36<01:06,  
2.06sim/s]
[SIMULATOR] Monte Carlo:  32%|[32m###1      [0m| 63/200 [00:37<01:11,  
1.90sim/s]
[SIMULATOR] Monte Carlo:  32%|[32m###2      [0m| 64/200 [00:37<01:11,  
1.90sim/s]
[SIMULATOR] Monte Carlo:  32%|[32m###2      [0m| 65/200 [00:38<01:14,  
1.80sim/s]
[SIMULATOR] Monte Carlo:  33%|[32m###3      [0m| 66/200 [00:39<01:22,  
1.63sim/s]
[SIMULATOR] Monte Carlo:  34%|[32m###3      [0m| 67/200 [00:39<01:21,  
1.63sim/s]
[SIMULATOR] Monte Carlo:  34%|[32m###4      [0m| 68/200 [00:40<01:16,  
1.72sim/s]
[SIMULATOR] Monte Carlo:  34%|[32m###4      [0m| 69/200 [00:40<01:13,  
1.78sim/s]
[SIMULATOR] Monte Carlo:  35%|[32m###5      [0m| 70/200 [00:41<01:11,  
1.82sim/s]
[SIMULATOR] Monte Carlo:  36%|[32m###5      [0m| 71/200 [00:41<01:09,  
1.86sim/s]
[SIMULATOR] Monte Carlo:  36%|[32m###6      [0m| 72/200 [00:42<01:04,  
1.98sim/s]
[SIMULATOR] Monte Carlo:  36%|[32m###6      [0m| 73/200 [00:42<01:01,  
2.05sim/s]
[SIMULATOR] Monte Carlo:  37%|[32m###7      [0m| 74/200 [00:43<01:00,  
2.10sim/s]
[SIMULATOR] Monte Carlo:  38%|[32m###7      [0m| 75/200 [00:43<01:00,  
2.07sim/s]
[SIMULATOR] Monte Carlo:  38%|[32m###8      [0m| 76/200 [00:44<00:58,  
2.11sim/s]
[SIMULATOR] Monte Carlo:  38%|[32m###8      [0m| 77/200 [00:44<01:02,  
1.98sim/s]
[SIMULATOR] Monte Carlo:  39%|[32m###9      [0m| 78/200 [00:45<01:07,  
1.82sim/s]
[SIMULATOR] Monte Carlo:  40%|[32m###9      [0m| 79/200 [00:46<01:08,  
1.76sim/s]
[SIMULATOR] Monte Carlo:  40%|[32m####      [0m| 80/200 [00:46<01:13,  
1.64sim/s]
[SIMULATOR] Monte Carlo:  40%|[32m####      [0m| 81/200 [00:47<01:12,  
1.64sim/s]
[SIMULATOR] Monte Carlo:  41%|[32m####1     [0m| 82/200 [00:47<01:13,  
1.61sim/s]
[SIMULATOR] Monte Carlo:  42%|[32m####1     [0m| 83/200 [00:48<01:17,  
1.52sim/s]
[SIMULATOR] Monte Carlo:  42%|[32m####2     [0m| 84/200 [00:49<01:16,  
1.52sim/s]
[SIMULATOR] Monte Carlo:  42%|[32m####2     [0m| 85/200 [00:50<01:19,  
1.45sim/s]
[SIMULATOR] Monte Carlo:  43%|[32m####3     [0m| 86/200 [00:50<01:17,  
1.47sim/s]
[SIMULATOR] Monte Carlo:  44%|[32m####3     [0m| 87/200 [00:51<01:12,  
1.56sim/s]
[SIMULATOR] Monte Carlo:  44%|[32m####4     [0m| 88/200 [00:51<01:08,  
1.63sim/s]
[SIMULATOR] Monte Carlo:  44%|[32m####4     [0m| 89/200 [00:52<01:03,  
1.76sim/s]
[SIMULATOR] Monte Carlo:  45%|[32m####5     [0m| 90/200 [00:52<01:02,  
1.77sim/s]
[SIMULATOR] Monte Carlo:  46%|[32m####5     [0m| 91/200 [00:53<01:01,  
1.77sim/s]
[SIMULATOR] Monte Carlo:  46%|[32m####6     [0m| 92/200 [00:54<01:00,  
1.78sim/s]
[SIMULATOR] Monte Carlo:  46%|[32m####6     [0m| 93/200 [00:54<01:00,  
1.76sim/s]
[SIMULATOR] Monte Carlo:  47%|[32m####6     [0m| 94/200 [00:55<01:00,  
1.74sim/s]
[SIMULATOR] Monte Carlo:  48%|[32m####7     [0m| 95/200 [00:55<01:04,  
1.63sim/s]
[SIMULATOR] Monte Carlo:  48%|[32m####8     [0m| 96/200 [00:56<01:07,  
1.55sim/s]
[SIMULATOR] Monte Carlo:  48%|[32m####8     [0m| 97/200 [00:57<01:06,  
1.55sim/s]
[SIMULATOR] Monte Carlo:  49%|[32m####9     [0m| 98/200 [00:57<01:05,  
1.55sim/s]
[SIMULATOR] Monte Carlo:  50%|[32m####9     [0m| 99/200 [00:58<01:07,  
1.49sim/s]
[SIMULATOR] Monte Carlo:  50%|[32m#####     [0m| 100/200 [00:59<01:06,  
1.50sim/s]
[SIMULATOR] Monte Carlo:  50%|[32m#####     [0m| 101/200 [00:59<01:00,  
1.64sim/s]
[SIMULATOR] Monte Carlo:  51%|[32m#####1    [0m| 102/200 [01:00<00:58,  
1.66sim/s]
[SIMULATOR] Monte Carlo:  52%|[32m#####1    [0m| 103/200 [01:01<00:59,  
1.64sim/s]
[SIMULATOR] Monte Carlo:  52%|[32m#####2    [0m| 104/200 [01:01<00:57,  
1.68sim/s]
[SIMULATOR] Monte Carlo:  52%|[32m#####2    [0m| 105/200 [01:02<00:53,  
1.79sim/s]
[SIMULATOR] Monte Carlo:  53%|[32m#####3    [0m| 106/200 [01:02<00:50,  
1.88sim/s]
[SIMULATOR] Monte Carlo:  54%|[32m#####3    [0m| 107/200 [01:02<00:44,  
2.07sim/s]
[SIMULATOR] Monte Carlo:  54%|[32m#####4    [0m| 108/200 [01:03<00:45,  
2.03sim/s]
[SIMULATOR] Monte Carlo:  55%|[32m#####4    [0m| 109/200 [01:03<00:41,  
2.17sim/s]
[SIMULATOR] Monte Carlo:  55%|[32m#####5    [0m| 110/200 [01:04<00:41,  
2.14sim/s]
[SIMULATOR] Monte Carlo:  56%|[32m#####5    [0m| 111/200 [01:04<00:43,  
2.07sim/s]
[SIMULATOR] Monte Carlo:  56%|[32m#####6    [0m| 112/200 [01:05<00:44,  
1.99sim/s]
[SIMULATOR] Monte Carlo:  56%|[32m#####6    [0m| 113/200 [01:05<00:43,  
2.02sim/s]
[SIMULATOR] Monte Carlo:  57%|[32m#####6    [0m| 114/200 [01:06<00:43,  
1.96sim/s]
[SIMULATOR] Monte Carlo:  57%|[32m#####7    [0m| 115/200 [01:06<00:40,  
2.08sim/s]
[SIMULATOR] Monte Carlo:  58%|[32m#####8    [0m| 116/200 [01:07<00:42,  
2.00sim/s]
[SIMULATOR] Monte Carlo:  58%|[32m#####8    [0m| 117/200 [01:07<00:44,  
1.86sim/s]
[SIMULATOR] Monte Carlo:  59%|[32m#####8    [0m| 118/200 [01:08<00:46,  
1.75sim/s]
[SIMULATOR] Monte Carlo:  60%|[32m#####9    [0m| 119/200 [01:09<00:47,  
1.70sim/s]
[SIMULATOR] Monte Carlo:  60%|[32m######    [0m| 120/200 [01:09<00:47,  
1.67sim/s]
[SIMULATOR] Monte Carlo:  60%|[32m######    [0m| 121/200 [01:10<00:48,  
1.64sim/s]
[SIMULATOR] Monte Carlo:  61%|[32m######1   [0m| 122/200 [01:11<00:47,  
1.64sim/s]
[SIMULATOR] Monte Carlo:  62%|[32m######1   [0m| 123/200 [01:11<00:48,  
1.58sim/s]
[SIMULATOR] Monte Carlo:  62%|[32m######2   [0m| 124/200 [01:12<00:44,  
1.73sim/s]
[SIMULATOR] Monte Carlo:  62%|[32m######2   [0m| 125/200 [01:12<00:43,  
1.73sim/s]
[SIMULATOR] Monte Carlo:  63%|[32m######3   [0m| 126/200 [01:13<00:42,  
1.76sim/s]
[SIMULATOR] Monte Carlo:  64%|[32m######3   [0m| 127/200 [01:14<00:43,  
1.67sim/s]
[SIMULATOR] Monte Carlo:  64%|[32m######4   [0m| 128/200 [01:14<00:40,  
1.77sim/s]
[SIMULATOR] Monte Carlo:  64%|[32m######4   [0m| 129/200 [01:14<00:38,  
1.85sim/s]
[SIMULATOR] Monte Carlo:  65%|[32m######5   [0m| 130/200 [01:15<00:37,  
1.88sim/s]
[SIMULATOR] Monte Carlo:  66%|[32m######5   [0m| 131/200 [01:15<00:34,  
2.02sim/s]
[SIMULATOR] Monte Carlo:  66%|[32m######6   [0m| 132/200 [01:16<00:33,  
2.01sim/s]
[SIMULATOR] Monte Carlo:  66%|[32m######6   [0m| 133/200 [01:16<00:32,  
2.03sim/s]
[SIMULATOR] Monte Carlo:  67%|[32m######7   [0m| 134/200 [01:17<00:35,  
1.84sim/s]
[SIMULATOR] Monte Carlo:  68%|[32m######7   [0m| 135/200 [01:18<00:35,  
1.81sim/s]
[SIMULATOR] Monte Carlo:  68%|[32m######8   [0m| 136/200 [01:18<00:36,  
1.78sim/s]
[SIMULATOR] Monte Carlo:  68%|[32m######8   [0m| 137/200 [01:19<00:35,  
1.79sim/s]
[SIMULATOR] Monte Carlo:  69%|[32m######9   [0m| 138/200 [01:19<00:34,  
1.79sim/s]
[SIMULATOR] Monte Carlo:  70%|[32m######9   [0m| 139/200 [01:20<00:34,  
1.76sim/s]
[SIMULATOR] Monte Carlo:  70%|[32m#######   [0m| 140/200 [01:20<00:32,  
1.83sim/s]
[SIMULATOR] Monte Carlo:  70%|[32m#######   [0m| 141/200 [01:21<00:30,  
1.93sim/s]
[SIMULATOR] Monte Carlo:  71%|[32m#######1  [0m| 142/200 [01:21<00:29,  
1.95sim/s]
[SIMULATOR] Monte Carlo:  72%|[32m#######1  [0m| 143/200 [01:22<00:27,  
2.07sim/s]
[SIMULATOR] Monte Carlo:  72%|[32m#######2  [0m| 144/200 [01:22<00:28,  
1.98sim/s]
[SIMULATOR] Monte Carlo:  72%|[32m#######2  [0m| 145/200 [01:23<00:28,  
1.93sim/s]
[SIMULATOR] Monte Carlo:  73%|[32m#######3  [0m| 146/200 [01:24<00:30,  
1.74sim/s]
[SIMULATOR] Monte Carlo:  74%|[32m#######3  [0m| 147/200 [01:24<00:29,  
1.79sim/s]
[SIMULATOR] Monte Carlo:  74%|[32m#######4  [0m| 148/200 [01:25<00:27,  
1.89sim/s]
[SIMULATOR] Monte Carlo:  74%|[32m#######4  [0m| 149/200 [01:25<00:24,  
2.09sim/s]
[SIMULATOR] Monte Carlo:  75%|[32m#######5  [0m| 150/200 [01:25<00:22,  
2.20sim/s]
[SIMULATOR] Monte Carlo:  76%|[32m#######5  [0m| 151/200 [01:26<00:21,  
2.26sim/s]
[SIMULATOR] Monte Carlo:  76%|[32m#######6  [0m| 152/200 [01:26<00:20,  
2.31sim/s]
[SIMULATOR] Monte Carlo:  76%|[32m#######6  [0m| 153/200 [01:27<00:21,  
2.21sim/s]
[SIMULATOR] Monte Carlo:  77%|[32m#######7  [0m| 154/200 [01:27<00:21,  
2.19sim/s]
[SIMULATOR] Monte Carlo:  78%|[32m#######7  [0m| 155/200 [01:28<00:21,  
2.11sim/s]
[SIMULATOR] Monte Carlo:  78%|[32m#######8  [0m| 156/200 [01:28<00:20,  
2.13sim/s]
[SIMULATOR] Monte Carlo:  78%|[32m#######8  [0m| 157/200 [01:28<00:19,  
2.21sim/s]
[SIMULATOR] Monte Carlo:  79%|[32m#######9  [0m| 158/200 [01:29<00:18,  
2.28sim/s]
[SIMULATOR] Monte Carlo:  80%|[32m#######9  [0m| 159/200 [01:29<00:17,  
2.35sim/s]
[SIMULATOR] Monte Carlo:  80%|[32m########  [0m| 160/200 [01:30<00:17,  
2.35sim/s]
[SIMULATOR] Monte Carlo:  80%|[32m########  [0m| 161/200 [01:30<00:16,  
2.35sim/s]
[SIMULATOR] Monte Carlo:  81%|[32m########1 [0m| 162/200 [01:31<00:16,  
2.34sim/s]
[SIMULATOR] Monte Carlo:  82%|[32m########1 [0m| 163/200 [01:31<00:16,  
2.31sim/s]
[SIMULATOR] Monte Carlo:  82%|[32m########2 [0m| 164/200 [01:31<00:15,  
2.29sim/s]
[SIMULATOR] Monte Carlo:  82%|[32m########2 [0m| 165/200 [01:32<00:15,  
2.33sim/s]
[SIMULATOR] Monte Carlo:  83%|[32m########2 [0m| 166/200 [01:32<00:14,  
2.38sim/s]
[SIMULATOR] Monte Carlo:  84%|[32m########3 [0m| 167/200 [01:33<00:13,  
2.43sim/s]
[SIMULATOR] Monte Carlo:  84%|[32m########4 [0m| 168/200 [01:33<00:13,  
2.45sim/s]
[SIMULATOR] Monte Carlo:  84%|[32m########4 [0m| 169/200 [01:33<00:12,  
2.46sim/s]
[SIMULATOR] Monte Carlo:  85%|[32m########5 [0m| 170/200 [01:34<00:12,  
2.45sim/s]
[SIMULATOR] Monte Carlo:  86%|[32m########5 [0m| 171/200 [01:34<00:11,  
2.46sim/s]
[SIMULATOR] Monte Carlo:  86%|[32m########6 [0m| 172/200 [01:35<00:11,  
2.47sim/s]
[SIMULATOR] Monte Carlo:  86%|[32m########6 [0m| 173/200 [01:35<00:10,  
2.48sim/s]
[SIMULATOR] Monte Carlo:  87%|[32m########7 [0m| 174/200 [01:35<00:10,  
2.50sim/s]
[SIMULATOR] Monte Carlo:  88%|[32m########7 [0m| 175/200 [01:36<00:10,  
2.50sim/s]
[SIMULATOR] Monte Carlo:  88%|[32m########8 [0m| 176/200 [01:36<00:09,  
2.47sim/s]
[SIMULATOR] Monte Carlo:  88%|[32m########8 [0m| 177/200 [01:37<00:09,  
2.41sim/s]
[SIMULATOR] Monte Carlo:  89%|[32m########9 [0m| 178/200 [01:37<00:09,  
2.35sim/s]
[SIMULATOR] Monte Carlo:  90%|[32m########9 [0m| 179/200 [01:38<00:09,  
2.31sim/s]
[SIMULATOR] Monte Carlo:  90%|[32m######### [0m| 180/200 [01:38<00:08,  
2.30sim/s]
[SIMULATOR] Monte Carlo:  90%|[32m######### [0m| 181/200 [01:39<00:08,  
2.28sim/s]
[SIMULATOR] Monte Carlo:  91%|[32m#########1[0m| 182/200 [01:39<00:07,  
2.33sim/s]
[SIMULATOR] Monte Carlo:  92%|[32m#########1[0m| 183/200 [01:39<00:07,  
2.40sim/s]
[SIMULATOR] Monte Carlo:  92%|[32m#########2[0m| 184/200 [01:40<00:06,  
2.43sim/s]
[SIMULATOR] Monte Carlo:  92%|[32m#########2[0m| 185/200 [01:40<00:06,  
2.48sim/s]
[SIMULATOR] Monte Carlo:  93%|[32m#########3[0m| 186/200 [01:41<00:05,  
2.42sim/s]
[SIMULATOR] Monte Carlo:  94%|[32m#########3[0m| 187/200 [01:41<00:05,  
2.47sim/s]
[SIMULATOR] Monte Carlo:  94%|[32m#########3[0m| 188/200 [01:41<00:04,  
2.47sim/s]
[SIMULATOR] Monte Carlo:  94%|[32m#########4[0m| 189/200 [01:42<00:04,  
2.48sim/s]
[SIMULATOR] Monte Carlo:  95%|[32m#########5[0m| 190/200 [01:42<00:03,  
2.53sim/s]
[SIMULATOR] Monte Carlo:  96%|[32m#########5[0m| 191/200 [01:42<00:03,  
2.55sim/s]
[SIMULATOR] Monte Carlo:  96%|[32m#########6[0m| 192/200 [01:43<00:03,  
2.54sim/s]
[SIMULATOR] Monte Carlo:  96%|[32m#########6[0m| 193/200 [01:43<00:02,  
2.55sim/s]
[SIMULATOR] Monte Carlo:  97%|[32m#########7[0m| 194/200 [01:44<00:02,  
2.57sim/s]
[SIMULATOR] Monte Carlo:  98%|[32m#########7[0m| 195/200 [01:44<00:01,  
2.52sim/s]
[SIMULATOR] Monte Carlo:  98%|[32m#########8[0m| 196/200 [01:44<00:01,  
2.51sim/s]
[SIMULATOR] Monte Carlo:  98%|[32m#########8[0m| 197/200 [01:45<00:01,  
2.48sim/s]
[SIMULATOR] Monte Carlo:  99%|[32m#########9[0m| 198/200 [01:45<00:00,  
2.51sim/s]
[SIMULATOR] Monte Carlo: 100%|[32m#########9[0m| 199/200 [01:46<00:00,  
2.51sim/s]
[SIMULATOR] Monte Carlo: 100%|[32m##########[0m| 200/200 [01:46<00:00,  
2.53sim/s]
[SIMULATOR] Monte Carlo: 100%|[32m##########[0m| 200/200 [01:46<00:00,  
1.88sim/s]
[SIMULATOR] Simulations complete!

[OPTIMIZER] Starting Bayesian optimization (gp_minimize)...
  n_calls: 40
  EPT constraint: max increase = 10 min

[OPTIMIZER] Bayesian Search:   0%|          | 0/40 [00:00<?, ?iter/s]
[OPTIMIZER] Bayesian Search:   2%|2         | 1/40 [00:00<00:16,  2.33iter/s]
[OPTIMIZER] Bayesian Search:   5%|5         | 2/40 [00:00<00:16,  2.31iter/s]
[OPTIMIZER] Bayesian Search:   8%|7         | 3/40 [00:01<00:16,  2.20iter/s]
[OPTIMIZER] Bayesian Search:  10%|#         | 4/40 [00:01<00:15,  2.31iter/s]
[OPTIMIZER] Bayesian Search:  12%|#2        | 5/40 [00:02<00:16,  2.07iter/s]
[OPTIMIZER] Bayesian Search:  15%|#5        | 6/40 [00:02<00:17,  1.92iter/s]
[OPTIMIZER] Bayesian Search:  18%|#7        | 7/40 [00:03<00:17,  1.84iter/s]
[OPTIMIZER] Bayesian Search:  20%|##        | 8/40 [00:04<00:17,  1.85iter/s]
[OPTIMIZER] Bayesian Search:  22%|##2       | 9/40 [00:04<00:17,  1.74iter/s]
[OPTIMIZER] Bayesian Search:  25%|##5       | 10/40 [00:05<00:17,  1.71iter/s]
[OPTIMIZER] Bayesian Search:  28%|##7       | 11/40 [00:05<00:16,  1.71iter/s]
[OPTIMIZER] Bayesian Search:  30%|###       | 12/40 [00:06<00:16,  1.69iter/s]
[OPTIMIZER] Bayesian Search:  32%|###2      | 13/40 [00:07<00:16,  1.68iter/s]
[OPTIMIZER] Bayesian Search:  35%|###5      | 14/40 [00:07<00:15,  1.65iter/s]
[OPTIMIZER] Bayesian Search:  38%|###7      | 15/40 [00:08<00:15,  1.65iter/s]
[OPTIMIZER] Bayesian Search:  40%|####      | 16/40 [00:09<00:15,  1.56iter/s]
[OPTIMIZER] Bayesian Search:  42%|####2     | 17/40 [00:09<00:14,  1.54iter/s]
[OPTIMIZER] Bayesian Search:  45%|####5     | 18/40 [00:10<00:14,  1.48iter/s]
[OPTIMIZER] Bayesian Search:  48%|####7     | 19/40 [00:11<00:15,  1.34iter/s]
[OPTIMIZER] Bayesian Search:  50%|#####     | 20/40 [00:12<00:14,  1.34iter/s]
[OPTIMIZER] Bayesian Search:  52%|#####2    | 21/40 [00:12<00:13,  1.40iter/s]
[OPTIMIZER] Bayesian Search:  55%|#####5    | 22/40 [00:13<00:12,  1.41iter/s]
[OPTIMIZER] Bayesian Search:  57%|#####7    | 23/40 [00:14<00:11,  1.43iter/s]
[OPTIMIZER] Bayesian Search:  60%|######    | 24/40 [00:14<00:10,  1.52iter/s]
[OPTIMIZER] Bayesian Search:  62%|######2   | 25/40 [00:15<00:09,  1.51iter/s]
[OPTIMIZER] Bayesian Search:  65%|######5   | 26/40 [00:16<00:09,  1.52iter/s]
[OPTIMIZER] Bayesian Search:  68%|######7   | 27/40 [00:16<00:08,  1.59iter/s]
[OPTIMIZER] Bayesian Search:  70%|#######   | 28/40 [00:17<00:07,  1.53iter/s]
[OPTIMIZER] Bayesian Search:  72%|#######2  | 29/40 [00:17<00:07,  1.56iter/s]
[OPTIMIZER] Bayesian Search:  75%|#######5  | 30/40 [00:18<00:06,  1.48iter/s]
[OPTIMIZER] Bayesian Search:  78%|#######7  | 31/40 [00:19<00:05,  1.50iter/s]
[OPTIMIZER] Bayesian Search:  80%|########  | 32/40 [00:20<00:05,  1.45iter/s]
[OPTIMIZER] Bayesian Search:  82%|########2 | 33/40 [00:20<00:05,  1.40iter/s]
[OPTIMIZER] Bayesian Search:  85%|########5 | 34/40 [00:21<00:04,  1.33iter/s]
[OPTIMIZER] Bayesian Search:  88%|########7 | 35/40 [00:22<00:03,  1.31iter/s]
[OPTIMIZER] Bayesian Search:  90%|######### | 36/40 [00:23<00:03,  1.31iter/s]
[OPTIMIZER] Bayesian Search:  92%|#########2| 37/40 [00:23<00:02,  1.32iter/s]
[OPTIMIZER] Bayesian Search:  95%|#########5| 38/40 [00:24<00:01,  1.31iter/s]
[OPTIMIZER] Bayesian Search:  98%|#########7| 39/40 [00:25<00:00,  1.32iter/s]
[OPTIMIZER] Bayesian Search: 100%|##########| 40/40 [00:26<00:00,  1.32iter/s]
[OPTIMIZER] Bayesian Search: 100%|##########| 40/40 [00:26<00:00,  1.53iter/s]
  Iteration 5: loss=10.622, awt_imp=0.17, ept_inc=0.77, weighted_gain=-0.204
  Iteration 10: loss=-0.082, awt_imp=0.32, ept_inc=0.28, weighted_gain=0.082
  Iteration 15: loss=0.006, awt_imp=0.27, ept_inc=0.31, weighted_gain=0.040
  Iteration 20: loss=-0.144, awt_imp=0.39, ept_inc=0.23, weighted_gain=0.144
  Iteration 25: loss=6.749, awt_imp=0.22, ept_inc=0.69, weighted_gain=-0.142
  Iteration 30: loss=4.414, awt_imp=0.26, ept_inc=0.64, weighted_gain=-0.098
  Iteration 35: loss=69.808, awt_imp=0.23, ept_inc=1.75, weighted_gain=-0.560
  Iteration 40: loss=-0.066, awt_imp=0.30, ept_inc=0.29, weighted_gain=0.066
[OPTIMIZER] Optimization complete!
  Best loss: -0.144
  Best params: u1=12, u2=3, u3=12, delta_ept=2.00, duracion_hdm=10

======================================================================
OPTIMIZATION RESULTS
======================================================================

Optimal HDM Configuration:
  u1 (ordenes threshold):    12
  u2 (riders threshold):     3
  u3 (AWT threshold):        12 minutes
  delta_ept (EPT increase):  2.00 minutes
  duracion_hdm (duration):   10 minutes

Objective value (loss):  -0.144
======================================================================


[OPTIMIZER] Extracted 2 strategic profiles
  Agresiva: AWT improvement 0.39 min, EPT increase 0.23 min, Activation rate 11.0%
  Equilibrada: AWT improvement 0.37 min, EPT increase 0.24 min, Activation rate 12.0%

  [5/9] Processing partner 449793...

  [PARTNER 449793] Kfc Santa Isabel | 2026-02-23 to 2026-03-01 | 10080 rows

[ANALYTICS] Starting exploratory analysis...

============================================================
BASELINE METRICS
============================================================

Ordenes Pendientes:
  Promedio: 1.30
  Std Dev: 2.34
  P50: 0.0
  P95: 6.0

Riders Cerca:
  Promedio: 0.34
  Std Dev: 0.63
  P50: 0.0
  P95: 2.0

AWT (Avoidable Wait Time):
  Promedio: 1.81 min
  Std Dev: 4.43
  P50: 0.0 min
  P95: 11.1 min

HDM Activation:
  Total activations: 726
  Activation rate: 7.20%

EPT WIP (Suavizado):
  Promedio: 5.81 min
  P95: 21.22 min

EPT WIP (Original):
  Promedio: 5.36 min
  P95: 18.00 min

EPT (Estimated Prep Time):
  Promedio: 5.81 min
  P95: 21.22 min
============================================================


============================================================
CORRELATION MATRIX
============================================================
                           ordenes_pendientes  ...  ept_promedio_min_smoothed
ordenes_pendientes                      1.000  ...                      0.672
riders_cerca                            0.605  ...                      0.550
max_awt_espera_min                      0.485  ...                      0.391
hdm_activo                              0.456  ...                      0.292
ept_promedio                            0.672  ...                      1.000
ept_promedio_min                        0.825  ...                      0.819
ept_promedio_min_smoothed               0.672  ...                      1.000

[7 rows x 7 columns]
============================================================


============================================================
TRAINING PREDICTIVE MODELS
============================================================

[MODEL] AWT Predictor (linear_regression) trained:
  Train RMSE: 2.853
  Test RMSE: 2.765
  Test MAE: 1.164
  Test R▓: 0.598

[MODEL] EPT Predictor (linear_regression) trained:
  Test RMSE: 5.684
  Test MAE: 4.411
  Test R▓: 0.503

[SIMULATOR] Running 200 Monte Carlo simulations...

[SIMULATOR] Monte Carlo:   0%|[32m          [0m| 0/200 [00:00<?, ?sim/s]
[SIMULATOR] Monte Carlo:   0%|[32m          [0m| 1/200 [00:00<01:05,  
3.05sim/s]
[SIMULATOR] Monte Carlo:   1%|[32m1         [0m| 2/200 [00:00<01:07,  
2.94sim/s]
[SIMULATOR] Monte Carlo:   2%|[32m1         [0m| 3/200 [00:01<01:07,  
2.93sim/s]
[SIMULATOR] Monte Carlo:   2%|[32m2         [0m| 4/200 [00:01<01:06,  
2.96sim/s]
[SIMULATOR] Monte Carlo:   2%|[32m2         [0m| 5/200 [00:01<01:07,  
2.90sim/s]
[SIMULATOR] Monte Carlo:   3%|[32m3         [0m| 6/200 [00:02<01:07,  
2.88sim/s]
[SIMULATOR] Monte Carlo:   4%|[32m3         [0m| 7/200 [00:02<01:07,  
2.86sim/s]
[SIMULATOR] Monte Carlo:   4%|[32m4         [0m| 8/200 [00:02<01:06,  
2.89sim/s]
[SIMULATOR] Monte Carlo:   4%|[32m4         [0m| 9/200 [00:03<01:05,  
2.90sim/s]
[SIMULATOR] Monte Carlo:   5%|[32m5         [0m| 10/200 [00:03<01:04,  
2.92sim/s]
[SIMULATOR] Monte Carlo:   6%|[32m5         [0m| 11/200 [00:03<01:04,  
2.92sim/s]
[SIMULATOR] Monte Carlo:   6%|[32m6         [0m| 12/200 [00:04<01:06,  
2.81sim/s]
[SIMULATOR] Monte Carlo:   6%|[32m6         [0m| 13/200 [00:04<01:08,  
2.75sim/s]
[SIMULATOR] Monte Carlo:   7%|[32m7         [0m| 14/200 [00:04<01:12,  
2.58sim/s]
[SIMULATOR] Monte Carlo:   8%|[32m7         [0m| 15/200 [00:05<01:12,  
2.54sim/s]
[SIMULATOR] Monte Carlo:   8%|[32m8         [0m| 16/200 [00:05<01:13,  
2.49sim/s]
[SIMULATOR] Monte Carlo:   8%|[32m8         [0m| 17/200 [00:06<01:13,  
2.47sim/s]
[SIMULATOR] Monte Carlo:   9%|[32m9         [0m| 18/200 [00:06<01:11,  
2.55sim/s]
[SIMULATOR] Monte Carlo:  10%|[32m9         [0m| 19/200 [00:06<01:09,  
2.60sim/s]
[SIMULATOR] Monte Carlo:  10%|[32m#         [0m| 20/200 [00:07<01:06,  
2.70sim/s]
[SIMULATOR] Monte Carlo:  10%|[32m#         [0m| 21/200 [00:07<01:05,  
2.74sim/s]
[SIMULATOR] Monte Carlo:  11%|[32m#1        [0m| 22/200 [00:07<01:04,  
2.77sim/s]
[SIMULATOR] Monte Carlo:  12%|[32m#1        [0m| 23/200 [00:08<01:03,  
2.79sim/s]
[SIMULATOR] Monte Carlo:  12%|[32m#2        [0m| 24/200 [00:08<01:02,  
2.82sim/s]
[SIMULATOR] Monte Carlo:  12%|[32m#2        [0m| 25/200 [00:09<01:01,  
2.86sim/s]
[SIMULATOR] Monte Carlo:  13%|[32m#3        [0m| 26/200 [00:09<01:01,  
2.83sim/s]
[SIMULATOR] Monte Carlo:  14%|[32m#3        [0m| 27/200 [00:09<01:00,  
2.84sim/s]
[SIMULATOR] Monte Carlo:  14%|[32m#4        [0m| 28/200 [00:10<01:02,  
2.77sim/s]
[SIMULATOR] Monte Carlo:  14%|[32m#4        [0m| 29/200 [00:10<01:03,  
2.71sim/s]
[SIMULATOR] Monte Carlo:  15%|[32m#5        [0m| 30/200 [00:10<01:01,  
2.74sim/s]
[SIMULATOR] Monte Carlo:  16%|[32m#5        [0m| 31/200 [00:11<01:02,  
2.72sim/s]
[SIMULATOR] Monte Carlo:  16%|[32m#6        [0m| 32/200 [00:11<01:01,  
2.75sim/s]
[SIMULATOR] Monte Carlo:  16%|[32m#6        [0m| 33/200 [00:11<01:00,  
2.75sim/s]
[SIMULATOR] Monte Carlo:  17%|[32m#7        [0m| 34/200 [00:12<00:59,  
2.78sim/s]
[SIMULATOR] Monte Carlo:  18%|[32m#7        [0m| 35/200 [00:12<00:58,  
2.81sim/s]
[SIMULATOR] Monte Carlo:  18%|[32m#8        [0m| 36/200 [00:12<00:57,  
2.85sim/s]
[SIMULATOR] Monte Carlo:  18%|[32m#8        [0m| 37/200 [00:13<00:56,  
2.86sim/s]
[SIMULATOR] Monte Carlo:  19%|[32m#9        [0m| 38/200 [00:13<00:56,  
2.85sim/s]
[SIMULATOR] Monte Carlo:  20%|[32m#9        [0m| 39/200 [00:14<00:57,  
2.79sim/s]
[SIMULATOR] Monte Carlo:  20%|[32m##        [0m| 40/200 [00:14<00:58,  
2.73sim/s]
[SIMULATOR] Monte Carlo:  20%|[32m##        [0m| 41/200 [00:14<01:01,  
2.58sim/s]
[SIMULATOR] Monte Carlo:  21%|[32m##1       [0m| 42/200 [00:15<01:05,  
2.41sim/s]
[SIMULATOR] Monte Carlo:  22%|[32m##1       [0m| 43/200 [00:15<01:05,  
2.41sim/s]
[SIMULATOR] Monte Carlo:  22%|[32m##2       [0m| 44/200 [00:16<01:04,  
2.41sim/s]
[SIMULATOR] Monte Carlo:  22%|[32m##2       [0m| 45/200 [00:16<01:02,  
2.47sim/s]
[SIMULATOR] Monte Carlo:  23%|[32m##3       [0m| 46/200 [00:16<01:00,  
2.55sim/s]
[SIMULATOR] Monte Carlo:  24%|[32m##3       [0m| 47/200 [00:17<00:58,  
2.60sim/s]
[SIMULATOR] Monte Carlo:  24%|[32m##4       [0m| 48/200 [00:17<00:57,  
2.66sim/s]
[SIMULATOR] Monte Carlo:  24%|[32m##4       [0m| 49/200 [00:18<00:55,  
2.70sim/s]
[SIMULATOR] Monte Carlo:  25%|[32m##5       [0m| 50/200 [00:18<00:54,  
2.74sim/s]
[SIMULATOR] Monte Carlo:  26%|[32m##5       [0m| 51/200 [00:18<00:53,  
2.77sim/s]
[SIMULATOR] Monte Carlo:  26%|[32m##6       [0m| 52/200 [00:19<00:52,  
2.80sim/s]
[SIMULATOR] Monte Carlo:  26%|[32m##6       [0m| 53/200 [00:19<00:52,  
2.80sim/s]
[SIMULATOR] Monte Carlo:  27%|[32m##7       [0m| 54/200 [00:19<00:51,  
2.83sim/s]
[SIMULATOR] Monte Carlo:  28%|[32m##7       [0m| 55/200 [00:20<00:51,  
2.83sim/s]
[SIMULATOR] Monte Carlo:  28%|[32m##8       [0m| 56/200 [00:20<00:49,  
2.88sim/s]
[SIMULATOR] Monte Carlo:  28%|[32m##8       [0m| 57/200 [00:20<00:49,  
2.88sim/s]
[SIMULATOR] Monte Carlo:  29%|[32m##9       [0m| 58/200 [00:21<00:49,  
2.88sim/s]
[SIMULATOR] Monte Carlo:  30%|[32m##9       [0m| 59/200 [00:21<00:49,  
2.87sim/s]
[SIMULATOR] Monte Carlo:  30%|[32m###       [0m| 60/200 [00:21<00:48,  
2.87sim/s]
[SIMULATOR] Monte Carlo:  30%|[32m###       [0m| 61/200 [00:22<00:48,  
2.85sim/s]
[SIMULATOR] Monte Carlo:  31%|[32m###1      [0m| 62/200 [00:22<00:47,  
2.89sim/s]
[SIMULATOR] Monte Carlo:  32%|[32m###1      [0m| 63/200 [00:22<00:47,  
2.89sim/s]
[SIMULATOR] Monte Carlo:  32%|[32m###2      [0m| 64/200 [00:23<00:48,  
2.83sim/s]
[SIMULATOR] Monte Carlo:  32%|[32m###2      [0m| 65/200 [00:23<00:47,  
2.82sim/s]
[SIMULATOR] Monte Carlo:  33%|[32m###3      [0m| 66/200 [00:23<00:48,  
2.78sim/s]
[SIMULATOR] Monte Carlo:  34%|[32m###3      [0m| 67/200 [00:24<00:49,  
2.67sim/s]
[SIMULATOR] Monte Carlo:  34%|[32m###4      [0m| 68/200 [00:24<00:51,  
2.54sim/s]
[SIMULATOR] Monte Carlo:  34%|[32m###4      [0m| 69/200 [00:25<00:52,  
2.50sim/s]
[SIMULATOR] Monte Carlo:  35%|[32m###5      [0m| 70/200 [00:25<00:52,  
2.47sim/s]
[SIMULATOR] Monte Carlo:  36%|[32m###5      [0m| 71/200 [00:26<00:53,  
2.43sim/s]
[SIMULATOR] Monte Carlo:  36%|[32m###6      [0m| 72/200 [00:26<00:51,  
2.47sim/s]
[SIMULATOR] Monte Carlo:  36%|[32m###6      [0m| 73/200 [00:26<00:50,  
2.51sim/s]
[SIMULATOR] Monte Carlo:  37%|[32m###7      [0m| 74/200 [00:27<00:48,  
2.59sim/s]
[SIMULATOR] Monte Carlo:  38%|[32m###7      [0m| 75/200 [00:27<00:47,  
2.64sim/s]
[SIMULATOR] Monte Carlo:  38%|[32m###8      [0m| 76/200 [00:27<00:45,  
2.73sim/s]
[SIMULATOR] Monte Carlo:  38%|[32m###8      [0m| 77/200 [00:28<00:44,  
2.78sim/s]
[SIMULATOR] Monte Carlo:  39%|[32m###9      [0m| 78/200 [00:28<00:43,  
2.81sim/s]
[SIMULATOR] Monte Carlo:  40%|[32m###9      [0m| 79/200 [00:28<00:42,  
2.83sim/s]
[SIMULATOR] Monte Carlo:  40%|[32m####      [0m| 80/200 [00:29<00:41,  
2.87sim/s]
[SIMULATOR] Monte Carlo:  40%|[32m####      [0m| 81/200 [00:29<00:41,  
2.88sim/s]
[SIMULATOR] Monte Carlo:  41%|[32m####1     [0m| 82/200 [00:29<00:40,  
2.90sim/s]
[SIMULATOR] Monte Carlo:  42%|[32m####1     [0m| 83/200 [00:30<00:40,  
2.90sim/s]
[SIMULATOR] Monte Carlo:  42%|[32m####2     [0m| 84/200 [00:30<00:39,  
2.91sim/s]
[SIMULATOR] Monte Carlo:  42%|[32m####2     [0m| 85/200 [00:31<00:39,  
2.94sim/s]
[SIMULATOR] Monte Carlo:  43%|[32m####3     [0m| 86/200 [00:31<00:39,  
2.92sim/s]
[SIMULATOR] Monte Carlo:  44%|[32m####3     [0m| 87/200 [00:31<00:38,  
2.91sim/s]
[SIMULATOR] Monte Carlo:  44%|[32m####4     [0m| 88/200 [00:32<00:38,  
2.89sim/s]
[SIMULATOR] Monte Carlo:  44%|[32m####4     [0m| 89/200 [00:32<00:38,  
2.91sim/s]
[SIMULATOR] Monte Carlo:  45%|[32m####5     [0m| 90/200 [00:32<00:38,  
2.89sim/s]
[SIMULATOR] Monte Carlo:  46%|[32m####5     [0m| 91/200 [00:33<00:38,  
2.86sim/s]
[SIMULATOR] Monte Carlo:  46%|[32m####6     [0m| 92/200 [00:33<00:37,  
2.88sim/s]
[SIMULATOR] Monte Carlo:  46%|[32m####6     [0m| 93/200 [00:33<00:37,  
2.83sim/s]
[SIMULATOR] Monte Carlo:  47%|[32m####6     [0m| 94/200 [00:34<00:39,  
2.70sim/s]
[SIMULATOR] Monte Carlo:  48%|[32m####7     [0m| 95/200 [00:34<00:39,  
2.69sim/s]
[SIMULATOR] Monte Carlo:  48%|[32m####8     [0m| 96/200 [00:35<00:42,  
2.47sim/s]
[SIMULATOR] Monte Carlo:  48%|[32m####8     [0m| 97/200 [00:35<00:42,  
2.43sim/s]
[SIMULATOR] Monte Carlo:  49%|[32m####9     [0m| 98/200 [00:35<00:41,  
2.44sim/s]
[SIMULATOR] Monte Carlo:  50%|[32m####9     [0m| 99/200 [00:36<00:40,  
2.47sim/s]
[SIMULATOR] Monte Carlo:  50%|[32m#####     [0m| 100/200 [00:36<00:39,  
2.55sim/s]
[SIMULATOR] Monte Carlo:  50%|[32m#####     [0m| 101/200 [00:37<00:37,  
2.61sim/s]
[SIMULATOR] Monte Carlo:  51%|[32m#####1    [0m| 102/200 [00:37<00:36,  
2.66sim/s]
[SIMULATOR] Monte Carlo:  52%|[32m#####1    [0m| 103/200 [00:37<00:35,  
2.75sim/s]
[SIMULATOR] Monte Carlo:  52%|[32m#####2    [0m| 104/200 [00:38<00:34,  
2.77sim/s]
[SIMULATOR] Monte Carlo:  52%|[32m#####2    [0m| 105/200 [00:38<00:34,  
2.74sim/s]
[SIMULATOR] Monte Carlo:  53%|[32m#####3    [0m| 106/200 [00:38<00:34,  
2.76sim/s]
[SIMULATOR] Monte Carlo:  54%|[32m#####3    [0m| 107/200 [00:39<00:35,  
2.62sim/s]
[SIMULATOR] Monte Carlo:  54%|[32m#####4    [0m| 108/200 [00:39<00:35,  
2.57sim/s]
[SIMULATOR] Monte Carlo:  55%|[32m#####4    [0m| 109/200 [00:40<00:35,  
2.59sim/s]
[SIMULATOR] Monte Carlo:  55%|[32m#####5    [0m| 110/200 [00:40<00:34,  
2.59sim/s]
[SIMULATOR] Monte Carlo:  56%|[32m#####5    [0m| 111/200 [00:40<00:33,  
2.67sim/s]
[SIMULATOR] Monte Carlo:  56%|[32m#####6    [0m| 112/200 [00:41<00:32,  
2.75sim/s]
[SIMULATOR] Monte Carlo:  56%|[32m#####6    [0m| 113/200 [00:41<00:31,  
2.78sim/s]
[SIMULATOR] Monte Carlo:  57%|[32m#####6    [0m| 114/200 [00:41<00:31,  
2.77sim/s]
[SIMULATOR] Monte Carlo:  57%|[32m#####7    [0m| 115/200 [00:42<00:31,  
2.72sim/s]
[SIMULATOR] Monte Carlo:  58%|[32m#####8    [0m| 116/200 [00:42<00:30,  
2.75sim/s]
[SIMULATOR] Monte Carlo:  58%|[32m#####8    [0m| 117/200 [00:42<00:29,  
2.79sim/s]
[SIMULATOR] Monte Carlo:  59%|[32m#####8    [0m| 118/200 [00:43<00:29,  
2.82sim/s]
[SIMULATOR] Monte Carlo:  60%|[32m#####9    [0m| 119/200 [00:43<00:28,  
2.86sim/s]
[SIMULATOR] Monte Carlo:  60%|[32m######    [0m| 120/200 [00:43<00:27,  
2.87sim/s]
[SIMULATOR] Monte Carlo:  60%|[32m######    [0m| 121/200 [00:44<00:31,  
2.53sim/s]
[SIMULATOR] Monte Carlo:  61%|[32m######1   [0m| 122/200 [00:44<00:32,  
2.41sim/s]
[SIMULATOR] Monte Carlo:  62%|[32m######1   [0m| 123/200 [00:45<00:32,  
2.36sim/s]
[SIMULATOR] Monte Carlo:  62%|[32m######2   [0m| 124/200 [00:45<00:31,  
2.38sim/s]
[SIMULATOR] Monte Carlo:  62%|[32m######2   [0m| 125/200 [00:46<00:31,  
2.41sim/s]
[SIMULATOR] Monte Carlo:  63%|[32m######3   [0m| 126/200 [00:46<00:30,  
2.44sim/s]
[SIMULATOR] Monte Carlo:  64%|[32m######3   [0m| 127/200 [00:46<00:29,  
2.51sim/s]
[SIMULATOR] Monte Carlo:  64%|[32m######4   [0m| 128/200 [00:47<00:27,  
2.61sim/s]
[SIMULATOR] Monte Carlo:  64%|[32m######4   [0m| 129/200 [00:47<00:27,  
2.63sim/s]
[SIMULATOR] Monte Carlo:  65%|[32m######5   [0m| 130/200 [00:47<00:26,  
2.68sim/s]
[SIMULATOR] Monte Carlo:  66%|[32m######5   [0m| 131/200 [00:48<00:25,  
2.74sim/s]
[SIMULATOR] Monte Carlo:  66%|[32m######6   [0m| 132/200 [00:48<00:24,  
2.73sim/s]
[SIMULATOR] Monte Carlo:  66%|[32m######6   [0m| 133/200 [00:49<00:24,  
2.77sim/s]
[SIMULATOR] Monte Carlo:  67%|[32m######7   [0m| 134/200 [00:49<00:23,  
2.78sim/s]
[SIMULATOR] Monte Carlo:  68%|[32m######7   [0m| 135/200 [00:49<00:23,  
2.76sim/s]
[SIMULATOR] Monte Carlo:  68%|[32m######8   [0m| 136/200 [00:50<00:23,  
2.73sim/s]
[SIMULATOR] Monte Carlo:  68%|[32m######8   [0m| 137/200 [00:50<00:23,  
2.73sim/s]
[SIMULATOR] Monte Carlo:  69%|[32m######9   [0m| 138/200 [00:50<00:23,  
2.65sim/s]
[SIMULATOR] Monte Carlo:  70%|[32m######9   [0m| 139/200 [00:51<00:23,  
2.56sim/s]
[SIMULATOR] Monte Carlo:  70%|[32m#######   [0m| 140/200 [00:51<00:23,  
2.51sim/s]
[SIMULATOR] Monte Carlo:  70%|[32m#######   [0m| 141/200 [00:52<00:23,  
2.51sim/s]
[SIMULATOR] Monte Carlo:  71%|[32m#######1  [0m| 142/200 [00:52<00:22,  
2.57sim/s]
[SIMULATOR] Monte Carlo:  72%|[32m#######1  [0m| 143/200 [00:52<00:22,  
2.57sim/s]
[SIMULATOR] Monte Carlo:  72%|[32m#######2  [0m| 144/200 [00:53<00:21,  
2.59sim/s]
[SIMULATOR] Monte Carlo:  72%|[32m#######2  [0m| 145/200 [00:53<00:21,  
2.62sim/s]
[SIMULATOR] Monte Carlo:  73%|[32m#######3  [0m| 146/200 [00:54<00:21,  
2.56sim/s]
[SIMULATOR] Monte Carlo:  74%|[32m#######3  [0m| 147/200 [00:54<00:20,  
2.55sim/s]
[SIMULATOR] Monte Carlo:  74%|[32m#######4  [0m| 148/200 [00:54<00:21,  
2.45sim/s]
[SIMULATOR] Monte Carlo:  74%|[32m#######4  [0m| 149/200 [00:55<00:20,  
2.43sim/s]
[SIMULATOR] Monte Carlo:  75%|[32m#######5  [0m| 150/200 [00:55<00:20,  
2.43sim/s]
[SIMULATOR] Monte Carlo:  76%|[32m#######5  [0m| 151/200 [00:56<00:19,  
2.47sim/s]
[SIMULATOR] Monte Carlo:  76%|[32m#######6  [0m| 152/200 [00:56<00:18,  
2.54sim/s]
[SIMULATOR] Monte Carlo:  76%|[32m#######6  [0m| 153/200 [00:56<00:18,  
2.58sim/s]
[SIMULATOR] Monte Carlo:  77%|[32m#######7  [0m| 154/200 [00:57<00:17,  
2.63sim/s]
[SIMULATOR] Monte Carlo:  78%|[32m#######7  [0m| 155/200 [00:57<00:16,  
2.66sim/s]
[SIMULATOR] Monte Carlo:  78%|[32m#######8  [0m| 156/200 [00:57<00:16,  
2.69sim/s]
[SIMULATOR] Monte Carlo:  78%|[32m#######8  [0m| 157/200 [00:58<00:15,  
2.70sim/s]
[SIMULATOR] Monte Carlo:  79%|[32m#######9  [0m| 158/200 [00:58<00:15,  
2.70sim/s]
[SIMULATOR] Monte Carlo:  80%|[32m#######9  [0m| 159/200 [00:59<00:14,  
2.74sim/s]
[SIMULATOR] Monte Carlo:  80%|[32m########  [0m| 160/200 [00:59<00:14,  
2.76sim/s]
[SIMULATOR] Monte Carlo:  80%|[32m########  [0m| 161/200 [00:59<00:14,  
2.73sim/s]
[SIMULATOR] Monte Carlo:  81%|[32m########1 [0m| 162/200 [01:00<00:14,  
2.65sim/s]
[SIMULATOR] Monte Carlo:  82%|[32m########1 [0m| 163/200 [01:00<00:13,  
2.65sim/s]
[SIMULATOR] Monte Carlo:  82%|[32m########2 [0m| 164/200 [01:00<00:13,  
2.68sim/s]
[SIMULATOR] Monte Carlo:  82%|[32m########2 [0m| 165/200 [01:01<00:12,  
2.72sim/s]
[SIMULATOR] Monte Carlo:  83%|[32m########2 [0m| 166/200 [01:01<00:12,  
2.75sim/s]
[SIMULATOR] Monte Carlo:  84%|[32m########3 [0m| 167/200 [01:02<00:12,  
2.73sim/s]
[SIMULATOR] Monte Carlo:  84%|[32m########4 [0m| 168/200 [01:02<00:11,  
2.76sim/s]
[SIMULATOR] Monte Carlo:  84%|[32m########4 [0m| 169/200 [01:02<00:11,  
2.76sim/s]
[SIMULATOR] Monte Carlo:  85%|[32m########5 [0m| 170/200 [01:03<00:11,  
2.71sim/s]
[SIMULATOR] Monte Carlo:  86%|[32m########5 [0m| 171/200 [01:03<00:10,  
2.74sim/s]
[SIMULATOR] Monte Carlo:  86%|[32m########6 [0m| 172/200 [01:03<00:10,  
2.78sim/s]
[SIMULATOR] Monte Carlo:  86%|[32m########6 [0m| 173/200 [01:04<00:10,  
2.70sim/s]
[SIMULATOR] Monte Carlo:  87%|[32m########7 [0m| 174/200 [01:04<00:09,  
2.72sim/s]
[SIMULATOR] Monte Carlo:  88%|[32m########7 [0m| 175/200 [01:04<00:09,  
2.65sim/s]
[SIMULATOR] Monte Carlo:  88%|[32m########8 [0m| 176/200 [01:05<00:08,  
2.68sim/s]
[SIMULATOR] Monte Carlo:  88%|[32m########8 [0m| 177/200 [01:05<00:08,  
2.73sim/s]
[SIMULATOR] Monte Carlo:  89%|[32m########9 [0m| 178/200 [01:06<00:07,  
2.77sim/s]
[SIMULATOR] Monte Carlo:  90%|[32m########9 [0m| 179/200 [01:06<00:07,  
2.77sim/s]
[SIMULATOR] Monte Carlo:  90%|[32m######### [0m| 180/200 [01:06<00:07,  
2.79sim/s]
[SIMULATOR] Monte Carlo:  90%|[32m######### [0m| 181/200 [01:07<00:06,  
2.76sim/s]
[SIMULATOR] Monte Carlo:  91%|[32m#########1[0m| 182/200 [01:07<00:06,  
2.73sim/s]
[SIMULATOR] Monte Carlo:  92%|[32m#########1[0m| 183/200 [01:07<00:06,  
2.75sim/s]
[SIMULATOR] Monte Carlo:  92%|[32m#########2[0m| 184/200 [01:08<00:05,  
2.77sim/s]
[SIMULATOR] Monte Carlo:  92%|[32m#########2[0m| 185/200 [01:08<00:05,  
2.76sim/s]
[SIMULATOR] Monte Carlo:  93%|[32m#########3[0m| 186/200 [01:08<00:05,  
2.75sim/s]
[SIMULATOR] Monte Carlo:  94%|[32m#########3[0m| 187/200 [01:09<00:04,  
2.75sim/s]
[SIMULATOR] Monte Carlo:  94%|[32m#########3[0m| 188/200 [01:09<00:04,  
2.77sim/s]
[SIMULATOR] Monte Carlo:  94%|[32m#########4[0m| 189/200 [01:10<00:03,  
2.77sim/s]
[SIMULATOR] Monte Carlo:  95%|[32m#########5[0m| 190/200 [01:10<00:03,  
2.79sim/s]
[SIMULATOR] Monte Carlo:  96%|[32m#########5[0m| 191/200 [01:10<00:03,  
2.78sim/s]
[SIMULATOR] Monte Carlo:  96%|[32m#########6[0m| 192/200 [01:11<00:02,  
2.73sim/s]
[SIMULATOR] Monte Carlo:  96%|[32m#########6[0m| 193/200 [01:11<00:02,  
2.78sim/s]
[SIMULATOR] Monte Carlo:  97%|[32m#########7[0m| 194/200 [01:11<00:02,  
2.78sim/s]
[SIMULATOR] Monte Carlo:  98%|[32m#########7[0m| 195/200 [01:12<00:01,  
2.77sim/s]
[SIMULATOR] Monte Carlo:  98%|[32m#########8[0m| 196/200 [01:12<00:01,  
2.72sim/s]
[SIMULATOR] Monte Carlo:  98%|[32m#########8[0m| 197/200 [01:12<00:01,  
2.70sim/s]
[SIMULATOR] Monte Carlo:  99%|[32m#########9[0m| 198/200 [01:13<00:00,  
2.74sim/s]
[SIMULATOR] Monte Carlo: 100%|[32m#########9[0m| 199/200 [01:13<00:00,  
2.73sim/s]
[SIMULATOR] Monte Carlo: 100%|[32m##########[0m| 200/200 [01:14<00:00,  
2.68sim/s]
[SIMULATOR] Monte Carlo: 100%|[32m##########[0m| 200/200 [01:14<00:00,  
2.70sim/s]
[SIMULATOR] Simulations complete!

[OPTIMIZER] Starting Bayesian optimization (gp_minimize)...
  n_calls: 40
  EPT constraint: max increase = 10 min

[OPTIMIZER] Bayesian Search:   0%|          | 0/40 [00:00<?, ?iter/s]
[OPTIMIZER] Bayesian Search:   2%|2         | 1/40 [00:00<00:14,  2.71iter/s]
[OPTIMIZER] Bayesian Search:   5%|5         | 2/40 [00:00<00:14,  2.59iter/s]
[OPTIMIZER] Bayesian Search:   8%|7         | 3/40 [00:01<00:14,  2.62iter/s]
[OPTIMIZER] Bayesian Search:  10%|#         | 4/40 [00:01<00:13,  2.70iter/s]
[OPTIMIZER] Bayesian Search:  12%|#2        | 5/40 [00:01<00:14,  2.41iter/s]
[OPTIMIZER] Bayesian Search:  15%|#5        | 6/40 [00:02<00:15,  2.22iter/s]
[OPTIMIZER] Bayesian Search:  18%|#7        | 7/40 [00:03<00:16,  2.04iter/s]
[OPTIMIZER] Bayesian Search:  20%|##        | 8/40 [00:03<00:16,  1.93iter/s]
[OPTIMIZER] Bayesian Search:  22%|##2       | 9/40 [00:04<00:16,  1.85iter/s]
[OPTIMIZER] Bayesian Search:  25%|##5       | 10/40 [00:04<00:16,  1.77iter/s]
[OPTIMIZER] Bayesian Search:  28%|##7       | 11/40 [00:05<00:16,  1.71iter/s]
[OPTIMIZER] Bayesian Search:  30%|###       | 12/40 [00:06<00:16,  1.75iter/s]
[OPTIMIZER] Bayesian Search:  32%|###2      | 13/40 [00:06<00:15,  1.72iter/s]
[OPTIMIZER] Bayesian Search:  35%|###5      | 14/40 [00:07<00:14,  1.74iter/s]
[OPTIMIZER] Bayesian Search:  38%|###7      | 15/40 [00:07<00:14,  1.73iter/s]
[OPTIMIZER] Bayesian Search:  40%|####      | 16/40 [00:08<00:13,  1.75iter/s]
[OPTIMIZER] Bayesian Search:  42%|####2     | 17/40 [00:08<00:13,  1.69iter/s]
[OPTIMIZER] Bayesian Search:  45%|####5     | 18/40 [00:09<00:12,  1.72iter/s]
[OPTIMIZER] Bayesian Search:  48%|####7     | 19/40 [00:10<00:12,  1.65iter/s]
[OPTIMIZER] Bayesian Search:  50%|#####     | 20/40 [00:10<00:11,  1.67iter/s]
[OPTIMIZER] Bayesian Search:  52%|#####2    | 21/40 [00:11<00:11,  1.66iter/s]
[OPTIMIZER] Bayesian Search:  55%|#####5    | 22/40 [00:11<00:10,  1.68iter/s]
[OPTIMIZER] Bayesian Search:  57%|#####7    | 23/40 [00:12<00:10,  1.69iter/s]
[OPTIMIZER] Bayesian Search:  60%|######    | 24/40 [00:13<00:09,  1.66iter/s]
[OPTIMIZER] Bayesian Search:  62%|######2   | 25/40 [00:13<00:09,  1.64iter/s]
[OPTIMIZER] Bayesian Search:  65%|######5   | 26/40 [00:14<00:08,  1.64iter/s]
[OPTIMIZER] Bayesian Search:  68%|######7   | 27/40 [00:15<00:08,  1.60iter/s]
[OPTIMIZER] Bayesian Search:  70%|#######   | 28/40 [00:15<00:07,  1.57iter/s]
[OPTIMIZER] Bayesian Search:  72%|#######2  | 29/40 [00:16<00:07,  1.53iter/s]
[OPTIMIZER] Bayesian Search:  75%|#######5  | 30/40 [00:17<00:06,  1.51iter/s]
[OPTIMIZER] Bayesian Search:  78%|#######7  | 31/40 [00:17<00:05,  1.52iter/s]
[OPTIMIZER] Bayesian Search:  80%|########  | 32/40 [00:18<00:05,  1.44iter/s]
[OPTIMIZER] Bayesian Search:  82%|########2 | 33/40 [00:19<00:04,  1.45iter/s]
[OPTIMIZER] Bayesian Search:  85%|########5 | 34/40 [00:19<00:04,  1.42iter/s]
[OPTIMIZER] Bayesian Search:  88%|########7 | 35/40 [00:20<00:03,  1.31iter/s]
[OPTIMIZER] Bayesian Search:  90%|######### | 36/40 [00:21<00:02,  1.33iter/s]
[OPTIMIZER] Bayesian Search:  92%|#########2| 37/40 [00:22<00:02,  1.36iter/s]
[OPTIMIZER] Bayesian Search:  95%|#########5| 38/40 [00:22<00:01,  1.38iter/s]
[OPTIMIZER] Bayesian Search:  98%|#########7| 39/40 [00:23<00:00,  1.41iter/s]
[OPTIMIZER] Bayesian Search: 100%|##########| 40/40 [00:24<00:00,  1.37iter/s]
[OPTIMIZER] Bayesian Search: 100%|##########| 40/40 [00:24<00:00,  1.64iter/s]
  Iteration 5: loss=0.067, awt_imp=0.01, ept_inc=0.06, weighted_gain=-0.016
  Iteration 10: loss=0.041, awt_imp=0.01, ept_inc=0.05, weighted_gain=-0.012
  Iteration 15: loss=-0.010, awt_imp=0.02, ept_inc=0.01, weighted_gain=0.010
  Iteration 20: loss=-0.010, awt_imp=0.02, ept_inc=0.01, weighted_gain=0.010
  Iteration 25: loss=-0.010, awt_imp=0.02, ept_inc=0.01, weighted_gain=0.010
  Iteration 30: loss=-0.010, awt_imp=0.02, ept_inc=0.01, weighted_gain=0.010
  Iteration 35: loss=0.143, awt_imp=-0.01, ept_inc=0.06, weighted_gain=-0.028
  Iteration 40: loss=0.037, awt_imp=0.01, ept_inc=0.04, weighted_gain=-0.008
[OPTIMIZER] Optimization complete!
  Best loss: -0.010
  Best params: u1=11, u2=1, u3=12, delta_ept=2.00, duracion_hdm=10

======================================================================
OPTIMIZATION RESULTS
======================================================================

Optimal HDM Configuration:
  u1 (ordenes threshold):    11
  u2 (riders threshold):     1
  u3 (AWT threshold):        12 minutes
  delta_ept (EPT increase):  2.00 minutes
  duracion_hdm (duration):   10 minutes

Objective value (loss):  -0.010
======================================================================


[OPTIMIZER] Extracted 2 strategic profiles
  Agresiva: AWT improvement 0.03 min, EPT increase 0.03 min, Activation rate 0.0%
  Equilibrada: AWT improvement 0.02 min, EPT increase 0.01 min, Activation rate 1.0%

  [6/9] Processing partner 484236...

  [PARTNER 484236] Kfc Balmaceda La Serena | 2026-02-23 to 2026-03-01 | 10080 rows

[ANALYTICS] Starting exploratory analysis...


============================================================
BASELINE METRICS
============================================================

Ordenes Pendientes:
  Promedio: 2.67
  Std Dev: 3.49
  P50: 1.0
  P95: 10.0

Riders Cerca:
  Promedio: 0.29
  Std Dev: 0.60
  P50: 0.0
  P95: 2.0

AWT (Avoidable Wait Time):
  Promedio: 1.15 min
  Std Dev: 3.36
  P50: 0.0 min
  P95: 7.3 min

HDM Activation:
  Total activations: 1212
  Activation rate: 12.02%

EPT WIP (Suavizado):
  Promedio: 8.75 min
  P95: 24.39 min

EPT WIP (Original):
  Promedio: 15.09 min
  P95: 37.09 min

EPT (Estimated Prep Time):
  Promedio: 8.75 min
  P95: 24.39 min
============================================================


============================================================
CORRELATION MATRIX
============================================================
                           ordenes_pendientes  ...  ept_promedio_min_smoothed
ordenes_pendientes                      1.000  ...                      0.591
riders_cerca                            0.580  ...                      0.344
max_awt_espera_min                      0.413  ...                      0.251
hdm_activo                              0.493  ...                      0.293
ept_promedio                            0.591  ...                      1.000
ept_promedio_min                        0.824  ...                      0.779
ept_promedio_min_smoothed               0.591  ...                      1.000

[7 rows x 7 columns]
============================================================


============================================================
TRAINING PREDICTIVE MODELS
============================================================

[MODEL] AWT Predictor (linear_regression) trained:
  Train RMSE: 2.428
  Test RMSE: 2.587
  Test MAE: 0.839
  Test R▓: 0.415

[MODEL] EPT Predictor (linear_regression) trained:
  Test RMSE: 7.331
  Test MAE: 6.460
  Test R▓: 0.366

[SIMULATOR] Running 200 Monte Carlo simulations...
[SIMULATOR] Monte Carlo:   0%|[32m          [0m| 0/200 [00:00<?, ?sim/s]
[SIMULATOR] Monte Carlo:   0%|[32m          [0m| 1/200 [00:00<01:09,  
2.85sim/s]
[SIMULATOR] Monte Carlo:   1%|[32m1         [0m| 2/200 [00:00<01:10,  
2.80sim/s]
[SIMULATOR] Monte Carlo:   2%|[32m1         [0m| 3/200 [00:01<01:11,  
2.76sim/s]
[SIMULATOR] Monte Carlo:   2%|[32m2         [0m| 4/200 [00:01<01:14,  
2.62sim/s]
[SIMULATOR] Monte Carlo:   2%|[32m2         [0m| 5/200 [00:01<01:14,  
2.63sim/s]
[SIMULATOR] Monte Carlo:   3%|[32m3         [0m| 6/200 [00:02<01:11,  
2.69sim/s]
[SIMULATOR] Monte Carlo:   4%|[32m3         [0m| 7/200 [00:02<01:10,  
2.73sim/s]
[SIMULATOR] Monte Carlo:   4%|[32m4         [0m| 8/200 [00:02<01:09,  
2.78sim/s]
[SIMULATOR] Monte Carlo:   4%|[32m4         [0m| 9/200 [00:03<01:08,  
2.78sim/s]
[SIMULATOR] Monte Carlo:   5%|[32m5         [0m| 10/200 [00:03<01:09,  
2.75sim/s]
[SIMULATOR] Monte Carlo:   6%|[32m5         [0m| 11/200 [00:04<01:08,  
2.76sim/s]
[SIMULATOR] Monte Carlo:   6%|[32m6         [0m| 12/200 [00:04<01:07,  
2.78sim/s]
[SIMULATOR] Monte Carlo:   6%|[32m6         [0m| 13/200 [00:04<01:06,  
2.80sim/s]
[SIMULATOR] Monte Carlo:   7%|[32m7         [0m| 14/200 [00:05<01:06,  
2.81sim/s]
[SIMULATOR] Monte Carlo:   8%|[32m7         [0m| 15/200 [00:05<01:05,  
2.82sim/s]
[SIMULATOR] Monte Carlo:   8%|[32m8         [0m| 16/200 [00:05<01:12,  
2.54sim/s]
[SIMULATOR] Monte Carlo:   8%|[32m8         [0m| 17/200 [00:06<01:12,  
2.52sim/s]
[SIMULATOR] Monte Carlo:   9%|[32m9         [0m| 18/200 [00:06<01:12,  
2.50sim/s]
[SIMULATOR] Monte Carlo:  10%|[32m9         [0m| 19/200 [00:07<01:13,  
2.45sim/s]
[SIMULATOR] Monte Carlo:  10%|[32m#         [0m| 20/200 [00:07<01:12,  
2.47sim/s]
[SIMULATOR] Monte Carlo:  10%|[32m#         [0m| 21/200 [00:07<01:11,  
2.50sim/s]
[SIMULATOR] Monte Carlo:  11%|[32m#1        [0m| 22/200 [00:08<01:09,  
2.55sim/s]
[SIMULATOR] Monte Carlo:  12%|[32m#1        [0m| 23/200 [00:08<01:07,  
2.62sim/s]
[SIMULATOR] Monte Carlo:  12%|[32m#2        [0m| 24/200 [00:09<01:06,  
2.65sim/s]
[SIMULATOR] Monte Carlo:  12%|[32m#2        [0m| 25/200 [00:09<01:04,  
2.71sim/s]
[SIMULATOR] Monte Carlo:  13%|[32m#3        [0m| 26/200 [00:09<01:03,  
2.72sim/s]
[SIMULATOR] Monte Carlo:  14%|[32m#3        [0m| 27/200 [00:10<01:02,  
2.75sim/s]
[SIMULATOR] Monte Carlo:  14%|[32m#4        [0m| 28/200 [00:10<01:02,  
2.74sim/s]
[SIMULATOR] Monte Carlo:  14%|[32m#4        [0m| 29/200 [00:10<01:02,  
2.72sim/s]
[SIMULATOR] Monte Carlo:  15%|[32m#5        [0m| 30/200 [00:11<01:02,  
2.72sim/s]
[SIMULATOR] Monte Carlo:  16%|[32m#5        [0m| 31/200 [00:11<01:02,  
2.72sim/s]
[SIMULATOR] Monte Carlo:  16%|[32m#6        [0m| 32/200 [00:11<01:01,  
2.72sim/s]
[SIMULATOR] Monte Carlo:  16%|[32m#6        [0m| 33/200 [00:12<01:01,  
2.73sim/s]
[SIMULATOR] Monte Carlo:  17%|[32m#7        [0m| 34/200 [00:12<01:00,  
2.73sim/s]
[SIMULATOR] Monte Carlo:  18%|[32m#7        [0m| 35/200 [00:13<01:01,  
2.70sim/s]
[SIMULATOR] Monte Carlo:  18%|[32m#8        [0m| 36/200 [00:13<01:01,  
2.69sim/s]
[SIMULATOR] Monte Carlo:  18%|[32m#8        [0m| 37/200 [00:13<01:01,  
2.63sim/s]
[SIMULATOR] Monte Carlo:  19%|[32m#9        [0m| 38/200 [00:14<01:02,  
2.61sim/s]
[SIMULATOR] Monte Carlo:  20%|[32m#9        [0m| 39/200 [00:14<01:01,  
2.63sim/s]
[SIMULATOR] Monte Carlo:  20%|[32m##        [0m| 40/200 [00:14<01:01,  
2.60sim/s]
[SIMULATOR] Monte Carlo:  20%|[32m##        [0m| 41/200 [00:15<01:00,  
2.61sim/s]
[SIMULATOR] Monte Carlo:  21%|[32m##1       [0m| 42/200 [00:15<01:02,  
2.54sim/s]
[SIMULATOR] Monte Carlo:  22%|[32m##1       [0m| 43/200 [00:16<01:02,  
2.52sim/s]
[SIMULATOR] Monte Carlo:  22%|[32m##2       [0m| 44/200 [00:16<01:01,  
2.53sim/s]
[SIMULATOR] Monte Carlo:  22%|[32m##2       [0m| 45/200 [00:17<01:02,  
2.49sim/s]
[SIMULATOR] Monte Carlo:  23%|[32m##3       [0m| 46/200 [00:17<01:07,  
2.27sim/s]
[SIMULATOR] Monte Carlo:  24%|[32m##3       [0m| 47/200 [00:17<01:06,  
2.31sim/s]
[SIMULATOR] Monte Carlo:  24%|[32m##4       [0m| 48/200 [00:18<01:03,  
2.40sim/s]
[SIMULATOR] Monte Carlo:  24%|[32m##4       [0m| 49/200 [00:18<01:00,  
2.50sim/s]
[SIMULATOR] Monte Carlo:  25%|[32m##5       [0m| 50/200 [00:19<00:58,  
2.56sim/s]
[SIMULATOR] Monte Carlo:  26%|[32m##5       [0m| 51/200 [00:19<00:57,  
2.60sim/s]
[SIMULATOR] Monte Carlo:  26%|[32m##6       [0m| 52/200 [00:19<00:58,  
2.54sim/s]
[SIMULATOR] Monte Carlo:  26%|[32m##6       [0m| 53/200 [00:20<01:02,  
2.36sim/s]
[SIMULATOR] Monte Carlo:  27%|[32m##7       [0m| 54/200 [00:20<01:04,  
2.26sim/s]
[SIMULATOR] Monte Carlo:  28%|[32m##7       [0m| 55/200 [00:21<01:04,  
2.23sim/s]
[SIMULATOR] Monte Carlo:  28%|[32m##8       [0m| 56/200 [00:21<01:02,  
2.31sim/s]
[SIMULATOR] Monte Carlo:  28%|[32m##8       [0m| 57/200 [00:22<00:59,  
2.39sim/s]
[SIMULATOR] Monte Carlo:  29%|[32m##9       [0m| 58/200 [00:22<00:56,  
2.50sim/s]
[SIMULATOR] Monte Carlo:  30%|[32m##9       [0m| 59/200 [00:22<00:54,  
2.58sim/s]
[SIMULATOR] Monte Carlo:  30%|[32m###       [0m| 60/200 [00:23<00:53,  
2.62sim/s]
[SIMULATOR] Monte Carlo:  30%|[32m###       [0m| 61/200 [00:23<00:51,  
2.69sim/s]
[SIMULATOR] Monte Carlo:  31%|[32m###1      [0m| 62/200 [00:23<00:51,  
2.69sim/s]
[SIMULATOR] Monte Carlo:  32%|[32m###1      [0m| 63/200 [00:24<00:51,  
2.64sim/s]
[SIMULATOR] Monte Carlo:  32%|[32m###2      [0m| 64/200 [00:24<00:51,  
2.66sim/s]
[SIMULATOR] Monte Carlo:  32%|[32m###2      [0m| 65/200 [00:25<00:50,  
2.65sim/s]
[SIMULATOR] Monte Carlo:  33%|[32m###3      [0m| 66/200 [00:25<00:49,  
2.68sim/s]
[SIMULATOR] Monte Carlo:  34%|[32m###3      [0m| 67/200 [00:25<00:51,  
2.58sim/s]
[SIMULATOR] Monte Carlo:  34%|[32m###4      [0m| 68/200 [00:26<00:56,  
2.36sim/s]
[SIMULATOR] Monte Carlo:  34%|[32m###4      [0m| 69/200 [00:26<00:56,  
2.31sim/s]
[SIMULATOR] Monte Carlo:  35%|[32m###5      [0m| 70/200 [00:27<00:55,  
2.34sim/s]
[SIMULATOR] Monte Carlo:  36%|[32m###5      [0m| 71/200 [00:27<00:55,  
2.33sim/s]
[SIMULATOR] Monte Carlo:  36%|[32m###6      [0m| 72/200 [00:28<00:53,  
2.39sim/s]
[SIMULATOR] Monte Carlo:  36%|[32m###6      [0m| 73/200 [00:28<00:51,  
2.47sim/s]
[SIMULATOR] Monte Carlo:  37%|[32m###7      [0m| 74/200 [00:28<00:49,  
2.55sim/s]
[SIMULATOR] Monte Carlo:  38%|[32m###7      [0m| 75/200 [00:29<00:47,  
2.62sim/s]
[SIMULATOR] Monte Carlo:  38%|[32m###8      [0m| 76/200 [00:29<00:46,  
2.67sim/s]
[SIMULATOR] Monte Carlo:  38%|[32m###8      [0m| 77/200 [00:29<00:45,  
2.72sim/s]
[SIMULATOR] Monte Carlo:  39%|[32m###9      [0m| 78/200 [00:30<00:44,  
2.72sim/s]
[SIMULATOR] Monte Carlo:  40%|[32m###9      [0m| 79/200 [00:30<00:44,  
2.74sim/s]
[SIMULATOR] Monte Carlo:  40%|[32m####      [0m| 80/200 [00:30<00:43,  
2.74sim/s]
[SIMULATOR] Monte Carlo:  40%|[32m####      [0m| 81/200 [00:31<00:42,  
2.79sim/s]
[SIMULATOR] Monte Carlo:  41%|[32m####1     [0m| 82/200 [00:31<00:42,  
2.78sim/s]
[SIMULATOR] Monte Carlo:  42%|[32m####1     [0m| 83/200 [00:31<00:42,  
2.76sim/s]
[SIMULATOR] Monte Carlo:  42%|[32m####2     [0m| 84/200 [00:32<00:42,  
2.73sim/s]
[SIMULATOR] Monte Carlo:  42%|[32m####2     [0m| 85/200 [00:32<00:42,  
2.71sim/s]
[SIMULATOR] Monte Carlo:  43%|[32m####3     [0m| 86/200 [00:33<00:41,  
2.72sim/s]
[SIMULATOR] Monte Carlo:  44%|[32m####3     [0m| 87/200 [00:33<00:41,  
2.72sim/s]
[SIMULATOR] Monte Carlo:  44%|[32m####4     [0m| 88/200 [00:33<00:41,  
2.69sim/s]
[SIMULATOR] Monte Carlo:  44%|[32m####4     [0m| 89/200 [00:34<00:41,  
2.66sim/s]
[SIMULATOR] Monte Carlo:  45%|[32m####5     [0m| 90/200 [00:34<00:40,  
2.69sim/s]
[SIMULATOR] Monte Carlo:  46%|[32m####5     [0m| 91/200 [00:34<00:40,  
2.69sim/s]
[SIMULATOR] Monte Carlo:  46%|[32m####6     [0m| 92/200 [00:35<00:40,  
2.70sim/s]
[SIMULATOR] Monte Carlo:  46%|[32m####6     [0m| 93/200 [00:35<00:41,  
2.59sim/s]
[SIMULATOR] Monte Carlo:  47%|[32m####6     [0m| 94/200 [00:36<00:40,  
2.62sim/s]
[SIMULATOR] Monte Carlo:  48%|[32m####7     [0m| 95/200 [00:36<00:42,  
2.46sim/s]
[SIMULATOR] Monte Carlo:  48%|[32m####8     [0m| 96/200 [00:37<00:43,  
2.39sim/s]
[SIMULATOR] Monte Carlo:  48%|[32m####8     [0m| 97/200 [00:37<00:43,  
2.38sim/s]
[SIMULATOR] Monte Carlo:  49%|[32m####9     [0m| 98/200 [00:37<00:42,  
2.40sim/s]
[SIMULATOR] Monte Carlo:  50%|[32m####9     [0m| 99/200 [00:38<00:41,  
2.45sim/s]
[SIMULATOR] Monte Carlo:  50%|[32m#####     [0m| 100/200 [00:38<00:39,  
2.50sim/s]
[SIMULATOR] Monte Carlo:  50%|[32m#####     [0m| 101/200 [00:38<00:38,  
2.57sim/s]
[SIMULATOR] Monte Carlo:  51%|[32m#####1    [0m| 102/200 [00:39<00:37,  
2.59sim/s]
[SIMULATOR] Monte Carlo:  52%|[32m#####1    [0m| 103/200 [00:39<00:37,  
2.61sim/s]
[SIMULATOR] Monte Carlo:  52%|[32m#####2    [0m| 104/200 [00:40<00:36,  
2.60sim/s]
[SIMULATOR] Monte Carlo:  52%|[32m#####2    [0m| 105/200 [00:40<00:36,  
2.63sim/s]
[SIMULATOR] Monte Carlo:  53%|[32m#####3    [0m| 106/200 [00:40<00:35,  
2.65sim/s]
[SIMULATOR] Monte Carlo:  54%|[32m#####3    [0m| 107/200 [00:41<00:34,  
2.70sim/s]
[SIMULATOR] Monte Carlo:  54%|[32m#####4    [0m| 108/200 [00:41<00:34,  
2.70sim/s]
[SIMULATOR] Monte Carlo:  55%|[32m#####4    [0m| 109/200 [00:41<00:33,  
2.71sim/s]
[SIMULATOR] Monte Carlo:  55%|[32m#####5    [0m| 110/200 [00:42<00:33,  
2.68sim/s]
[SIMULATOR] Monte Carlo:  56%|[32m#####5    [0m| 111/200 [00:42<00:33,  
2.69sim/s]
[SIMULATOR] Monte Carlo:  56%|[32m#####6    [0m| 112/200 [00:43<00:32,  
2.70sim/s]
[SIMULATOR] Monte Carlo:  56%|[32m#####6    [0m| 113/200 [00:43<00:31,  
2.72sim/s]
[SIMULATOR] Monte Carlo:  57%|[32m#####6    [0m| 114/200 [00:43<00:31,  
2.71sim/s]
[SIMULATOR] Monte Carlo:  57%|[32m#####7    [0m| 115/200 [00:44<00:31,  
2.70sim/s]
[SIMULATOR] Monte Carlo:  58%|[32m#####8    [0m| 116/200 [00:44<00:30,  
2.74sim/s]
[SIMULATOR] Monte Carlo:  58%|[32m#####8    [0m| 117/200 [00:44<00:30,  
2.73sim/s]
[SIMULATOR] Monte Carlo:  59%|[32m#####8    [0m| 118/200 [00:45<00:30,  
2.70sim/s]
[SIMULATOR] Monte Carlo:  60%|[32m#####9    [0m| 119/200 [00:45<00:31,  
2.61sim/s]
[SIMULATOR] Monte Carlo:  60%|[32m######    [0m| 120/200 [00:46<00:30,  
2.59sim/s]
[SIMULATOR] Monte Carlo:  60%|[32m######    [0m| 121/200 [00:46<00:30,  
2.55sim/s]
[SIMULATOR] Monte Carlo:  61%|[32m######1   [0m| 122/200 [00:46<00:30,  
2.60sim/s]
[SIMULATOR] Monte Carlo:  62%|[32m######1   [0m| 123/200 [00:47<00:29,  
2.59sim/s]
[SIMULATOR] Monte Carlo:  62%|[32m######2   [0m| 124/200 [00:47<00:29,  
2.61sim/s]
[SIMULATOR] Monte Carlo:  62%|[32m######2   [0m| 125/200 [00:48<00:28,  
2.59sim/s]
[SIMULATOR] Monte Carlo:  63%|[32m######3   [0m| 126/200 [00:48<00:28,  
2.61sim/s]
[SIMULATOR] Monte Carlo:  64%|[32m######3   [0m| 127/200 [00:48<00:27,  
2.63sim/s]
[SIMULATOR] Monte Carlo:  64%|[32m######4   [0m| 128/200 [00:49<00:27,  
2.66sim/s]
[SIMULATOR] Monte Carlo:  64%|[32m######4   [0m| 129/200 [00:49<00:26,  
2.68sim/s]
[SIMULATOR] Monte Carlo:  65%|[32m######5   [0m| 130/200 [00:49<00:25,  
2.71sim/s]
[SIMULATOR] Monte Carlo:  66%|[32m######5   [0m| 131/200 [00:50<00:25,  
2.71sim/s]
[SIMULATOR] Monte Carlo:  66%|[32m######6   [0m| 132/200 [00:50<00:25,  
2.69sim/s]
[SIMULATOR] Monte Carlo:  66%|[32m######6   [0m| 133/200 [00:50<00:24,  
2.72sim/s]
[SIMULATOR] Monte Carlo:  67%|[32m######7   [0m| 134/200 [00:51<00:25,  
2.64sim/s]
[SIMULATOR] Monte Carlo:  68%|[32m######7   [0m| 135/200 [00:51<00:24,  
2.66sim/s]
[SIMULATOR] Monte Carlo:  68%|[32m######8   [0m| 136/200 [00:52<00:23,  
2.67sim/s]
[SIMULATOR] Monte Carlo:  68%|[32m######8   [0m| 137/200 [00:52<00:23,  
2.69sim/s]
[SIMULATOR] Monte Carlo:  69%|[32m######9   [0m| 138/200 [00:52<00:23,  
2.68sim/s]
[SIMULATOR] Monte Carlo:  70%|[32m######9   [0m| 139/200 [00:53<00:22,  
2.70sim/s]
[SIMULATOR] Monte Carlo:  70%|[32m#######   [0m| 140/200 [00:53<00:21,  
2.73sim/s]
[SIMULATOR] Monte Carlo:  70%|[32m#######   [0m| 141/200 [00:53<00:21,  
2.74sim/s]
[SIMULATOR] Monte Carlo:  71%|[32m#######1  [0m| 142/200 [00:54<00:20,  
2.77sim/s]
[SIMULATOR] Monte Carlo:  72%|[32m#######1  [0m| 143/200 [00:54<00:20,  
2.77sim/s]
[SIMULATOR] Monte Carlo:  72%|[32m#######2  [0m| 144/200 [00:55<00:20,  
2.76sim/s]
[SIMULATOR] Monte Carlo:  72%|[32m#######2  [0m| 145/200 [00:55<00:20,  
2.69sim/s]
[SIMULATOR] Monte Carlo:  73%|[32m#######3  [0m| 146/200 [00:55<00:20,  
2.57sim/s]
[SIMULATOR] Monte Carlo:  74%|[32m#######3  [0m| 147/200 [00:56<00:20,  
2.53sim/s]
[SIMULATOR] Monte Carlo:  74%|[32m#######4  [0m| 148/200 [00:56<00:21,  
2.47sim/s]
[SIMULATOR] Monte Carlo:  74%|[32m#######4  [0m| 149/200 [00:57<00:19,  
2.57sim/s]
[SIMULATOR] Monte Carlo:  75%|[32m#######5  [0m| 150/200 [00:57<00:19,  
2.57sim/s]
[SIMULATOR] Monte Carlo:  76%|[32m#######5  [0m| 151/200 [00:57<00:19,  
2.54sim/s]
[SIMULATOR] Monte Carlo:  76%|[32m#######6  [0m| 152/200 [00:58<00:18,  
2.57sim/s]
[SIMULATOR] Monte Carlo:  76%|[32m#######6  [0m| 153/200 [00:58<00:18,  
2.61sim/s]
[SIMULATOR] Monte Carlo:  77%|[32m#######7  [0m| 154/200 [00:58<00:17,  
2.63sim/s]
[SIMULATOR] Monte Carlo:  78%|[32m#######7  [0m| 155/200 [00:59<00:17,  
2.64sim/s]
[SIMULATOR] Monte Carlo:  78%|[32m#######8  [0m| 156/200 [00:59<00:16,  
2.70sim/s]
[SIMULATOR] Monte Carlo:  78%|[32m#######8  [0m| 157/200 [01:00<00:15,  
2.70sim/s]
[SIMULATOR] Monte Carlo:  79%|[32m#######9  [0m| 158/200 [01:00<00:15,  
2.70sim/s]
[SIMULATOR] Monte Carlo:  80%|[32m#######9  [0m| 159/200 [01:00<00:15,  
2.69sim/s]
[SIMULATOR] Monte Carlo:  80%|[32m########  [0m| 160/200 [01:01<00:15,  
2.67sim/s]
[SIMULATOR] Monte Carlo:  80%|[32m########  [0m| 161/200 [01:01<00:14,  
2.66sim/s]
[SIMULATOR] Monte Carlo:  81%|[32m########1 [0m| 162/200 [01:01<00:14,  
2.64sim/s]
[SIMULATOR] Monte Carlo:  82%|[32m########1 [0m| 163/200 [01:02<00:14,  
2.57sim/s]
[SIMULATOR] Monte Carlo:  82%|[32m########2 [0m| 164/200 [01:02<00:13,  
2.59sim/s]
[SIMULATOR] Monte Carlo:  82%|[32m########2 [0m| 165/200 [01:03<00:13,  
2.62sim/s]
[SIMULATOR] Monte Carlo:  83%|[32m########2 [0m| 166/200 [01:03<00:12,  
2.62sim/s]
[SIMULATOR] Monte Carlo:  84%|[32m########3 [0m| 167/200 [01:03<00:12,  
2.64sim/s]
[SIMULATOR] Monte Carlo:  84%|[32m########4 [0m| 168/200 [01:04<00:12,  
2.62sim/s]
[SIMULATOR] Monte Carlo:  84%|[32m########4 [0m| 169/200 [01:04<00:11,  
2.60sim/s]
[SIMULATOR] Monte Carlo:  85%|[32m########5 [0m| 170/200 [01:05<00:11,  
2.61sim/s]
[SIMULATOR] Monte Carlo:  86%|[32m########5 [0m| 171/200 [01:05<00:10,  
2.64sim/s]
[SIMULATOR] Monte Carlo:  86%|[32m########6 [0m| 172/200 [01:05<00:11,  
2.51sim/s]
[SIMULATOR] Monte Carlo:  86%|[32m########6 [0m| 173/200 [01:06<00:11,  
2.41sim/s]
[SIMULATOR] Monte Carlo:  87%|[32m########7 [0m| 174/200 [01:06<00:10,  
2.42sim/s]
[SIMULATOR] Monte Carlo:  88%|[32m########7 [0m| 175/200 [01:07<00:10,  
2.42sim/s]
[SIMULATOR] Monte Carlo:  88%|[32m########8 [0m| 176/200 [01:07<00:09,  
2.44sim/s]
[SIMULATOR] Monte Carlo:  88%|[32m########8 [0m| 177/200 [01:07<00:09,  
2.48sim/s]
[SIMULATOR] Monte Carlo:  89%|[32m########9 [0m| 178/200 [01:08<00:08,  
2.48sim/s]
[SIMULATOR] Monte Carlo:  90%|[32m########9 [0m| 179/200 [01:08<00:08,  
2.50sim/s]
[SIMULATOR] Monte Carlo:  90%|[32m######### [0m| 180/200 [01:09<00:07,  
2.51sim/s]
[SIMULATOR] Monte Carlo:  90%|[32m######### [0m| 181/200 [01:09<00:07,  
2.54sim/s]
[SIMULATOR] Monte Carlo:  91%|[32m#########1[0m| 182/200 [01:09<00:07,  
2.57sim/s]
[SIMULATOR] Monte Carlo:  92%|[32m#########1[0m| 183/200 [01:10<00:06,  
2.54sim/s]
[SIMULATOR] Monte Carlo:  92%|[32m#########2[0m| 184/200 [01:10<00:06,  
2.57sim/s]
[SIMULATOR] Monte Carlo:  92%|[32m#########2[0m| 185/200 [01:10<00:05,  
2.62sim/s]
[SIMULATOR] Monte Carlo:  93%|[32m#########3[0m| 186/200 [01:11<00:05,  
2.62sim/s]
[SIMULATOR] Monte Carlo:  94%|[32m#########3[0m| 187/200 [01:11<00:04,  
2.64sim/s]
[SIMULATOR] Monte Carlo:  94%|[32m#########3[0m| 188/200 [01:12<00:04,  
2.67sim/s]
[SIMULATOR] Monte Carlo:  94%|[32m#########4[0m| 189/200 [01:12<00:04,  
2.71sim/s]
[SIMULATOR] Monte Carlo:  95%|[32m#########5[0m| 190/200 [01:12<00:03,  
2.76sim/s]
[SIMULATOR] Monte Carlo:  96%|[32m#########5[0m| 191/200 [01:13<00:03,  
2.81sim/s]
[SIMULATOR] Monte Carlo:  96%|[32m#########6[0m| 192/200 [01:13<00:02,  
2.77sim/s]
[SIMULATOR] Monte Carlo:  96%|[32m#########6[0m| 193/200 [01:13<00:02,  
2.74sim/s]
[SIMULATOR] Monte Carlo:  97%|[32m#########7[0m| 194/200 [01:14<00:02,  
2.73sim/s]
[SIMULATOR] Monte Carlo:  98%|[32m#########7[0m| 195/200 [01:14<00:01,  
2.65sim/s]
[SIMULATOR] Monte Carlo:  98%|[32m#########8[0m| 196/200 [01:15<00:01,  
2.65sim/s]
[SIMULATOR] Monte Carlo:  98%|[32m#########8[0m| 197/200 [01:15<00:01,  
2.61sim/s]
[SIMULATOR] Monte Carlo:  99%|[32m#########9[0m| 198/200 [01:15<00:00,  
2.37sim/s]
[SIMULATOR] Monte Carlo: 100%|[32m#########9[0m| 199/200 [01:16<00:00,  
2.26sim/s]
[SIMULATOR] Monte Carlo: 100%|[32m##########[0m| 200/200 [01:17<00:00,  
1.99sim/s]
[SIMULATOR] Monte Carlo: 100%|[32m##########[0m| 200/200 [01:17<00:00,  
2.59sim/s]
[SIMULATOR] Simulations complete!

[OPTIMIZER] Starting Bayesian optimization (gp_minimize)...
  n_calls: 40
  EPT constraint: max increase = 10 min

[OPTIMIZER] Bayesian Search:   0%|          | 0/40 [00:00<?, ?iter/s]
[OPTIMIZER] Bayesian Search:   2%|2         | 1/40 [00:00<00:23,  1.63iter/s]
[OPTIMIZER] Bayesian Search:   5%|5         | 2/40 [00:01<00:28,  1.31iter/s]
[OPTIMIZER] Bayesian Search:   8%|7         | 3/40 [00:02<00:26,  1.38iter/s]
[OPTIMIZER] Bayesian Search:  10%|#         | 4/40 [00:02<00:26,  1.36iter/s]
[OPTIMIZER] Bayesian Search:  12%|#2        | 5/40 [00:03<00:26,  1.34iter/s]
[OPTIMIZER] Bayesian Search:  15%|#5        | 6/40 [00:04<00:25,  1.33iter/s]
[OPTIMIZER] Bayesian Search:  18%|#7        | 7/40 [00:04<00:22,  1.47iter/s]
[OPTIMIZER] Bayesian Search:  20%|##        | 8/40 [00:05<00:20,  1.59iter/s]
[OPTIMIZER] Bayesian Search:  22%|##2       | 9/40 [00:06<00:18,  1.63iter/s]
[OPTIMIZER] Bayesian Search:  25%|##5       | 10/40 [00:06<00:17,  1.69iter/s]
[OPTIMIZER] Bayesian Search:  28%|##7       | 11/40 [00:07<00:16,  1.71iter/s]
[OPTIMIZER] Bayesian Search:  30%|###       | 12/40 [00:07<00:17,  1.61iter/s]
[OPTIMIZER] Bayesian Search:  32%|###2      | 13/40 [00:08<00:17,  1.58iter/s]
[OPTIMIZER] Bayesian Search:  35%|###5      | 14/40 [00:09<00:18,  1.44iter/s]
[OPTIMIZER] Bayesian Search:  38%|###7      | 15/40 [00:10<00:19,  1.29iter/s]
[OPTIMIZER] Bayesian Search:  40%|####      | 16/40 [00:11<00:17,  1.35iter/s]
[OPTIMIZER] Bayesian Search:  42%|####2     | 17/40 [00:11<00:17,  1.32iter/s]
[OPTIMIZER] Bayesian Search:  45%|####5     | 18/40 [00:12<00:15,  1.40iter/s]
[OPTIMIZER] Bayesian Search:  48%|####7     | 19/40 [00:12<00:13,  1.50iter/s]
[OPTIMIZER] Bayesian Search:  50%|#####     | 20/40 [00:13<00:13,  1.52iter/s]
[OPTIMIZER] Bayesian Search:  52%|#####2    | 21/40 [00:14<00:12,  1.58iter/s]
[OPTIMIZER] Bayesian Search:  55%|#####5    | 22/40 [00:14<00:11,  1.63iter/s]
[OPTIMIZER] Bayesian Search:  57%|#####7    | 23/40 [00:15<00:10,  1.60iter/s]
[OPTIMIZER] Bayesian Search:  60%|######    | 24/40 [00:16<00:10,  1.55iter/s]
[OPTIMIZER] Bayesian Search:  62%|######2   | 25/40 [00:16<00:09,  1.62iter/s]
[OPTIMIZER] Bayesian Search:  65%|######5   | 26/40 [00:17<00:08,  1.69iter/s]
[OPTIMIZER] Bayesian Search:  68%|######7   | 27/40 [00:17<00:07,  1.63iter/s]
[OPTIMIZER] Bayesian Search:  70%|#######   | 28/40 [00:18<00:07,  1.58iter/s]
[OPTIMIZER] Bayesian Search:  72%|#######2  | 29/40 [00:19<00:07,  1.49iter/s]
[OPTIMIZER] Bayesian Search:  75%|#######5  | 30/40 [00:20<00:06,  1.45iter/s]
[OPTIMIZER] Bayesian Search:  78%|#######7  | 31/40 [00:20<00:06,  1.48iter/s]
[OPTIMIZER] Bayesian Search:  80%|########  | 32/40 [00:21<00:05,  1.50iter/s]
[OPTIMIZER] Bayesian Search:  82%|########2 | 33/40 [00:22<00:04,  1.43iter/s]
[OPTIMIZER] Bayesian Search:  85%|########5 | 34/40 [00:22<00:04,  1.40iter/s]
[OPTIMIZER] Bayesian Search:  88%|########7 | 35/40 [00:23<00:03,  1.37iter/s]
[OPTIMIZER] Bayesian Search:  90%|######### | 36/40 [00:24<00:02,  1.39iter/s]
[OPTIMIZER] Bayesian Search:  92%|#########2| 37/40 [00:24<00:02,  1.43iter/s]
[OPTIMIZER] Bayesian Search:  95%|#########5| 38/40 [00:25<00:01,  1.42iter/s]
[OPTIMIZER] Bayesian Search:  98%|#########7| 39/40 [00:26<00:00,  1.44iter/s]
[OPTIMIZER] Bayesian Search: 100%|##########| 40/40 [00:27<00:00,  1.40iter/s]
[OPTIMIZER] Bayesian Search: 100%|##########| 40/40 [00:27<00:00,  1.48iter/s]
  Iteration 5: loss=0.103, awt_imp=0.04, ept_inc=0.10, weighted_gain=-0.014
  Iteration 10: loss=0.430, awt_imp=0.04, ept_inc=0.16, weighted_gain=-0.038
  Iteration 15: loss=0.041, awt_imp=0.04, ept_inc=0.08, weighted_gain=-0.006
  Iteration 20: loss=6.095, awt_imp=0.03, ept_inc=0.48, weighted_gain=-0.172
  Iteration 25: loss=-0.012, awt_imp=0.05, ept_inc=0.05, weighted_gain=0.012
  Iteration 30: loss=0.043, awt_imp=0.03, ept_inc=0.07, weighted_gain=-0.008
  Iteration 35: loss=-0.009, awt_imp=0.04, ept_inc=0.04, weighted_gain=0.010
  Iteration 40: loss=0.016, awt_imp=0.04, ept_inc=0.06, weighted_gain=0.002
[OPTIMIZER] Optimization complete!
  Best loss: -0.028
  Best params: u1=12, u2=3, u3=12, delta_ept=2.00, duracion_hdm=30

======================================================================
OPTIMIZATION RESULTS
======================================================================

Optimal HDM Configuration:
  u1 (ordenes threshold):    12
  u2 (riders threshold):     3
  u3 (AWT threshold):        12 minutes
  delta_ept (EPT increase):  2.00 minutes
  duracion_hdm (duration):   30 minutes

Objective value (loss):  -0.028
======================================================================


[OPTIMIZER] Extracted 2 strategic profiles
  Agresiva: AWT improvement 0.05 min, EPT increase 0.02 min, Activation rate 1.0%
  Equilibrada: AWT improvement 0.05 min, EPT increase 0.01 min, Activation rate 1.0%

  [7/9] Processing partner 491805...

  [PARTNER 491805] Kfc Recova | 2026-02-23 to 2026-03-01 | 10080 rows

[ANALYTICS] Starting exploratory analysis...

============================================================
BASELINE METRICS
============================================================

Ordenes Pendientes:
  Promedio: 2.37
  Std Dev: 3.85
  P50: 0.0
  P95: 10.0

Riders Cerca:
  Promedio: 0.47
  Std Dev: 0.93
  P50: 0.0
  P95: 2.0

AWT (Avoidable Wait Time):
  Promedio: 2.58 min
  Std Dev: 6.15
  P50: 0.0 min
  P95: 16.5 min

HDM Activation:
  Total activations: 1915
  Activation rate: 19.00%

EPT WIP (Suavizado):
  Promedio: 8.52 min
  P95: 26.19 min

EPT WIP (Original):
  Promedio: 11.05 min
  P95: 35.00 min

EPT (Estimated Prep Time):
  Promedio: 8.52 min
  P95: 26.19 min
============================================================


============================================================
CORRELATION MATRIX
============================================================
                           ordenes_pendientes  ...  ept_promedio_min_smoothed
ordenes_pendientes                      1.000  ...                      0.820
riders_cerca                            0.758  ...                      0.648
max_awt_espera_min                      0.708  ...                      0.570
hdm_activo                              0.674  ...                      0.647
ept_promedio                            0.820  ...                      1.000
ept_promedio_min                        0.850  ...                      0.954
ept_promedio_min_smoothed               0.820  ...                      1.000

[7 rows x 7 columns]
============================================================


============================================================
TRAINING PREDICTIVE MODELS
============================================================

[MODEL] AWT Predictor (linear_regression) trained:
  Train RMSE: 3.320
  Test RMSE: 3.366
  Test MAE: 1.471
  Test R▓: 0.715

[MODEL] EPT Predictor (linear_regression) trained:
  Test RMSE: 5.548
  Test MAE: 4.583
  Test R▓: 0.697

[SIMULATOR] Running 200 Monte Carlo simulations...

[SIMULATOR] Monte Carlo:   0%|[32m          [0m| 0/200 [00:00<?, ?sim/s]
[SIMULATOR] Monte Carlo:   0%|[32m          [0m| 1/200 [00:00<01:12,  
2.74sim/s]
[SIMULATOR] Monte Carlo:   1%|[32m1         [0m| 2/200 [00:00<01:17,  
2.55sim/s]
[SIMULATOR] Monte Carlo:   2%|[32m1         [0m| 3/200 [00:01<01:31,  
2.14sim/s]
[SIMULATOR] Monte Carlo:   2%|[32m2         [0m| 4/200 [00:01<01:41,  
1.93sim/s]
[SIMULATOR] Monte Carlo:   2%|[32m2         [0m| 5/200 [00:02<01:37,  
2.01sim/s]
[SIMULATOR] Monte Carlo:   3%|[32m3         [0m| 6/200 [00:02<01:38,  
1.96sim/s]
[SIMULATOR] Monte Carlo:   4%|[32m3         [0m| 7/200 [00:03<01:31,  
2.10sim/s]
[SIMULATOR] Monte Carlo:   4%|[32m4         [0m| 8/200 [00:03<01:25,  
2.25sim/s]
[SIMULATOR] Monte Carlo:   4%|[32m4         [0m| 9/200 [00:04<01:22,  
2.30sim/s]
[SIMULATOR] Monte Carlo:   5%|[32m5         [0m| 10/200 [00:04<01:25,  
2.23sim/s]
[SIMULATOR] Monte Carlo:   6%|[32m5         [0m| 11/200 [00:04<01:20,  
2.35sim/s]
[SIMULATOR] Monte Carlo:   6%|[32m6         [0m| 12/200 [00:05<01:23,  
2.26sim/s]
[SIMULATOR] Monte Carlo:   6%|[32m6         [0m| 13/200 [00:05<01:24,  
2.22sim/s]
[SIMULATOR] Monte Carlo:   7%|[32m7         [0m| 14/200 [00:06<01:26,  
2.15sim/s]
[SIMULATOR] Monte Carlo:   8%|[32m7         [0m| 15/200 [00:06<01:23,  
2.22sim/s]
[SIMULATOR] Monte Carlo:   8%|[32m8         [0m| 16/200 [00:07<01:17,  
2.38sim/s]
[SIMULATOR] Monte Carlo:   8%|[32m8         [0m| 17/200 [00:07<01:14,  
2.44sim/s]
[SIMULATOR] Monte Carlo:   9%|[32m9         [0m| 18/200 [00:07<01:13,  
2.48sim/s]
[SIMULATOR] Monte Carlo:  10%|[32m9         [0m| 19/200 [00:08<01:12,  
2.50sim/s]
[SIMULATOR] Monte Carlo:  10%|[32m#         [0m| 20/200 [00:08<01:10,  
2.54sim/s]
[SIMULATOR] Monte Carlo:  10%|[32m#         [0m| 21/200 [00:09<01:10,  
2.55sim/s]
[SIMULATOR] Monte Carlo:  11%|[32m#1        [0m| 22/200 [00:09<01:08,  
2.59sim/s]
[SIMULATOR] Monte Carlo:  12%|[32m#1        [0m| 23/200 [00:09<01:08,  
2.59sim/s]
[SIMULATOR] Monte Carlo:  12%|[32m#2        [0m| 24/200 [00:10<01:07,  
2.62sim/s]
[SIMULATOR] Monte Carlo:  12%|[32m#2        [0m| 25/200 [00:10<01:06,  
2.62sim/s]
[SIMULATOR] Monte Carlo:  13%|[32m#3        [0m| 26/200 [00:11<01:06,  
2.61sim/s]
[SIMULATOR] Monte Carlo:  14%|[32m#3        [0m| 27/200 [00:11<01:06,  
2.61sim/s]
[SIMULATOR] Monte Carlo:  14%|[32m#4        [0m| 28/200 [00:11<01:04,  
2.66sim/s]
[SIMULATOR] Monte Carlo:  14%|[32m#4        [0m| 29/200 [00:12<01:05,  
2.62sim/s]
[SIMULATOR] Monte Carlo:  15%|[32m#5        [0m| 30/200 [00:12<01:04,  
2.64sim/s]
[SIMULATOR] Monte Carlo:  16%|[32m#5        [0m| 31/200 [00:12<01:04,  
2.61sim/s]
[SIMULATOR] Monte Carlo:  16%|[32m#6        [0m| 32/200 [00:13<01:03,  
2.63sim/s]
[SIMULATOR] Monte Carlo:  16%|[32m#6        [0m| 33/200 [00:13<01:02,  
2.65sim/s]
[SIMULATOR] Monte Carlo:  17%|[32m#7        [0m| 34/200 [00:14<01:01,  
2.68sim/s]
[SIMULATOR] Monte Carlo:  18%|[32m#7        [0m| 35/200 [00:14<01:01,  
2.70sim/s]
[SIMULATOR] Monte Carlo:  18%|[32m#8        [0m| 36/200 [00:14<01:00,  
2.69sim/s]
[SIMULATOR] Monte Carlo:  18%|[32m#8        [0m| 37/200 [00:15<01:01,  
2.65sim/s]
[SIMULATOR] Monte Carlo:  19%|[32m#9        [0m| 38/200 [00:15<01:02,  
2.61sim/s]
[SIMULATOR] Monte Carlo:  20%|[32m#9        [0m| 39/200 [00:15<01:01,  
2.63sim/s]
[SIMULATOR] Monte Carlo:  20%|[32m##        [0m| 40/200 [00:16<01:00,  
2.66sim/s]
[SIMULATOR] Monte Carlo:  20%|[32m##        [0m| 41/200 [00:16<00:59,  
2.66sim/s]
[SIMULATOR] Monte Carlo:  21%|[32m##1       [0m| 42/200 [00:17<00:59,  
2.67sim/s]
[SIMULATOR] Monte Carlo:  22%|[32m##1       [0m| 43/200 [00:17<00:58,  
2.69sim/s]
[SIMULATOR] Monte Carlo:  22%|[32m##2       [0m| 44/200 [00:17<00:58,  
2.65sim/s]
[SIMULATOR] Monte Carlo:  22%|[32m##2       [0m| 45/200 [00:18<00:58,  
2.65sim/s]
[SIMULATOR] Monte Carlo:  23%|[32m##3       [0m| 46/200 [00:18<01:00,  
2.57sim/s]
[SIMULATOR] Monte Carlo:  24%|[32m##3       [0m| 47/200 [00:18<01:00,  
2.54sim/s]
[SIMULATOR] Monte Carlo:  24%|[32m##4       [0m| 48/200 [00:19<00:59,  
2.57sim/s]
[SIMULATOR] Monte Carlo:  24%|[32m##4       [0m| 49/200 [00:19<00:58,  
2.59sim/s]
[SIMULATOR] Monte Carlo:  25%|[32m##5       [0m| 50/200 [00:20<00:57,  
2.63sim/s]
[SIMULATOR] Monte Carlo:  26%|[32m##5       [0m| 51/200 [00:20<00:56,  
2.65sim/s]
[SIMULATOR] Monte Carlo:  26%|[32m##6       [0m| 52/200 [00:20<00:55,  
2.66sim/s]
[SIMULATOR] Monte Carlo:  26%|[32m##6       [0m| 53/200 [00:21<00:55,  
2.66sim/s]
[SIMULATOR] Monte Carlo:  27%|[32m##7       [0m| 54/200 [00:21<00:58,  
2.51sim/s]
[SIMULATOR] Monte Carlo:  28%|[32m##7       [0m| 55/200 [00:22<00:57,  
2.53sim/s]
[SIMULATOR] Monte Carlo:  28%|[32m##8       [0m| 56/200 [00:22<00:56,  
2.56sim/s]
[SIMULATOR] Monte Carlo:  28%|[32m##8       [0m| 57/200 [00:22<00:54,  
2.60sim/s]
[SIMULATOR] Monte Carlo:  29%|[32m##9       [0m| 58/200 [00:23<00:54,  
2.61sim/s]
[SIMULATOR] Monte Carlo:  30%|[32m##9       [0m| 59/200 [00:23<00:54,  
2.57sim/s]
[SIMULATOR] Monte Carlo:  30%|[32m###       [0m| 60/200 [00:23<00:53,  
2.61sim/s]
[SIMULATOR] Monte Carlo:  30%|[32m###       [0m| 61/200 [00:24<00:53,  
2.58sim/s]
[SIMULATOR] Monte Carlo:  31%|[32m###1      [0m| 62/200 [00:24<00:53,  
2.60sim/s]
[SIMULATOR] Monte Carlo:  32%|[32m###1      [0m| 63/200 [00:25<00:52,  
2.63sim/s]
[SIMULATOR] Monte Carlo:  32%|[32m###2      [0m| 64/200 [00:25<00:51,  
2.65sim/s]
[SIMULATOR] Monte Carlo:  32%|[32m###2      [0m| 65/200 [00:25<00:50,  
2.67sim/s]
[SIMULATOR] Monte Carlo:  33%|[32m###3      [0m| 66/200 [00:26<00:49,  
2.70sim/s]
[SIMULATOR] Monte Carlo:  34%|[32m###3      [0m| 67/200 [00:26<00:49,  
2.67sim/s]
[SIMULATOR] Monte Carlo:  34%|[32m###4      [0m| 68/200 [00:26<00:49,  
2.67sim/s]
[SIMULATOR] Monte Carlo:  34%|[32m###4      [0m| 69/200 [00:27<00:49,  
2.65sim/s]
[SIMULATOR] Monte Carlo:  35%|[32m###5      [0m| 70/200 [00:27<00:48,  
2.66sim/s]
[SIMULATOR] Monte Carlo:  36%|[32m###5      [0m| 71/200 [00:28<00:49,  
2.61sim/s]
[SIMULATOR] Monte Carlo:  36%|[32m###6      [0m| 72/200 [00:28<00:48,  
2.63sim/s]
[SIMULATOR] Monte Carlo:  36%|[32m###6      [0m| 73/200 [00:28<00:47,  
2.67sim/s]
[SIMULATOR] Monte Carlo:  37%|[32m###7      [0m| 74/200 [00:29<00:47,  
2.68sim/s]
[SIMULATOR] Monte Carlo:  38%|[32m###7      [0m| 75/200 [00:29<00:46,  
2.68sim/s]
[SIMULATOR] Monte Carlo:  38%|[32m###8      [0m| 76/200 [00:29<00:45,  
2.71sim/s]
[SIMULATOR] Monte Carlo:  38%|[32m###8      [0m| 77/200 [00:30<00:45,  
2.69sim/s]
[SIMULATOR] Monte Carlo:  39%|[32m###9      [0m| 78/200 [00:30<00:45,  
2.65sim/s]
[SIMULATOR] Monte Carlo:  40%|[32m###9      [0m| 79/200 [00:31<00:45,  
2.66sim/s]
[SIMULATOR] Monte Carlo:  40%|[32m####      [0m| 80/200 [00:31<00:46,  
2.61sim/s]
[SIMULATOR] Monte Carlo:  40%|[32m####      [0m| 81/200 [00:31<00:45,  
2.62sim/s]
[SIMULATOR] Monte Carlo:  41%|[32m####1     [0m| 82/200 [00:32<00:45,  
2.61sim/s]
[SIMULATOR] Monte Carlo:  42%|[32m####1     [0m| 83/200 [00:32<00:44,  
2.66sim/s]
[SIMULATOR] Monte Carlo:  42%|[32m####2     [0m| 84/200 [00:33<00:43,  
2.64sim/s]
[SIMULATOR] Monte Carlo:  42%|[32m####2     [0m| 85/200 [00:33<00:43,  
2.63sim/s]
[SIMULATOR] Monte Carlo:  43%|[32m####3     [0m| 86/200 [00:33<00:42,  
2.66sim/s]
[SIMULATOR] Monte Carlo:  44%|[32m####3     [0m| 87/200 [00:34<00:42,  
2.68sim/s]
[SIMULATOR] Monte Carlo:  44%|[32m####4     [0m| 88/200 [00:34<00:41,  
2.69sim/s]
[SIMULATOR] Monte Carlo:  44%|[32m####4     [0m| 89/200 [00:34<00:41,  
2.64sim/s]
[SIMULATOR] Monte Carlo:  45%|[32m####5     [0m| 90/200 [00:35<00:40,  
2.69sim/s]
[SIMULATOR] Monte Carlo:  46%|[32m####5     [0m| 91/200 [00:35<00:40,  
2.67sim/s]
[SIMULATOR] Monte Carlo:  46%|[32m####6     [0m| 92/200 [00:36<00:40,  
2.68sim/s]
[SIMULATOR] Monte Carlo:  46%|[32m####6     [0m| 93/200 [00:36<00:39,  
2.69sim/s]
[SIMULATOR] Monte Carlo:  47%|[32m####6     [0m| 94/200 [00:36<00:39,  
2.69sim/s]
[SIMULATOR] Monte Carlo:  48%|[32m####7     [0m| 95/200 [00:37<00:39,  
2.68sim/s]
[SIMULATOR] Monte Carlo:  48%|[32m####8     [0m| 96/200 [00:37<00:38,  
2.72sim/s]
[SIMULATOR] Monte Carlo:  48%|[32m####8     [0m| 97/200 [00:37<00:37,  
2.72sim/s]
[SIMULATOR] Monte Carlo:  49%|[32m####9     [0m| 98/200 [00:38<00:37,  
2.74sim/s]
[SIMULATOR] Monte Carlo:  50%|[32m####9     [0m| 99/200 [00:38<00:36,  
2.75sim/s]
[SIMULATOR] Monte Carlo:  50%|[32m#####     [0m| 100/200 [00:38<00:36,  
2.74sim/s]
[SIMULATOR] Monte Carlo:  50%|[32m#####     [0m| 101/200 [00:39<00:36,  
2.71sim/s]
[SIMULATOR] Monte Carlo:  51%|[32m#####1    [0m| 102/200 [00:39<00:36,  
2.67sim/s]
[SIMULATOR] Monte Carlo:  52%|[32m#####1    [0m| 103/200 [00:40<00:36,  
2.68sim/s]
[SIMULATOR] Monte Carlo:  52%|[32m#####2    [0m| 104/200 [00:40<00:35,  
2.70sim/s]
[SIMULATOR] Monte Carlo:  52%|[32m#####2    [0m| 105/200 [00:40<00:35,  
2.68sim/s]
[SIMULATOR] Monte Carlo:  53%|[32m#####3    [0m| 106/200 [00:41<00:35,  
2.64sim/s]
[SIMULATOR] Monte Carlo:  54%|[32m#####3    [0m| 107/200 [00:41<00:35,  
2.60sim/s]
[SIMULATOR] Monte Carlo:  54%|[32m#####4    [0m| 108/200 [00:41<00:35,  
2.62sim/s]
[SIMULATOR] Monte Carlo:  55%|[32m#####4    [0m| 109/200 [00:42<00:34,  
2.64sim/s]
[SIMULATOR] Monte Carlo:  55%|[32m#####5    [0m| 110/200 [00:42<00:34,  
2.65sim/s]
[SIMULATOR] Monte Carlo:  56%|[32m#####5    [0m| 111/200 [00:43<00:33,  
2.66sim/s]
[SIMULATOR] Monte Carlo:  56%|[32m#####6    [0m| 112/200 [00:43<00:32,  
2.67sim/s]
[SIMULATOR] Monte Carlo:  56%|[32m#####6    [0m| 113/200 [00:43<00:32,  
2.69sim/s]
[SIMULATOR] Monte Carlo:  57%|[32m#####6    [0m| 114/200 [00:44<00:32,  
2.68sim/s]
[SIMULATOR] Monte Carlo:  57%|[32m#####7    [0m| 115/200 [00:44<00:31,  
2.67sim/s]
[SIMULATOR] Monte Carlo:  58%|[32m#####8    [0m| 116/200 [00:44<00:31,  
2.68sim/s]
[SIMULATOR] Monte Carlo:  58%|[32m#####8    [0m| 117/200 [00:45<00:30,  
2.68sim/s]
[SIMULATOR] Monte Carlo:  59%|[32m#####8    [0m| 118/200 [00:45<00:30,  
2.68sim/s]
[SIMULATOR] Monte Carlo:  60%|[32m#####9    [0m| 119/200 [00:46<00:30,  
2.69sim/s]
[SIMULATOR] Monte Carlo:  60%|[32m######    [0m| 120/200 [00:46<00:30,  
2.66sim/s]
[SIMULATOR] Monte Carlo:  60%|[32m######    [0m| 121/200 [00:46<00:29,  
2.68sim/s]
[SIMULATOR] Monte Carlo:  61%|[32m######1   [0m| 122/200 [00:47<00:29,  
2.67sim/s]
[SIMULATOR] Monte Carlo:  62%|[32m######1   [0m| 123/200 [00:47<00:29,  
2.64sim/s]
[SIMULATOR] Monte Carlo:  62%|[32m######2   [0m| 124/200 [00:47<00:28,  
2.64sim/s]
[SIMULATOR] Monte Carlo:  62%|[32m######2   [0m| 125/200 [00:48<00:28,  
2.63sim/s]
[SIMULATOR] Monte Carlo:  63%|[32m######3   [0m| 126/200 [00:48<00:28,  
2.60sim/s]
[SIMULATOR] Monte Carlo:  64%|[32m######3   [0m| 127/200 [00:49<00:27,  
2.61sim/s]
[SIMULATOR] Monte Carlo:  64%|[32m######4   [0m| 128/200 [00:49<00:27,  
2.60sim/s]
[SIMULATOR] Monte Carlo:  64%|[32m######4   [0m| 129/200 [00:49<00:27,  
2.60sim/s]
[SIMULATOR] Monte Carlo:  65%|[32m######5   [0m| 130/200 [00:50<00:26,  
2.62sim/s]
[SIMULATOR] Monte Carlo:  66%|[32m######5   [0m| 131/200 [00:50<00:26,  
2.62sim/s]
[SIMULATOR] Monte Carlo:  66%|[32m######6   [0m| 132/200 [00:51<00:25,  
2.67sim/s]
[SIMULATOR] Monte Carlo:  66%|[32m######6   [0m| 133/200 [00:51<00:25,  
2.60sim/s]
[SIMULATOR] Monte Carlo:  67%|[32m######7   [0m| 134/200 [00:51<00:25,  
2.63sim/s]
[SIMULATOR] Monte Carlo:  68%|[32m######7   [0m| 135/200 [00:52<00:25,  
2.58sim/s]
[SIMULATOR] Monte Carlo:  68%|[32m######8   [0m| 136/200 [00:52<00:24,  
2.58sim/s]
[SIMULATOR] Monte Carlo:  68%|[32m######8   [0m| 137/200 [00:52<00:24,  
2.62sim/s]
[SIMULATOR] Monte Carlo:  69%|[32m######9   [0m| 138/200 [00:53<00:23,  
2.65sim/s]
[SIMULATOR] Monte Carlo:  70%|[32m######9   [0m| 139/200 [00:53<00:22,  
2.66sim/s]
[SIMULATOR] Monte Carlo:  70%|[32m#######   [0m| 140/200 [00:54<00:22,  
2.65sim/s]
[SIMULATOR] Monte Carlo:  70%|[32m#######   [0m| 141/200 [00:54<00:21,  
2.68sim/s]
[SIMULATOR] Monte Carlo:  71%|[32m#######1  [0m| 142/200 [00:54<00:21,  
2.69sim/s]
[SIMULATOR] Monte Carlo:  72%|[32m#######1  [0m| 143/200 [00:55<00:20,  
2.74sim/s]
[SIMULATOR] Monte Carlo:  72%|[32m#######2  [0m| 144/200 [00:55<00:20,  
2.69sim/s]
[SIMULATOR] Monte Carlo:  72%|[32m#######2  [0m| 145/200 [00:55<00:20,  
2.68sim/s]
[SIMULATOR] Monte Carlo:  73%|[32m#######3  [0m| 146/200 [00:56<00:20,  
2.67sim/s]
[SIMULATOR] Monte Carlo:  74%|[32m#######3  [0m| 147/200 [00:56<00:19,  
2.66sim/s]
[SIMULATOR] Monte Carlo:  74%|[32m#######4  [0m| 148/200 [00:57<00:19,  
2.65sim/s]
[SIMULATOR] Monte Carlo:  74%|[32m#######4  [0m| 149/200 [00:57<00:19,  
2.67sim/s]
[SIMULATOR] Monte Carlo:  75%|[32m#######5  [0m| 150/200 [00:57<00:19,  
2.62sim/s]
[SIMULATOR] Monte Carlo:  76%|[32m#######5  [0m| 151/200 [00:58<00:18,  
2.66sim/s]
[SIMULATOR] Monte Carlo:  76%|[32m#######6  [0m| 152/200 [00:58<00:17,  
2.67sim/s]
[SIMULATOR] Monte Carlo:  76%|[32m#######6  [0m| 153/200 [00:58<00:17,  
2.64sim/s]
[SIMULATOR] Monte Carlo:  77%|[32m#######7  [0m| 154/200 [00:59<00:17,  
2.61sim/s]
[SIMULATOR] Monte Carlo:  78%|[32m#######7  [0m| 155/200 [00:59<00:17,  
2.61sim/s]
[SIMULATOR] Monte Carlo:  78%|[32m#######8  [0m| 156/200 [01:00<00:16,  
2.61sim/s]
[SIMULATOR] Monte Carlo:  78%|[32m#######8  [0m| 157/200 [01:00<00:16,  
2.64sim/s]
[SIMULATOR] Monte Carlo:  79%|[32m#######9  [0m| 158/200 [01:00<00:15,  
2.65sim/s]
[SIMULATOR] Monte Carlo:  80%|[32m#######9  [0m| 159/200 [01:01<00:15,  
2.68sim/s]
[SIMULATOR] Monte Carlo:  80%|[32m########  [0m| 160/200 [01:01<00:15,  
2.65sim/s]
[SIMULATOR] Monte Carlo:  80%|[32m########  [0m| 161/200 [01:01<00:14,  
2.60sim/s]
[SIMULATOR] Monte Carlo:  81%|[32m########1 [0m| 162/200 [01:02<00:14,  
2.59sim/s]
[SIMULATOR] Monte Carlo:  82%|[32m########1 [0m| 163/200 [01:02<00:14,  
2.59sim/s]
[SIMULATOR] Monte Carlo:  82%|[32m########2 [0m| 164/200 [01:03<00:13,  
2.60sim/s]
[SIMULATOR] Monte Carlo:  82%|[32m########2 [0m| 165/200 [01:03<00:13,  
2.62sim/s]
[SIMULATOR] Monte Carlo:  83%|[32m########2 [0m| 166/200 [01:03<00:13,  
2.59sim/s]
[SIMULATOR] Monte Carlo:  84%|[32m########3 [0m| 167/200 [01:04<00:12,  
2.59sim/s]
[SIMULATOR] Monte Carlo:  84%|[32m########4 [0m| 168/200 [01:04<00:12,  
2.61sim/s]
[SIMULATOR] Monte Carlo:  84%|[32m########4 [0m| 169/200 [01:05<00:12,  
2.58sim/s]
[SIMULATOR] Monte Carlo:  85%|[32m########5 [0m| 170/200 [01:05<00:11,  
2.62sim/s]
[SIMULATOR] Monte Carlo:  86%|[32m########5 [0m| 171/200 [01:05<00:11,  
2.64sim/s]
[SIMULATOR] Monte Carlo:  86%|[32m########6 [0m| 172/200 [01:06<00:10,  
2.67sim/s]
[SIMULATOR] Monte Carlo:  86%|[32m########6 [0m| 173/200 [01:06<00:10,  
2.67sim/s]
[SIMULATOR] Monte Carlo:  87%|[32m########7 [0m| 174/200 [01:06<00:09,  
2.67sim/s]
[SIMULATOR] Monte Carlo:  88%|[32m########7 [0m| 175/200 [01:07<00:09,  
2.65sim/s]
[SIMULATOR] Monte Carlo:  88%|[32m########8 [0m| 176/200 [01:07<00:09,  
2.65sim/s]
[SIMULATOR] Monte Carlo:  88%|[32m########8 [0m| 177/200 [01:08<00:08,  
2.65sim/s]
[SIMULATOR] Monte Carlo:  89%|[32m########9 [0m| 178/200 [01:08<00:08,  
2.68sim/s]
[SIMULATOR] Monte Carlo:  90%|[32m########9 [0m| 179/200 [01:08<00:07,  
2.64sim/s]
[SIMULATOR] Monte Carlo:  90%|[32m######### [0m| 180/200 [01:09<00:07,  
2.66sim/s]
[SIMULATOR] Monte Carlo:  90%|[32m######### [0m| 181/200 [01:09<00:07,  
2.68sim/s]
[SIMULATOR] Monte Carlo:  91%|[32m#########1[0m| 182/200 [01:09<00:06,  
2.69sim/s]
[SIMULATOR] Monte Carlo:  92%|[32m#########1[0m| 183/200 [01:10<00:06,  
2.69sim/s]
[SIMULATOR] Monte Carlo:  92%|[32m#########2[0m| 184/200 [01:10<00:05,  
2.69sim/s]
[SIMULATOR] Monte Carlo:  92%|[32m#########2[0m| 185/200 [01:11<00:05,  
2.69sim/s]
[SIMULATOR] Monte Carlo:  93%|[32m#########3[0m| 186/200 [01:11<00:05,  
2.58sim/s]
[SIMULATOR] Monte Carlo:  94%|[32m#########3[0m| 187/200 [01:11<00:04,  
2.63sim/s]
[SIMULATOR] Monte Carlo:  94%|[32m#########3[0m| 188/200 [01:12<00:04,  
2.63sim/s]
[SIMULATOR] Monte Carlo:  94%|[32m#########4[0m| 189/200 [01:12<00:04,  
2.68sim/s]
[SIMULATOR] Monte Carlo:  95%|[32m#########5[0m| 190/200 [01:12<00:03,  
2.67sim/s]
[SIMULATOR] Monte Carlo:  96%|[32m#########5[0m| 191/200 [01:13<00:03,  
2.68sim/s]
[SIMULATOR] Monte Carlo:  96%|[32m#########6[0m| 192/200 [01:13<00:02,  
2.68sim/s]
[SIMULATOR] Monte Carlo:  96%|[32m#########6[0m| 193/200 [01:14<00:02,  
2.66sim/s]
[SIMULATOR] Monte Carlo:  97%|[32m#########7[0m| 194/200 [01:14<00:02,  
2.66sim/s]
[SIMULATOR] Monte Carlo:  98%|[32m#########7[0m| 195/200 [01:14<00:01,  
2.61sim/s]
[SIMULATOR] Monte Carlo:  98%|[32m#########8[0m| 196/200 [01:15<00:01,  
2.59sim/s]
[SIMULATOR] Monte Carlo:  98%|[32m#########8[0m| 197/200 [01:15<00:01,  
2.63sim/s]
[SIMULATOR] Monte Carlo:  99%|[32m#########9[0m| 198/200 [01:15<00:00,  
2.69sim/s]
[SIMULATOR] Monte Carlo: 100%|[32m#########9[0m| 199/200 [01:16<00:00,  
2.68sim/s]
[SIMULATOR] Monte Carlo: 100%|[32m##########[0m| 200/200 [01:16<00:00,  
2.68sim/s]
[SIMULATOR] Monte Carlo: 100%|[32m##########[0m| 200/200 [01:16<00:00,  
2.61sim/s]
[SIMULATOR] Simulations complete!

[OPTIMIZER] Starting Bayesian optimization (gp_minimize)...
  n_calls: 40
  EPT constraint: max increase = 10 min

[OPTIMIZER] Bayesian Search:   0%|          | 0/40 [00:00<?, ?iter/s]
[OPTIMIZER] Bayesian Search:   2%|2         | 1/40 [00:00<00:14,  2.70iter/s]
[OPTIMIZER] Bayesian Search:   5%|5         | 2/40 [00:00<00:14,  2.68iter/s]
[OPTIMIZER] Bayesian Search:   8%|7         | 3/40 [00:01<00:14,  2.63iter/s]
[OPTIMIZER] Bayesian Search:  10%|#         | 4/40 [00:01<00:13,  2.62iter/s]
[OPTIMIZER] Bayesian Search:  12%|#2        | 5/40 [00:02<00:14,  2.34iter/s]
[OPTIMIZER] Bayesian Search:  15%|#5        | 6/40 [00:02<00:15,  2.14iter/s]
[OPTIMIZER] Bayesian Search:  18%|#7        | 7/40 [00:03<00:16,  1.99iter/s]
[OPTIMIZER] Bayesian Search:  20%|##        | 8/40 [00:03<00:16,  1.91iter/s]
[OPTIMIZER] Bayesian Search:  22%|##2       | 9/40 [00:04<00:15,  1.96iter/s]
[OPTIMIZER] Bayesian Search:  25%|##5       | 10/40 [00:04<00:16,  1.84iter/s]
[OPTIMIZER] Bayesian Search:  28%|##7       | 11/40 [00:05<00:16,  1.71iter/s]
[OPTIMIZER] Bayesian Search:  30%|###       | 12/40 [00:06<00:16,  1.75iter/s]
[OPTIMIZER] Bayesian Search:  32%|###2      | 13/40 [00:06<00:15,  1.75iter/s]
[OPTIMIZER] Bayesian Search:  35%|###5      | 14/40 [00:07<00:14,  1.74iter/s]
[OPTIMIZER] Bayesian Search:  38%|###7      | 15/40 [00:07<00:14,  1.70iter/s]
[OPTIMIZER] Bayesian Search:  40%|####      | 16/40 [00:08<00:14,  1.68iter/s]
[OPTIMIZER] Bayesian Search:  42%|####2     | 17/40 [00:09<00:13,  1.68iter/s]
[OPTIMIZER] Bayesian Search:  45%|####5     | 18/40 [00:09<00:13,  1.69iter/s]
[OPTIMIZER] Bayesian Search:  48%|####7     | 19/40 [00:10<00:12,  1.73iter/s]
[OPTIMIZER] Bayesian Search:  50%|#####     | 20/40 [00:10<00:12,  1.63iter/s]
[OPTIMIZER] Bayesian Search:  52%|#####2    | 21/40 [00:11<00:11,  1.60iter/s]
[OPTIMIZER] Bayesian Search:  55%|#####5    | 22/40 [00:12<00:11,  1.59iter/s]
[OPTIMIZER] Bayesian Search:  57%|#####7    | 23/40 [00:12<00:10,  1.63iter/s]
[OPTIMIZER] Bayesian Search:  60%|######    | 24/40 [00:13<00:09,  1.61iter/s]
[OPTIMIZER] Bayesian Search:  62%|######2   | 25/40 [00:13<00:09,  1.62iter/s]
[OPTIMIZER] Bayesian Search:  65%|######5   | 26/40 [00:14<00:08,  1.59iter/s]
[OPTIMIZER] Bayesian Search:  68%|######7   | 27/40 [00:15<00:07,  1.65iter/s]
[OPTIMIZER] Bayesian Search:  70%|#######   | 28/40 [00:15<00:07,  1.63iter/s]
[OPTIMIZER] Bayesian Search:  72%|#######2  | 29/40 [00:16<00:07,  1.55iter/s]
[OPTIMIZER] Bayesian Search:  75%|#######5  | 30/40 [00:17<00:06,  1.51iter/s]
[OPTIMIZER] Bayesian Search:  78%|#######7  | 31/40 [00:17<00:05,  1.55iter/s]
[OPTIMIZER] Bayesian Search:  80%|########  | 32/40 [00:18<00:05,  1.53iter/s]
[OPTIMIZER] Bayesian Search:  82%|########2 | 33/40 [00:19<00:04,  1.47iter/s]
[OPTIMIZER] Bayesian Search:  85%|########5 | 34/40 [00:19<00:04,  1.43iter/s]
[OPTIMIZER] Bayesian Search:  88%|########7 | 35/40 [00:20<00:03,  1.36iter/s]
[OPTIMIZER] Bayesian Search:  90%|######### | 36/40 [00:21<00:02,  1.37iter/s]
[OPTIMIZER] Bayesian Search:  92%|#########2| 37/40 [00:22<00:02,  1.38iter/s]
[OPTIMIZER] Bayesian Search:  95%|#########5| 38/40 [00:22<00:01,  1.40iter/s]
[OPTIMIZER] Bayesian Search:  98%|#########7| 39/40 [00:23<00:00,  1.39iter/s]
[OPTIMIZER] Bayesian Search: 100%|##########| 40/40 [00:24<00:00,  1.42iter/s]
[OPTIMIZER] Bayesian Search: 100%|##########| 40/40 [00:24<00:00,  1.64iter/s]
  Iteration 5: loss=1.924, awt_imp=0.07, ept_inc=0.32, weighted_gain=-0.087
  Iteration 10: loss=7.612, awt_imp=0.07, ept_inc=0.57, weighted_gain=-0.187
  Iteration 15: loss=-0.047, awt_imp=0.14, ept_inc=0.09, weighted_gain=0.047
  Iteration 20: loss=-0.029, awt_imp=0.11, ept_inc=0.09, weighted_gain=0.029
  Iteration 25: loss=22.908, awt_imp=0.07, ept_inc=0.93, weighted_gain=-0.331
  Iteration 30: loss=0.072, awt_imp=0.08, ept_inc=0.13, weighted_gain=-0.005
  Iteration 35: loss=2.227, awt_imp=0.12, ept_inc=0.38, weighted_gain=-0.081
  Iteration 40: loss=0.137, awt_imp=0.14, ept_inc=0.21, weighted_gain=-0.001
[OPTIMIZER] Optimization complete!
  Best loss: -0.057
  Best params: u1=12, u2=3, u3=12, delta_ept=2.00, duracion_hdm=10

======================================================================
OPTIMIZATION RESULTS
======================================================================

Optimal HDM Configuration:
  u1 (ordenes threshold):    12
  u2 (riders threshold):     3
  u3 (AWT threshold):        12 minutes
  delta_ept (EPT increase):  2.00 minutes
  duracion_hdm (duration):   10 minutes

Objective value (loss):  -0.057
======================================================================


[OPTIMIZER] Extracted 2 strategic profiles
  Agresiva: AWT improvement 0.14 min, EPT increase 0.30 min, Activation rate 3.0%
  Equilibrada: AWT improvement 0.13 min, EPT increase 0.05 min, Activation rate 2.0%

  [8/9] Processing partner 531058...

  [PARTNER 531058] Kfc Centro Calama | 2026-02-23 to 2026-03-01 | 10080 rows

[ANALYTICS] Starting exploratory analysis...

============================================================
BASELINE METRICS
============================================================

Ordenes Pendientes:
  Promedio: 2.53
  Std Dev: 4.06
  P50: 0.0
  P95: 12.0

Riders Cerca:
  Promedio: 0.27
  Std Dev: 0.58
  P50: 0.0
  P95: 1.0

AWT (Avoidable Wait Time):
  Promedio: 1.07 min
  Std Dev: 2.94
  P50: 0.0 min
  P95: 7.3 min

HDM Activation:
  Total activations: 1226
  Activation rate: 12.16%

EPT WIP (Suavizado):
  Promedio: 10.18 min
  P95: 30.80 min

EPT WIP (Original):
  Promedio: 11.71 min
  P95: 36.88 min

EPT (Estimated Prep Time):
  Promedio: 10.18 min
  P95: 30.80 min
============================================================


============================================================
CORRELATION MATRIX
============================================================
                           ordenes_pendientes  ...  ept_promedio_min_smoothed
ordenes_pendientes                      1.000  ...                      0.795
riders_cerca                            0.557  ...                      0.521
max_awt_espera_min                      0.429  ...                      0.404
hdm_activo                              0.476  ...                      0.499
ept_promedio                            0.795  ...                      1.000
ept_promedio_min                        0.851  ...                      0.949
ept_promedio_min_smoothed               0.795  ...                      1.000

[7 rows x 7 columns]
============================================================


============================================================
TRAINING PREDICTIVE MODELS
============================================================

[MODEL] AWT Predictor (linear_regression) trained:
  Train RMSE: 1.891
  Test RMSE: 1.935
  Test MAE: 0.683
  Test R▓: 0.588

[MODEL] EPT Predictor (linear_regression) trained:
  Test RMSE: 7.012
  Test MAE: 5.623
  Test R▓: 0.656

[SIMULATOR] Running 200 Monte Carlo simulations...

[SIMULATOR] Monte Carlo:   0%|[32m          [0m| 0/200 [00:00<?, ?sim/s]
[SIMULATOR] Monte Carlo:   0%|[32m          [0m| 1/200 [00:00<01:19,  
2.49sim/s]
[SIMULATOR] Monte Carlo:   1%|[32m1         [0m| 2/200 [00:00<01:14,  
2.64sim/s]
[SIMULATOR] Monte Carlo:   2%|[32m1         [0m| 3/200 [00:01<01:16,  
2.59sim/s]
[SIMULATOR] Monte Carlo:   2%|[32m2         [0m| 4/200 [00:01<01:12,  
2.70sim/s]
[SIMULATOR] Monte Carlo:   2%|[32m2         [0m| 5/200 [00:01<01:11,  
2.73sim/s]
[SIMULATOR] Monte Carlo:   3%|[32m3         [0m| 6/200 [00:02<01:11,  
2.73sim/s]
[SIMULATOR] Monte Carlo:   4%|[32m3         [0m| 7/200 [00:02<01:09,  
2.76sim/s]
[SIMULATOR] Monte Carlo:   4%|[32m4         [0m| 8/200 [00:02<01:10,  
2.74sim/s]
[SIMULATOR] Monte Carlo:   4%|[32m4         [0m| 9/200 [00:03<01:10,  
2.71sim/s]
[SIMULATOR] Monte Carlo:   5%|[32m5         [0m| 10/200 [00:03<01:09,  
2.72sim/s]
[SIMULATOR] Monte Carlo:   6%|[32m5         [0m| 11/200 [00:04<01:10,  
2.69sim/s]
[SIMULATOR] Monte Carlo:   6%|[32m6         [0m| 12/200 [00:04<01:10,  
2.67sim/s]
[SIMULATOR] Monte Carlo:   6%|[32m6         [0m| 13/200 [00:04<01:09,  
2.69sim/s]
[SIMULATOR] Monte Carlo:   7%|[32m7         [0m| 14/200 [00:05<01:09,  
2.69sim/s]
[SIMULATOR] Monte Carlo:   8%|[32m7         [0m| 15/200 [00:05<01:08,  
2.70sim/s]
[SIMULATOR] Monte Carlo:   8%|[32m8         [0m| 16/200 [00:05<01:08,  
2.70sim/s]
[SIMULATOR] Monte Carlo:   8%|[32m8         [0m| 17/200 [00:06<01:07,  
2.70sim/s]
[SIMULATOR] Monte Carlo:   9%|[32m9         [0m| 18/200 [00:06<01:07,  
2.69sim/s]
[SIMULATOR] Monte Carlo:  10%|[32m9         [0m| 19/200 [00:07<01:06,  
2.73sim/s]
[SIMULATOR] Monte Carlo:  10%|[32m#         [0m| 20/200 [00:07<01:06,  
2.70sim/s]
[SIMULATOR] Monte Carlo:  10%|[32m#         [0m| 21/200 [00:07<01:07,  
2.64sim/s]
[SIMULATOR] Monte Carlo:  11%|[32m#1        [0m| 22/200 [00:08<01:06,  
2.67sim/s]
[SIMULATOR] Monte Carlo:  12%|[32m#1        [0m| 23/200 [00:08<01:05,  
2.68sim/s]
[SIMULATOR] Monte Carlo:  12%|[32m#2        [0m| 24/200 [00:08<01:05,  
2.69sim/s]
[SIMULATOR] Monte Carlo:  12%|[32m#2        [0m| 25/200 [00:09<01:05,  
2.68sim/s]
[SIMULATOR] Monte Carlo:  13%|[32m#3        [0m| 26/200 [00:09<01:05,  
2.66sim/s]
[SIMULATOR] Monte Carlo:  14%|[32m#3        [0m| 27/200 [00:10<01:04,  
2.66sim/s]
[SIMULATOR] Monte Carlo:  14%|[32m#4        [0m| 28/200 [00:10<01:06,  
2.59sim/s]
[SIMULATOR] Monte Carlo:  14%|[32m#4        [0m| 29/200 [00:10<01:05,  
2.62sim/s]
[SIMULATOR] Monte Carlo:  15%|[32m#5        [0m| 30/200 [00:11<01:04,  
2.62sim/s]
[SIMULATOR] Monte Carlo:  16%|[32m#5        [0m| 31/200 [00:11<01:03,  
2.67sim/s]
[SIMULATOR] Monte Carlo:  16%|[32m#6        [0m| 32/200 [00:11<01:02,  
2.67sim/s]
[SIMULATOR] Monte Carlo:  16%|[32m#6        [0m| 33/200 [00:12<01:02,  
2.68sim/s]
[SIMULATOR] Monte Carlo:  17%|[32m#7        [0m| 34/200 [00:12<01:02,  
2.66sim/s]
[SIMULATOR] Monte Carlo:  18%|[32m#7        [0m| 35/200 [00:13<01:01,  
2.68sim/s]
[SIMULATOR] Monte Carlo:  18%|[32m#8        [0m| 36/200 [00:13<01:01,  
2.69sim/s]
[SIMULATOR] Monte Carlo:  18%|[32m#8        [0m| 37/200 [00:13<01:01,  
2.66sim/s]
[SIMULATOR] Monte Carlo:  19%|[32m#9        [0m| 38/200 [00:14<01:00,  
2.66sim/s]
[SIMULATOR] Monte Carlo:  20%|[32m#9        [0m| 39/200 [00:14<01:00,  
2.66sim/s]
[SIMULATOR] Monte Carlo:  20%|[32m##        [0m| 40/200 [00:14<00:59,  
2.71sim/s]
[SIMULATOR] Monte Carlo:  20%|[32m##        [0m| 41/200 [00:15<00:58,  
2.70sim/s]
[SIMULATOR] Monte Carlo:  21%|[32m##1       [0m| 42/200 [00:15<00:58,  
2.70sim/s]
[SIMULATOR] Monte Carlo:  22%|[32m##1       [0m| 43/200 [00:16<00:58,  
2.69sim/s]
[SIMULATOR] Monte Carlo:  22%|[32m##2       [0m| 44/200 [00:16<00:58,  
2.68sim/s]
[SIMULATOR] Monte Carlo:  22%|[32m##2       [0m| 45/200 [00:16<00:57,  
2.68sim/s]
[SIMULATOR] Monte Carlo:  23%|[32m##3       [0m| 46/200 [00:17<00:57,  
2.66sim/s]
[SIMULATOR] Monte Carlo:  24%|[32m##3       [0m| 47/200 [00:17<00:59,  
2.56sim/s]
[SIMULATOR] Monte Carlo:  24%|[32m##4       [0m| 48/200 [00:18<01:00,  
2.53sim/s]
[SIMULATOR] Monte Carlo:  24%|[32m##4       [0m| 49/200 [00:18<01:05,  
2.29sim/s]
[SIMULATOR] Monte Carlo:  25%|[32m##5       [0m| 50/200 [00:18<01:03,  
2.35sim/s]
[SIMULATOR] Monte Carlo:  26%|[32m##5       [0m| 51/200 [00:19<01:00,  
2.47sim/s]
[SIMULATOR] Monte Carlo:  26%|[32m##6       [0m| 52/200 [00:19<00:57,  
2.57sim/s]
[SIMULATOR] Monte Carlo:  26%|[32m##6       [0m| 53/200 [00:20<00:57,  
2.56sim/s]
[SIMULATOR] Monte Carlo:  27%|[32m##7       [0m| 54/200 [00:20<00:59,  
2.47sim/s]
[SIMULATOR] Monte Carlo:  28%|[32m##7       [0m| 55/200 [00:20<01:00,  
2.39sim/s]
[SIMULATOR] Monte Carlo:  28%|[32m##8       [0m| 56/200 [00:21<01:00,  
2.38sim/s]
[SIMULATOR] Monte Carlo:  28%|[32m##8       [0m| 57/200 [00:21<01:00,  
2.37sim/s]
[SIMULATOR] Monte Carlo:  29%|[32m##9       [0m| 58/200 [00:22<00:56,  
2.50sim/s]
[SIMULATOR] Monte Carlo:  30%|[32m##9       [0m| 59/200 [00:22<00:54,  
2.58sim/s]
[SIMULATOR] Monte Carlo:  30%|[32m###       [0m| 60/200 [00:22<00:53,  
2.63sim/s]
[SIMULATOR] Monte Carlo:  30%|[32m###       [0m| 61/200 [00:23<00:51,  
2.69sim/s]
[SIMULATOR] Monte Carlo:  31%|[32m###1      [0m| 62/200 [00:23<00:51,  
2.69sim/s]
[SIMULATOR] Monte Carlo:  32%|[32m###1      [0m| 63/200 [00:23<00:51,  
2.65sim/s]
[SIMULATOR] Monte Carlo:  32%|[32m###2      [0m| 64/200 [00:24<00:51,  
2.64sim/s]
[SIMULATOR] Monte Carlo:  32%|[32m###2      [0m| 65/200 [00:24<00:49,  
2.70sim/s]
[SIMULATOR] Monte Carlo:  33%|[32m###3      [0m| 66/200 [00:25<00:51,  
2.61sim/s]
[SIMULATOR] Monte Carlo:  34%|[32m###3      [0m| 67/200 [00:25<00:50,  
2.62sim/s]
[SIMULATOR] Monte Carlo:  34%|[32m###4      [0m| 68/200 [00:25<00:50,  
2.61sim/s]
[SIMULATOR] Monte Carlo:  34%|[32m###4      [0m| 69/200 [00:26<00:51,  
2.54sim/s]
[SIMULATOR] Monte Carlo:  35%|[32m###5      [0m| 70/200 [00:26<00:55,  
2.33sim/s]
[SIMULATOR] Monte Carlo:  36%|[32m###5      [0m| 71/200 [00:27<00:55,  
2.32sim/s]
[SIMULATOR] Monte Carlo:  36%|[32m###6      [0m| 72/200 [00:27<00:56,  
2.28sim/s]
[SIMULATOR] Monte Carlo:  36%|[32m###6      [0m| 73/200 [00:28<00:57,  
2.20sim/s]
[SIMULATOR] Monte Carlo:  37%|[32m###7      [0m| 74/200 [00:28<00:56,  
2.22sim/s]
[SIMULATOR] Monte Carlo:  38%|[32m###7      [0m| 75/200 [00:29<00:55,  
2.26sim/s]
[SIMULATOR] Monte Carlo:  38%|[32m###8      [0m| 76/200 [00:29<00:54,  
2.28sim/s]
[SIMULATOR] Monte Carlo:  38%|[32m###8      [0m| 77/200 [00:29<00:55,  
2.22sim/s]
[SIMULATOR] Monte Carlo:  39%|[32m###9      [0m| 78/200 [00:30<00:59,  
2.05sim/s]
[SIMULATOR] Monte Carlo:  40%|[32m###9      [0m| 79/200 [00:31<01:02,  
1.94sim/s]
[SIMULATOR] Monte Carlo:  40%|[32m####      [0m| 80/200 [00:31<01:07,  
1.78sim/s]
[SIMULATOR] Monte Carlo:  40%|[32m####      [0m| 81/200 [00:32<01:11,  
1.66sim/s]
[SIMULATOR] Monte Carlo:  41%|[32m####1     [0m| 82/200 [00:33<01:10,  
1.67sim/s]
[SIMULATOR] Monte Carlo:  42%|[32m####1     [0m| 83/200 [00:33<01:07,  
1.73sim/s]
[SIMULATOR] Monte Carlo:  42%|[32m####2     [0m| 84/200 [00:34<01:02,  
1.85sim/s]
[SIMULATOR] Monte Carlo:  42%|[32m####2     [0m| 85/200 [00:34<00:58,  
1.96sim/s]
[SIMULATOR] Monte Carlo:  43%|[32m####3     [0m| 86/200 [00:34<00:54,  
2.08sim/s]
[SIMULATOR] Monte Carlo:  44%|[32m####3     [0m| 87/200 [00:35<00:51,  
2.21sim/s]
[SIMULATOR] Monte Carlo:  44%|[32m####4     [0m| 88/200 [00:35<00:47,  
2.34sim/s]
[SIMULATOR] Monte Carlo:  44%|[32m####4     [0m| 89/200 [00:36<00:45,  
2.42sim/s]
[SIMULATOR] Monte Carlo:  45%|[32m####5     [0m| 90/200 [00:36<00:43,  
2.51sim/s]
[SIMULATOR] Monte Carlo:  46%|[32m####5     [0m| 91/200 [00:36<00:42,  
2.57sim/s]
[SIMULATOR] Monte Carlo:  46%|[32m####6     [0m| 92/200 [00:37<00:41,  
2.62sim/s]
[SIMULATOR] Monte Carlo:  46%|[32m####6     [0m| 93/200 [00:37<00:40,  
2.65sim/s]
[SIMULATOR] Monte Carlo:  47%|[32m####6     [0m| 94/200 [00:37<00:40,  
2.64sim/s]
[SIMULATOR] Monte Carlo:  48%|[32m####7     [0m| 95/200 [00:38<00:39,  
2.69sim/s]
[SIMULATOR] Monte Carlo:  48%|[32m####8     [0m| 96/200 [00:38<00:38,  
2.68sim/s]
[SIMULATOR] Monte Carlo:  48%|[32m####8     [0m| 97/200 [00:38<00:37,  
2.71sim/s]
[SIMULATOR] Monte Carlo:  49%|[32m####9     [0m| 98/200 [00:39<00:38,  
2.65sim/s]
[SIMULATOR] Monte Carlo:  50%|[32m####9     [0m| 99/200 [00:39<00:38,  
2.65sim/s]
[SIMULATOR] Monte Carlo:  50%|[32m#####     [0m| 100/200 [00:40<00:36,  
2.71sim/s]
[SIMULATOR] Monte Carlo:  50%|[32m#####     [0m| 101/200 [00:40<00:38,  
2.56sim/s]
[SIMULATOR] Monte Carlo:  51%|[32m#####1    [0m| 102/200 [00:41<00:43,  
2.25sim/s]
[SIMULATOR] Monte Carlo:  52%|[32m#####1    [0m| 103/200 [00:41<00:44,  
2.19sim/s]
[SIMULATOR] Monte Carlo:  52%|[32m#####2    [0m| 104/200 [00:42<00:43,  
2.20sim/s]
[SIMULATOR] Monte Carlo:  52%|[32m#####2    [0m| 105/200 [00:42<00:42,  
2.22sim/s]
[SIMULATOR] Monte Carlo:  53%|[32m#####3    [0m| 106/200 [00:42<00:40,  
2.32sim/s]
[SIMULATOR] Monte Carlo:  54%|[32m#####3    [0m| 107/200 [00:43<00:38,  
2.42sim/s]
[SIMULATOR] Monte Carlo:  54%|[32m#####4    [0m| 108/200 [00:43<00:36,  
2.52sim/s]
[SIMULATOR] Monte Carlo:  55%|[32m#####4    [0m| 109/200 [00:43<00:35,  
2.60sim/s]
[SIMULATOR] Monte Carlo:  55%|[32m#####5    [0m| 110/200 [00:44<00:34,  
2.62sim/s]
[SIMULATOR] Monte Carlo:  56%|[32m#####5    [0m| 111/200 [00:44<00:33,  
2.68sim/s]
[SIMULATOR] Monte Carlo:  56%|[32m#####6    [0m| 112/200 [00:45<00:32,  
2.72sim/s]
[SIMULATOR] Monte Carlo:  56%|[32m#####6    [0m| 113/200 [00:45<00:31,  
2.76sim/s]
[SIMULATOR] Monte Carlo:  57%|[32m#####6    [0m| 114/200 [00:45<00:31,  
2.75sim/s]
[SIMULATOR] Monte Carlo:  57%|[32m#####7    [0m| 115/200 [00:46<00:30,  
2.76sim/s]
[SIMULATOR] Monte Carlo:  58%|[32m#####8    [0m| 116/200 [00:46<00:30,  
2.76sim/s]
[SIMULATOR] Monte Carlo:  58%|[32m#####8    [0m| 117/200 [00:46<00:30,  
2.70sim/s]
[SIMULATOR] Monte Carlo:  59%|[32m#####8    [0m| 118/200 [00:47<00:30,  
2.67sim/s]
[SIMULATOR] Monte Carlo:  60%|[32m#####9    [0m| 119/200 [00:47<00:30,  
2.63sim/s]
[SIMULATOR] Monte Carlo:  60%|[32m######    [0m| 120/200 [00:48<00:31,  
2.58sim/s]
[SIMULATOR] Monte Carlo:  60%|[32m######    [0m| 121/200 [00:48<00:31,  
2.51sim/s]
[SIMULATOR] Monte Carlo:  61%|[32m######1   [0m| 122/200 [00:48<00:31,  
2.46sim/s]
[SIMULATOR] Monte Carlo:  62%|[32m######1   [0m| 123/200 [00:49<00:41,  
1.88sim/s]
[SIMULATOR] Monte Carlo:  62%|[32m######2   [0m| 124/200 [00:50<00:42,  
1.79sim/s]
[SIMULATOR] Monte Carlo:  62%|[32m######2   [0m| 125/200 [00:51<00:55,  
1.35sim/s]
[SIMULATOR] Monte Carlo:  63%|[32m######3   [0m| 126/200 [00:53<01:12,  
1.01sim/s]
[SIMULATOR] Monte Carlo:  64%|[32m######3   [0m| 127/200 [00:54<01:12,  
1.01sim/s]
[SIMULATOR] Monte Carlo:  64%|[32m######4   [0m| 128/200 [00:54<01:06,  
1.08sim/s]
[SIMULATOR] Monte Carlo:  64%|[32m######4   [0m| 129/200 [00:55<01:01,  
1.16sim/s]
[SIMULATOR] Monte Carlo:  65%|[32m######5   [0m| 130/200 [00:56<01:08,  
1.02sim/s]
[SIMULATOR] Monte Carlo:  66%|[32m######5   [0m| 131/200 [00:57<01:04,  
1.07sim/s]
[SIMULATOR] Monte Carlo:  66%|[32m######6   [0m| 132/200 [00:58<00:55,  
1.22sim/s]
[SIMULATOR] Monte Carlo:  66%|[32m######6   [0m| 133/200 [00:58<00:50,  
1.33sim/s]
[SIMULATOR] Monte Carlo:  67%|[32m######7   [0m| 134/200 [00:59<00:45,  
1.44sim/s]
[SIMULATOR] Monte Carlo:  68%|[32m######7   [0m| 135/200 [00:59<00:41,  
1.55sim/s]
[SIMULATOR] Monte Carlo:  68%|[32m######8   [0m| 136/200 [01:00<00:43,  
1.48sim/s]
[SIMULATOR] Monte Carlo:  68%|[32m######8   [0m| 137/200 [01:01<00:44,  
1.43sim/s]
[SIMULATOR] Monte Carlo:  69%|[32m######9   [0m| 138/200 [01:02<00:44,  
1.40sim/s]
[SIMULATOR] Monte Carlo:  70%|[32m######9   [0m| 139/200 [01:02<00:38,  
1.59sim/s]
[SIMULATOR] Monte Carlo:  70%|[32m#######   [0m| 140/200 [01:03<00:34,  
1.74sim/s]
[SIMULATOR] Monte Carlo:  70%|[32m#######   [0m| 141/200 [01:03<00:32,  
1.80sim/s]
[SIMULATOR] Monte Carlo:  71%|[32m#######1  [0m| 142/200 [01:03<00:30,  
1.91sim/s]
[SIMULATOR] Monte Carlo:  72%|[32m#######1  [0m| 143/200 [01:04<00:30,  
1.89sim/s]
[SIMULATOR] Monte Carlo:  72%|[32m#######2  [0m| 144/200 [01:04<00:28,  
1.98sim/s]
[SIMULATOR] Monte Carlo:  72%|[32m#######2  [0m| 145/200 [01:05<00:29,  
1.88sim/s]
[SIMULATOR] Monte Carlo:  73%|[32m#######3  [0m| 146/200 [01:06<00:27,  
1.95sim/s]
[SIMULATOR] Monte Carlo:  74%|[32m#######3  [0m| 147/200 [01:06<00:27,  
1.95sim/s]
[SIMULATOR] Monte Carlo:  74%|[32m#######4  [0m| 148/200 [01:07<00:26,  
1.96sim/s]
[SIMULATOR] Monte Carlo:  74%|[32m#######4  [0m| 149/200 [01:07<00:25,  
1.98sim/s]
[SIMULATOR] Monte Carlo:  75%|[32m#######5  [0m| 150/200 [01:07<00:24,  
2.04sim/s]
[SIMULATOR] Monte Carlo:  76%|[32m#######5  [0m| 151/200 [01:08<00:24,  
2.04sim/s]
[SIMULATOR] Monte Carlo:  76%|[32m#######6  [0m| 152/200 [01:08<00:21,  
2.18sim/s]
[SIMULATOR] Monte Carlo:  76%|[32m#######6  [0m| 153/200 [01:09<00:20,  
2.26sim/s]
[SIMULATOR] Monte Carlo:  77%|[32m#######7  [0m| 154/200 [01:09<00:20,  
2.25sim/s]
[SIMULATOR] Monte Carlo:  78%|[32m#######7  [0m| 155/200 [01:10<00:19,  
2.35sim/s]
[SIMULATOR] Monte Carlo:  78%|[32m#######8  [0m| 156/200 [01:10<00:19,  
2.24sim/s]
[SIMULATOR] Monte Carlo:  78%|[32m#######8  [0m| 157/200 [01:11<00:19,  
2.17sim/s]
[SIMULATOR] Monte Carlo:  79%|[32m#######9  [0m| 158/200 [01:11<00:19,  
2.12sim/s]
[SIMULATOR] Monte Carlo:  80%|[32m#######9  [0m| 159/200 [01:12<00:19,  
2.11sim/s]
[SIMULATOR] Monte Carlo:  80%|[32m########  [0m| 160/200 [01:12<00:17,  
2.25sim/s]
[SIMULATOR] Monte Carlo:  80%|[32m########  [0m| 161/200 [01:12<00:16,  
2.30sim/s]
[SIMULATOR] Monte Carlo:  81%|[32m########1 [0m| 162/200 [01:13<00:18,  
2.05sim/s]
[SIMULATOR] Monte Carlo:  82%|[32m########1 [0m| 163/200 [01:13<00:18,  
2.04sim/s]
[SIMULATOR] Monte Carlo:  82%|[32m########2 [0m| 164/200 [01:14<00:17,  
2.10sim/s]
[SIMULATOR] Monte Carlo:  82%|[32m########2 [0m| 165/200 [01:14<00:15,  
2.20sim/s]
[SIMULATOR] Monte Carlo:  83%|[32m########2 [0m| 166/200 [01:15<00:15,  
2.22sim/s]
[SIMULATOR] Monte Carlo:  84%|[32m########3 [0m| 167/200 [01:15<00:14,  
2.33sim/s]
[SIMULATOR] Monte Carlo:  84%|[32m########4 [0m| 168/200 [01:16<00:14,  
2.26sim/s]
[SIMULATOR] Monte Carlo:  84%|[32m########4 [0m| 169/200 [01:16<00:14,  
2.21sim/s]
[SIMULATOR] Monte Carlo:  85%|[32m########5 [0m| 170/200 [01:16<00:13,  
2.27sim/s]
[SIMULATOR] Monte Carlo:  86%|[32m########5 [0m| 171/200 [01:17<00:13,  
2.17sim/s]
[SIMULATOR] Monte Carlo:  86%|[32m########6 [0m| 172/200 [01:18<00:14,  
2.00sim/s]
[SIMULATOR] Monte Carlo:  86%|[32m########6 [0m| 173/200 [01:18<00:14,  
1.87sim/s]
[SIMULATOR] Monte Carlo:  87%|[32m########7 [0m| 174/200 [01:19<00:15,  
1.69sim/s]
[SIMULATOR] Monte Carlo:  88%|[32m########7 [0m| 175/200 [01:20<00:14,  
1.70sim/s]
[SIMULATOR] Monte Carlo:  88%|[32m########8 [0m| 176/200 [01:20<00:14,  
1.63sim/s]
[SIMULATOR] Monte Carlo:  88%|[32m########8 [0m| 177/200 [01:21<00:13,  
1.76sim/s]
[SIMULATOR] Monte Carlo:  89%|[32m########9 [0m| 178/200 [01:21<00:11,  
1.92sim/s]
[SIMULATOR] Monte Carlo:  90%|[32m########9 [0m| 179/200 [01:21<00:10,  
2.07sim/s]
[SIMULATOR] Monte Carlo:  90%|[32m######### [0m| 180/200 [01:22<00:09,  
2.20sim/s]
[SIMULATOR] Monte Carlo:  90%|[32m######### [0m| 181/200 [01:22<00:08,  
2.16sim/s]
[SIMULATOR] Monte Carlo:  91%|[32m#########1[0m| 182/200 [01:23<00:08,  
2.22sim/s]
[SIMULATOR] Monte Carlo:  92%|[32m#########1[0m| 183/200 [01:23<00:07,  
2.21sim/s]
[SIMULATOR] Monte Carlo:  92%|[32m#########2[0m| 184/200 [01:24<00:07,  
2.22sim/s]
[SIMULATOR] Monte Carlo:  92%|[32m#########2[0m| 185/200 [01:24<00:06,  
2.34sim/s]
[SIMULATOR] Monte Carlo:  93%|[32m#########3[0m| 186/200 [01:24<00:06,  
2.28sim/s]
[SIMULATOR] Monte Carlo:  94%|[32m#########3[0m| 187/200 [01:25<00:05,  
2.22sim/s]
[SIMULATOR] Monte Carlo:  94%|[32m#########3[0m| 188/200 [01:25<00:05,  
2.14sim/s]
[SIMULATOR] Monte Carlo:  94%|[32m#########4[0m| 189/200 [01:26<00:04,  
2.27sim/s]
[SIMULATOR] Monte Carlo:  95%|[32m#########5[0m| 190/200 [01:26<00:04,  
2.31sim/s]
[SIMULATOR] Monte Carlo:  96%|[32m#########5[0m| 191/200 [01:27<00:03,  
2.41sim/s]
[SIMULATOR] Monte Carlo:  96%|[32m#########6[0m| 192/200 [01:27<00:03,  
2.51sim/s]
[SIMULATOR] Monte Carlo:  96%|[32m#########6[0m| 193/200 [01:27<00:02,  
2.52sim/s]
[SIMULATOR] Monte Carlo:  97%|[32m#########7[0m| 194/200 [01:28<00:02,  
2.54sim/s]
[SIMULATOR] Monte Carlo:  98%|[32m#########7[0m| 195/200 [01:28<00:02,  
2.39sim/s]
[SIMULATOR] Monte Carlo:  98%|[32m#########8[0m| 196/200 [01:29<00:01,  
2.49sim/s]
[SIMULATOR] Monte Carlo:  98%|[32m#########8[0m| 197/200 [01:29<00:01,  
2.56sim/s]
[SIMULATOR] Monte Carlo:  99%|[32m#########9[0m| 198/200 [01:29<00:00,  
2.51sim/s]
[SIMULATOR] Monte Carlo: 100%|[32m#########9[0m| 199/200 [01:30<00:00,  
2.47sim/s]
[SIMULATOR] Monte Carlo: 100%|[32m##########[0m| 200/200 [01:30<00:00,  
2.33sim/s]
[SIMULATOR] Monte Carlo: 100%|[32m##########[0m| 200/200 [01:30<00:00,  
2.20sim/s]
[SIMULATOR] Simulations complete!

[OPTIMIZER] Starting Bayesian optimization (gp_minimize)...
  n_calls: 40
  EPT constraint: max increase = 10 min

[OPTIMIZER] Bayesian Search:   0%|          | 0/40 [00:00<?, ?iter/s]
[OPTIMIZER] Bayesian Search:   2%|2         | 1/40 [00:00<00:18,  2.06iter/s]
[OPTIMIZER] Bayesian Search:   5%|5         | 2/40 [00:00<00:17,  2.11iter/s]
[OPTIMIZER] Bayesian Search:   8%|7         | 3/40 [00:01<00:16,  2.19iter/s]
[OPTIMIZER] Bayesian Search:  10%|#         | 4/40 [00:01<00:16,  2.22iter/s]
[OPTIMIZER] Bayesian Search:  12%|#2        | 5/40 [00:02<00:16,  2.16iter/s]
[OPTIMIZER] Bayesian Search:  15%|#5        | 6/40 [00:02<00:17,  1.89iter/s]
[OPTIMIZER] Bayesian Search:  18%|#7        | 7/40 [00:03<00:17,  1.87iter/s]
[OPTIMIZER] Bayesian Search:  20%|##        | 8/40 [00:04<00:17,  1.79iter/s]
[OPTIMIZER] Bayesian Search:  22%|##2       | 9/40 [00:04<00:17,  1.73iter/s]
[OPTIMIZER] Bayesian Search:  25%|##5       | 10/40 [00:05<00:17,  1.67iter/s]
[OPTIMIZER] Bayesian Search:  28%|##7       | 11/40 [00:05<00:16,  1.74iter/s]
[OPTIMIZER] Bayesian Search:  30%|###       | 12/40 [00:06<00:16,  1.74iter/s]
[OPTIMIZER] Bayesian Search:  32%|###2      | 13/40 [00:07<00:16,  1.63iter/s]
[OPTIMIZER] Bayesian Search:  35%|###5      | 14/40 [00:07<00:16,  1.58iter/s]
[OPTIMIZER] Bayesian Search:  38%|###7      | 15/40 [00:08<00:15,  1.61iter/s]
[OPTIMIZER] Bayesian Search:  40%|####      | 16/40 [00:09<00:14,  1.61iter/s]
[OPTIMIZER] Bayesian Search:  42%|####2     | 17/40 [00:09<00:16,  1.42iter/s]
[OPTIMIZER] Bayesian Search:  45%|####5     | 18/40 [00:10<00:15,  1.42iter/s]
[OPTIMIZER] Bayesian Search:  48%|####7     | 19/40 [00:11<00:14,  1.48iter/s]
[OPTIMIZER] Bayesian Search:  50%|#####     | 20/40 [00:11<00:13,  1.47iter/s]
[OPTIMIZER] Bayesian Search:  52%|#####2    | 21/40 [00:12<00:13,  1.42iter/s]
[OPTIMIZER] Bayesian Search:  55%|#####5    | 22/40 [00:13<00:12,  1.47iter/s]
[OPTIMIZER] Bayesian Search:  57%|#####7    | 23/40 [00:14<00:11,  1.46iter/s]
[OPTIMIZER] Bayesian Search:  60%|######    | 24/40 [00:14<00:10,  1.53iter/s]
[OPTIMIZER] Bayesian Search:  62%|######2   | 25/40 [00:15<00:09,  1.56iter/s]
[OPTIMIZER] Bayesian Search:  65%|######5   | 26/40 [00:15<00:08,  1.57iter/s]
[OPTIMIZER] Bayesian Search:  68%|######7   | 27/40 [00:16<00:08,  1.53iter/s]
[OPTIMIZER] Bayesian Search:  70%|#######   | 28/40 [00:17<00:07,  1.57iter/s]
[OPTIMIZER] Bayesian Search:  72%|#######2  | 29/40 [00:17<00:07,  1.54iter/s]
[OPTIMIZER] Bayesian Search:  75%|#######5  | 30/40 [00:18<00:06,  1.54iter/s]
[OPTIMIZER] Bayesian Search:  78%|#######7  | 31/40 [00:19<00:05,  1.62iter/s]
[OPTIMIZER] Bayesian Search:  80%|########  | 32/40 [00:19<00:05,  1.58iter/s]
[OPTIMIZER] Bayesian Search:  82%|########2 | 33/40 [00:20<00:04,  1.48iter/s]
[OPTIMIZER] Bayesian Search:  85%|########5 | 34/40 [00:21<00:04,  1.48iter/s]
[OPTIMIZER] Bayesian Search:  88%|########7 | 35/40 [00:21<00:03,  1.52iter/s]
[OPTIMIZER] Bayesian Search:  90%|######### | 36/40 [00:22<00:02,  1.52iter/s]
[OPTIMIZER] Bayesian Search:  92%|#########2| 37/40 [00:23<00:01,  1.57iter/s]
[OPTIMIZER] Bayesian Search:  95%|#########5| 38/40 [00:23<00:01,  1.54iter/s]
[OPTIMIZER] Bayesian Search:  98%|#########7| 39/40 [00:24<00:00,  1.52iter/s]
[OPTIMIZER] Bayesian Search: 100%|##########| 40/40 [00:25<00:00,  1.46iter/s]
[OPTIMIZER] Bayesian Search: 100%|##########| 40/40 [00:25<00:00,  1.59iter/s]
  Iteration 5: loss=0.351, awt_imp=0.00, ept_inc=0.10, weighted_gain=-0.037
  Iteration 10: loss=0.067, awt_imp=0.00, ept_inc=0.04, weighted_gain=-0.013
  Iteration 15: loss=0.006, awt_imp=0.00, ept_inc=0.01, weighted_gain=-0.001
  Iteration 20: loss=0.044, awt_imp=0.00, ept_inc=0.04, weighted_gain=-0.013
  Iteration 25: loss=0.141, awt_imp=0.00, ept_inc=0.07, weighted_gain=-0.025
  Iteration 30: loss=0.040, awt_imp=0.00, ept_inc=0.03, weighted_gain=-0.009
  Iteration 35: loss=0.137, awt_imp=0.00, ept_inc=0.06, weighted_gain=-0.021
  Iteration 40: loss=0.006, awt_imp=0.00, ept_inc=0.01, weighted_gain=-0.001
[OPTIMIZER] Optimization complete!
  Best loss: 0.001
  Best params: u1=12, u2=3, u3=12, delta_ept=2.00, duracion_hdm=10

======================================================================
OPTIMIZATION RESULTS
======================================================================

Optimal HDM Configuration:
  u1 (ordenes threshold):    12
  u2 (riders threshold):     3
  u3 (AWT threshold):        12 minutes
  delta_ept (EPT increase):  2.00 minutes
  duracion_hdm (duration):   10 minutes

Objective value (loss):  0.001
======================================================================


[OPTIMIZER] Extracted 2 strategic profiles
  Agresiva: AWT improvement 0.00 min, EPT increase 0.18 min, Activation rate 3.0%
  Equilibrada: AWT improvement 0.00 min, EPT increase 0.01 min, Activation rate 0.0%

  [9/9] Processing partner 592065...

  [PARTNER 592065] Kfc Valdivia Picarte | 2026-02-23 to 2026-03-01 | 10080 rows

[ANALYTICS] Starting exploratory analysis...

============================================================
BASELINE METRICS
============================================================

Ordenes Pendientes:
  Promedio: 1.72
  Std Dev: 3.19
  P50: 0.0
  P95: 8.0

Riders Cerca:
  Promedio: 0.28
  Std Dev: 0.62
  P50: 0.0
  P95: 2.0

AWT (Avoidable Wait Time):
  Promedio: 1.01 min
  Std Dev: 2.82
  P50: 0.0 min
  P95: 6.6 min

HDM Activation:
  Total activations: 757
  Activation rate: 7.51%

EPT WIP (Suavizado):
  Promedio: 7.43 min
  P95: 25.27 min

EPT WIP (Original):
  Promedio: 6.80 min
  P95: 23.07 min

EPT (Estimated Prep Time):
  Promedio: 7.43 min
  P95: 25.27 min
============================================================


============================================================
CORRELATION MATRIX
============================================================
                           ordenes_pendientes  ...  ept_promedio_min_smoothed
ordenes_pendientes                      1.000  ...                      0.728
riders_cerca                            0.692  ...                      0.545
max_awt_espera_min                      0.614  ...                      0.433
hdm_activo                              0.637  ...                      0.433
ept_promedio                            0.728  ...                      1.000
ept_promedio_min                        0.836  ...                      0.933
ept_promedio_min_smoothed               0.728  ...                      1.000

[7 rows x 7 columns]
============================================================


============================================================
TRAINING PREDICTIVE MODELS
============================================================

[MODEL] AWT Predictor (linear_regression) trained:
  Train RMSE: 1.721
  Test RMSE: 1.870
  Test MAE: 0.645
  Test R▓: 0.617

[MODEL] EPT Predictor (linear_regression) trained:
  Test RMSE: 6.672
  Test MAE: 5.191
  Test R▓: 0.547

[SIMULATOR] Running 200 Monte Carlo simulations...

[SIMULATOR] Monte Carlo:   0%|[32m          [0m| 0/200 [00:00<?, ?sim/s]
[SIMULATOR] Monte Carlo:   0%|[32m          [0m| 1/200 [00:00<01:16,  
2.61sim/s]
[SIMULATOR] Monte Carlo:   1%|[32m1         [0m| 2/200 [00:00<01:18,  
2.53sim/s]
[SIMULATOR] Monte Carlo:   2%|[32m1         [0m| 3/200 [00:01<01:21,  
2.42sim/s]
[SIMULATOR] Monte Carlo:   2%|[32m2         [0m| 4/200 [00:01<01:26,  
2.27sim/s]
[SIMULATOR] Monte Carlo:   2%|[32m2         [0m| 5/200 [00:02<01:23,  
2.33sim/s]
[SIMULATOR] Monte Carlo:   3%|[32m3         [0m| 6/200 [00:02<01:27,  
2.22sim/s]
[SIMULATOR] Monte Carlo:   4%|[32m3         [0m| 7/200 [00:03<01:31,  
2.10sim/s]
[SIMULATOR] Monte Carlo:   4%|[32m4         [0m| 8/200 [00:03<01:28,  
2.16sim/s]
[SIMULATOR] Monte Carlo:   4%|[32m4         [0m| 9/200 [00:04<01:26,  
2.20sim/s]
[SIMULATOR] Monte Carlo:   5%|[32m5         [0m| 10/200 [00:04<01:29,  
2.13sim/s]
[SIMULATOR] Monte Carlo:   6%|[32m5         [0m| 11/200 [00:05<01:31,  
2.06sim/s]
[SIMULATOR] Monte Carlo:   6%|[32m6         [0m| 12/200 [00:05<01:28,  
2.13sim/s]
[SIMULATOR] Monte Carlo:   6%|[32m6         [0m| 13/200 [00:06<01:33,  
2.00sim/s]
[SIMULATOR] Monte Carlo:   7%|[32m7         [0m| 14/200 [00:06<01:28,  
2.10sim/s]
[SIMULATOR] Monte Carlo:   8%|[32m7         [0m| 15/200 [00:06<01:26,  
2.15sim/s]
[SIMULATOR] Monte Carlo:   8%|[32m8         [0m| 16/200 [00:07<01:21,  
2.26sim/s]
[SIMULATOR] Monte Carlo:   8%|[32m8         [0m| 17/200 [00:07<01:17,  
2.37sim/s]
[SIMULATOR] Monte Carlo:   9%|[32m9         [0m| 18/200 [00:08<01:13,  
2.49sim/s]
[SIMULATOR] Monte Carlo:  10%|[32m9         [0m| 19/200 [00:08<01:11,  
2.55sim/s]
[SIMULATOR] Monte Carlo:  10%|[32m#         [0m| 20/200 [00:08<01:10,  
2.57sim/s]
[SIMULATOR] Monte Carlo:  10%|[32m#         [0m| 21/200 [00:09<01:10,  
2.54sim/s]
[SIMULATOR] Monte Carlo:  11%|[32m#1        [0m| 22/200 [00:09<01:08,  
2.60sim/s]
[SIMULATOR] Monte Carlo:  12%|[32m#1        [0m| 23/200 [00:09<01:05,  
2.69sim/s]
[SIMULATOR] Monte Carlo:  12%|[32m#2        [0m| 24/200 [00:10<01:05,  
2.69sim/s]
[SIMULATOR] Monte Carlo:  12%|[32m#2        [0m| 25/200 [00:10<01:05,  
2.69sim/s]
[SIMULATOR] Monte Carlo:  13%|[32m#3        [0m| 26/200 [00:11<01:11,  
2.43sim/s]
[SIMULATOR] Monte Carlo:  14%|[32m#3        [0m| 27/200 [00:11<01:11,  
2.42sim/s]
[SIMULATOR] Monte Carlo:  14%|[32m#4        [0m| 28/200 [00:11<01:07,  
2.56sim/s]
[SIMULATOR] Monte Carlo:  14%|[32m#4        [0m| 29/200 [00:12<01:05,  
2.59sim/s]
[SIMULATOR] Monte Carlo:  15%|[32m#5        [0m| 30/200 [00:12<01:06,  
2.56sim/s]
[SIMULATOR] Monte Carlo:  16%|[32m#5        [0m| 31/200 [00:13<01:07,  
2.49sim/s]
[SIMULATOR] Monte Carlo:  16%|[32m#6        [0m| 32/200 [00:13<01:09,  
2.40sim/s]
[SIMULATOR] Monte Carlo:  16%|[32m#6        [0m| 33/200 [00:13<01:10,  
2.39sim/s]
[SIMULATOR] Monte Carlo:  17%|[32m#7        [0m| 34/200 [00:14<01:11,  
2.34sim/s]
[SIMULATOR] Monte Carlo:  18%|[32m#7        [0m| 35/200 [00:14<01:09,  
2.37sim/s]
[SIMULATOR] Monte Carlo:  18%|[32m#8        [0m| 36/200 [00:15<01:11,  
2.29sim/s]
[SIMULATOR] Monte Carlo:  18%|[32m#8        [0m| 37/200 [00:15<01:10,  
2.32sim/s]
[SIMULATOR] Monte Carlo:  19%|[32m#9        [0m| 38/200 [00:16<01:10,  
2.31sim/s]
[SIMULATOR] Monte Carlo:  20%|[32m#9        [0m| 39/200 [00:16<01:07,  
2.37sim/s]
[SIMULATOR] Monte Carlo:  20%|[32m##        [0m| 40/200 [00:16<01:07,  
2.37sim/s]
[SIMULATOR] Monte Carlo:  20%|[32m##        [0m| 41/200 [00:17<01:04,  
2.45sim/s]
[SIMULATOR] Monte Carlo:  21%|[32m##1       [0m| 42/200 [00:17<01:03,  
2.50sim/s]
[SIMULATOR] Monte Carlo:  22%|[32m##1       [0m| 43/200 [00:18<01:02,  
2.49sim/s]
[SIMULATOR] Monte Carlo:  22%|[32m##2       [0m| 44/200 [00:18<01:00,  
2.56sim/s]
[SIMULATOR] Monte Carlo:  22%|[32m##2       [0m| 45/200 [00:18<01:00,  
2.55sim/s]
[SIMULATOR] Monte Carlo:  23%|[32m##3       [0m| 46/200 [00:19<01:01,  
2.49sim/s]
[SIMULATOR] Monte Carlo:  24%|[32m##3       [0m| 47/200 [00:19<01:02,  
2.44sim/s]
[SIMULATOR] Monte Carlo:  24%|[32m##4       [0m| 48/200 [00:20<01:01,  
2.47sim/s]
[SIMULATOR] Monte Carlo:  24%|[32m##4       [0m| 49/200 [00:20<01:02,  
2.41sim/s]
[SIMULATOR] Monte Carlo:  25%|[32m##5       [0m| 50/200 [00:20<01:01,  
2.43sim/s]
[SIMULATOR] Monte Carlo:  26%|[32m##5       [0m| 51/200 [00:21<01:04,  
2.29sim/s]
[SIMULATOR] Monte Carlo:  26%|[32m##6       [0m| 52/200 [00:21<01:07,  
2.20sim/s]
[SIMULATOR] Monte Carlo:  26%|[32m##6       [0m| 53/200 [00:22<01:06,  
2.23sim/s]
[SIMULATOR] Monte Carlo:  27%|[32m##7       [0m| 54/200 [00:22<01:08,  
2.13sim/s]
[SIMULATOR] Monte Carlo:  28%|[32m##7       [0m| 55/200 [00:23<01:05,  
2.20sim/s]
[SIMULATOR] Monte Carlo:  28%|[32m##8       [0m| 56/200 [00:23<01:02,  
2.30sim/s]
[SIMULATOR] Monte Carlo:  28%|[32m##8       [0m| 57/200 [00:24<01:02,  
2.28sim/s]
[SIMULATOR] Monte Carlo:  29%|[32m##9       [0m| 58/200 [00:24<01:07,  
2.10sim/s]
[SIMULATOR] Monte Carlo:  30%|[32m##9       [0m| 59/200 [00:25<01:08,  
2.07sim/s]
[SIMULATOR] Monte Carlo:  30%|[32m###       [0m| 60/200 [00:25<01:08,  
2.04sim/s]
[SIMULATOR] Monte Carlo:  30%|[32m###       [0m| 61/200 [00:26<01:04,  
2.16sim/s]
[SIMULATOR] Monte Carlo:  31%|[32m###1      [0m| 62/200 [00:26<01:01,  
2.24sim/s]
[SIMULATOR] Monte Carlo:  32%|[32m###1      [0m| 63/200 [00:26<01:00,  
2.27sim/s]
[SIMULATOR] Monte Carlo:  32%|[32m###2      [0m| 64/200 [00:27<00:59,  
2.27sim/s]
[SIMULATOR] Monte Carlo:  32%|[32m###2      [0m| 65/200 [00:27<00:58,  
2.30sim/s]
[SIMULATOR] Monte Carlo:  33%|[32m###3      [0m| 66/200 [00:28<00:57,  
2.34sim/s]
[SIMULATOR] Monte Carlo:  34%|[32m###3      [0m| 67/200 [00:28<00:55,  
2.41sim/s]
[SIMULATOR] Monte Carlo:  34%|[32m###4      [0m| 68/200 [00:29<00:53,  
2.45sim/s]
[SIMULATOR] Monte Carlo:  34%|[32m###4      [0m| 69/200 [00:29<00:54,  
2.38sim/s]
[SIMULATOR] Monte Carlo:  35%|[32m###5      [0m| 70/200 [00:29<00:53,  
2.45sim/s]
[SIMULATOR] Monte Carlo:  36%|[32m###5      [0m| 71/200 [00:30<00:55,  
2.33sim/s]
[SIMULATOR] Monte Carlo:  36%|[32m###6      [0m| 72/200 [00:30<00:55,  
2.29sim/s]
[SIMULATOR] Monte Carlo:  36%|[32m###6      [0m| 73/200 [00:31<00:55,  
2.29sim/s]
[SIMULATOR] Monte Carlo:  37%|[32m###7      [0m| 74/200 [00:31<00:55,  
2.29sim/s]
[SIMULATOR] Monte Carlo:  38%|[32m###7      [0m| 75/200 [00:32<01:00,  
2.06sim/s]
[SIMULATOR] Monte Carlo:  38%|[32m###8      [0m| 76/200 [00:32<01:00,  
2.06sim/s]
[SIMULATOR] Monte Carlo:  38%|[32m###8      [0m| 77/200 [00:33<01:01,  
1.99sim/s]
[SIMULATOR] Monte Carlo:  39%|[32m###9      [0m| 78/200 [00:33<00:58,  
2.10sim/s]
[SIMULATOR] Monte Carlo:  40%|[32m###9      [0m| 79/200 [00:34<00:54,  
2.20sim/s]
[SIMULATOR] Monte Carlo:  40%|[32m####      [0m| 80/200 [00:34<00:58,  
2.06sim/s]
[SIMULATOR] Monte Carlo:  40%|[32m####      [0m| 81/200 [00:35<00:59,  
2.02sim/s]
[SIMULATOR] Monte Carlo:  41%|[32m####1     [0m| 82/200 [00:35<01:00,  
1.94sim/s]
[SIMULATOR] Monte Carlo:  42%|[32m####1     [0m| 83/200 [00:36<00:59,  
1.96sim/s]
[SIMULATOR] Monte Carlo:  42%|[32m####2     [0m| 84/200 [00:36<00:59,  
1.95sim/s]
[SIMULATOR] Monte Carlo:  42%|[32m####2     [0m| 85/200 [00:37<00:56,  
2.03sim/s]
[SIMULATOR] Monte Carlo:  43%|[32m####3     [0m| 86/200 [00:37<00:58,  
1.94sim/s]
[SIMULATOR] Monte Carlo:  44%|[32m####3     [0m| 87/200 [00:38<00:55,  
2.03sim/s]
[SIMULATOR] Monte Carlo:  44%|[32m####4     [0m| 88/200 [00:38<00:54,  
2.06sim/s]
[SIMULATOR] Monte Carlo:  44%|[32m####4     [0m| 89/200 [00:39<00:52,  
2.11sim/s]
[SIMULATOR] Monte Carlo:  45%|[32m####5     [0m| 90/200 [00:39<00:51,  
2.15sim/s]
[SIMULATOR] Monte Carlo:  46%|[32m####5     [0m| 91/200 [00:40<00:52,  
2.09sim/s]
[SIMULATOR] Monte Carlo:  46%|[32m####6     [0m| 92/200 [00:40<00:51,  
2.10sim/s]
[SIMULATOR] Monte Carlo:  46%|[32m####6     [0m| 93/200 [00:41<00:51,  
2.09sim/s]
[SIMULATOR] Monte Carlo:  47%|[32m####6     [0m| 94/200 [00:41<00:50,  
2.11sim/s]
[SIMULATOR] Monte Carlo:  48%|[32m####7     [0m| 95/200 [00:42<00:53,  
1.98sim/s]
[SIMULATOR] Monte Carlo:  48%|[32m####8     [0m| 96/200 [00:42<00:51,  
2.01sim/s]
[SIMULATOR] Monte Carlo:  48%|[32m####8     [0m| 97/200 [00:43<00:51,  
1.99sim/s]
[SIMULATOR] Monte Carlo:  49%|[32m####9     [0m| 98/200 [00:43<00:52,  
1.95sim/s]
[SIMULATOR] Monte Carlo:  50%|[32m####9     [0m| 99/200 [00:44<00:52,  
1.93sim/s]
[SIMULATOR] Monte Carlo:  50%|[32m#####     [0m| 100/200 [00:44<00:56,  
1.76sim/s]
[SIMULATOR] Monte Carlo:  50%|[32m#####     [0m| 101/200 [00:45<00:58,  
1.70sim/s]
[SIMULATOR] Monte Carlo:  51%|[32m#####1    [0m| 102/200 [00:46<00:56,  
1.72sim/s]
[SIMULATOR] Monte Carlo:  52%|[32m#####1    [0m| 103/200 [00:46<00:51,  
1.88sim/s]
[SIMULATOR] Monte Carlo:  52%|[32m#####2    [0m| 104/200 [00:46<00:47,  
2.03sim/s]
[SIMULATOR] Monte Carlo:  52%|[32m#####2    [0m| 105/200 [00:47<00:44,  
2.15sim/s]
[SIMULATOR] Monte Carlo:  53%|[32m#####3    [0m| 106/200 [00:47<00:41,  
2.26sim/s]
[SIMULATOR] Monte Carlo:  54%|[32m#####3    [0m| 107/200 [00:48<00:39,  
2.34sim/s]
[SIMULATOR] Monte Carlo:  54%|[32m#####4    [0m| 108/200 [00:48<00:37,  
2.48sim/s]
[SIMULATOR] Monte Carlo:  55%|[32m#####4    [0m| 109/200 [00:48<00:35,  
2.59sim/s]
[SIMULATOR] Monte Carlo:  55%|[32m#####5    [0m| 110/200 [00:49<00:35,  
2.54sim/s]
[SIMULATOR] Monte Carlo:  56%|[32m#####5    [0m| 111/200 [00:49<00:33,  
2.63sim/s]
[SIMULATOR] Monte Carlo:  56%|[32m#####6    [0m| 112/200 [00:49<00:32,  
2.67sim/s]
[SIMULATOR] Monte Carlo:  56%|[32m#####6    [0m| 113/200 [00:50<00:33,  
2.62sim/s]
[SIMULATOR] Monte Carlo:  57%|[32m#####6    [0m| 114/200 [00:50<00:33,  
2.57sim/s]
[SIMULATOR] Monte Carlo:  57%|[32m#####7    [0m| 115/200 [00:51<00:35,  
2.41sim/s]
[SIMULATOR] Monte Carlo:  58%|[32m#####8    [0m| 116/200 [00:51<00:35,  
2.40sim/s]
[SIMULATOR] Monte Carlo:  58%|[32m#####8    [0m| 117/200 [00:52<00:37,  
2.24sim/s]
[SIMULATOR] Monte Carlo:  59%|[32m#####8    [0m| 118/200 [00:52<00:39,  
2.05sim/s]
[SIMULATOR] Monte Carlo:  60%|[32m#####9    [0m| 119/200 [00:53<00:41,  
1.95sim/s]
[SIMULATOR] Monte Carlo:  60%|[32m######    [0m| 120/200 [00:53<00:40,  
1.97sim/s]
[SIMULATOR] Monte Carlo:  60%|[32m######    [0m| 121/200 [00:54<00:40,  
1.96sim/s]
[SIMULATOR] Monte Carlo:  61%|[32m######1   [0m| 122/200 [00:54<00:40,  
1.94sim/s]
[SIMULATOR] Monte Carlo:  62%|[32m######1   [0m| 123/200 [00:55<00:39,  
1.95sim/s]
[SIMULATOR] Monte Carlo:  62%|[32m######2   [0m| 124/200 [00:55<00:38,  
1.98sim/s]
[SIMULATOR] Monte Carlo:  62%|[32m######2   [0m| 125/200 [00:56<00:36,  
2.05sim/s]
[SIMULATOR] Monte Carlo:  63%|[32m######3   [0m| 126/200 [00:56<00:34,  
2.17sim/s]
[SIMULATOR] Monte Carlo:  64%|[32m######3   [0m| 127/200 [00:56<00:31,  
2.31sim/s]
[SIMULATOR] Monte Carlo:  64%|[32m######4   [0m| 128/200 [00:57<00:30,  
2.33sim/s]
[SIMULATOR] Monte Carlo:  64%|[32m######4   [0m| 129/200 [00:57<00:29,  
2.41sim/s]
[SIMULATOR] Monte Carlo:  65%|[32m######5   [0m| 130/200 [00:58<00:29,  
2.36sim/s]
[SIMULATOR] Monte Carlo:  66%|[32m######5   [0m| 131/200 [00:58<00:30,  
2.29sim/s]
[SIMULATOR] Monte Carlo:  66%|[32m######6   [0m| 132/200 [00:59<00:30,  
2.26sim/s]
[SIMULATOR] Monte Carlo:  66%|[32m######6   [0m| 133/200 [00:59<00:29,  
2.29sim/s]
[SIMULATOR] Monte Carlo:  67%|[32m######7   [0m| 134/200 [00:59<00:28,  
2.29sim/s]
[SIMULATOR] Monte Carlo:  68%|[32m######7   [0m| 135/200 [01:00<00:28,  
2.31sim/s]
[SIMULATOR] Monte Carlo:  68%|[32m######8   [0m| 136/200 [01:00<00:28,  
2.23sim/s]
[SIMULATOR] Monte Carlo:  68%|[32m######8   [0m| 137/200 [01:01<00:28,  
2.19sim/s]
[SIMULATOR] Monte Carlo:  69%|[32m######9   [0m| 138/200 [01:01<00:29,  
2.13sim/s]
[SIMULATOR] Monte Carlo:  70%|[32m######9   [0m| 139/200 [01:02<00:27,  
2.25sim/s]
[SIMULATOR] Monte Carlo:  70%|[32m#######   [0m| 140/200 [01:02<00:27,  
2.15sim/s]
[SIMULATOR] Monte Carlo:  70%|[32m#######   [0m| 141/200 [01:03<00:26,  
2.24sim/s]
[SIMULATOR] Monte Carlo:  71%|[32m#######1  [0m| 142/200 [01:03<00:25,  
2.31sim/s]
[SIMULATOR] Monte Carlo:  72%|[32m#######1  [0m| 143/200 [01:03<00:24,  
2.33sim/s]
[SIMULATOR] Monte Carlo:  72%|[32m#######2  [0m| 144/200 [01:04<00:24,  
2.27sim/s]
[SIMULATOR] Monte Carlo:  72%|[32m#######2  [0m| 145/200 [01:04<00:25,  
2.17sim/s]
[SIMULATOR] Monte Carlo:  73%|[32m#######3  [0m| 146/200 [01:05<00:24,  
2.24sim/s]
[SIMULATOR] Monte Carlo:  74%|[32m#######3  [0m| 147/200 [01:05<00:24,  
2.18sim/s]
[SIMULATOR] Monte Carlo:  74%|[32m#######4  [0m| 148/200 [01:06<00:25,  
2.08sim/s]
[SIMULATOR] Monte Carlo:  74%|[32m#######4  [0m| 149/200 [01:06<00:25,  
2.03sim/s]
[SIMULATOR] Monte Carlo:  75%|[32m#######5  [0m| 150/200 [01:07<00:24,  
2.00sim/s]
[SIMULATOR] Monte Carlo:  76%|[32m#######5  [0m| 151/200 [01:07<00:23,  
2.08sim/s]
[SIMULATOR] Monte Carlo:  76%|[32m#######6  [0m| 152/200 [01:08<00:21,  
2.20sim/s]
[SIMULATOR] Monte Carlo:  76%|[32m#######6  [0m| 153/200 [01:08<00:20,  
2.32sim/s]
[SIMULATOR] Monte Carlo:  77%|[32m#######7  [0m| 154/200 [01:09<00:19,  
2.38sim/s]
[SIMULATOR] Monte Carlo:  78%|[32m#######7  [0m| 155/200 [01:09<00:18,  
2.37sim/s]
[SIMULATOR] Monte Carlo:  78%|[32m#######8  [0m| 156/200 [01:09<00:19,  
2.30sim/s]
[SIMULATOR] Monte Carlo:  78%|[32m#######8  [0m| 157/200 [01:10<00:18,  
2.36sim/s]
[SIMULATOR] Monte Carlo:  79%|[32m#######9  [0m| 158/200 [01:10<00:17,  
2.43sim/s]
[SIMULATOR] Monte Carlo:  80%|[32m#######9  [0m| 159/200 [01:11<00:18,  
2.27sim/s]
[SIMULATOR] Monte Carlo:  80%|[32m########  [0m| 160/200 [01:11<00:16,  
2.43sim/s]
[SIMULATOR] Monte Carlo:  80%|[32m########  [0m| 161/200 [01:11<00:15,  
2.47sim/s]
[SIMULATOR] Monte Carlo:  81%|[32m########1 [0m| 162/200 [01:12<00:14,  
2.59sim/s]
[SIMULATOR] Monte Carlo:  82%|[32m########1 [0m| 163/200 [01:12<00:13,  
2.72sim/s]
[SIMULATOR] Monte Carlo:  82%|[32m########2 [0m| 164/200 [01:13<00:13,  
2.70sim/s]
[SIMULATOR] Monte Carlo:  82%|[32m########2 [0m| 165/200 [01:13<00:13,  
2.51sim/s]
[SIMULATOR] Monte Carlo:  83%|[32m########2 [0m| 166/200 [01:13<00:13,  
2.53sim/s]
[SIMULATOR] Monte Carlo:  84%|[32m########3 [0m| 167/200 [01:14<00:13,  
2.37sim/s]
[SIMULATOR] Monte Carlo:  84%|[32m########4 [0m| 168/200 [01:14<00:14,  
2.23sim/s]
[SIMULATOR] Monte Carlo:  84%|[32m########4 [0m| 169/200 [01:15<00:13,  
2.22sim/s]
[SIMULATOR] Monte Carlo:  85%|[32m########5 [0m| 170/200 [01:15<00:13,  
2.18sim/s]
[SIMULATOR] Monte Carlo:  86%|[32m########5 [0m| 171/200 [01:16<00:12,  
2.30sim/s]
[SIMULATOR] Monte Carlo:  86%|[32m########6 [0m| 172/200 [01:16<00:11,  
2.44sim/s]
[SIMULATOR] Monte Carlo:  86%|[32m########6 [0m| 173/200 [01:16<00:10,  
2.53sim/s]
[SIMULATOR] Monte Carlo:  87%|[32m########7 [0m| 174/200 [01:17<00:09,  
2.61sim/s]
[SIMULATOR] Monte Carlo:  88%|[32m########7 [0m| 175/200 [01:17<00:10,  
2.50sim/s]
[SIMULATOR] Monte Carlo:  88%|[32m########8 [0m| 176/200 [01:18<00:09,  
2.43sim/s]
[SIMULATOR] Monte Carlo:  88%|[32m########8 [0m| 177/200 [01:18<00:09,  
2.46sim/s]
[SIMULATOR] Monte Carlo:  89%|[32m########9 [0m| 178/200 [01:18<00:08,  
2.48sim/s]
[SIMULATOR] Monte Carlo:  90%|[32m########9 [0m| 179/200 [01:19<00:08,  
2.47sim/s]
[SIMULATOR] Monte Carlo:  90%|[32m######### [0m| 180/200 [01:19<00:07,  
2.61sim/s]
[SIMULATOR] Monte Carlo:  90%|[32m######### [0m| 181/200 [01:20<00:07,  
2.48sim/s]
[SIMULATOR] Monte Carlo:  91%|[32m#########1[0m| 182/200 [01:20<00:07,  
2.56sim/s]
[SIMULATOR] Monte Carlo:  92%|[32m#########1[0m| 183/200 [01:20<00:06,  
2.52sim/s]
[SIMULATOR] Monte Carlo:  92%|[32m#########2[0m| 184/200 [01:21<00:06,  
2.57sim/s]
[SIMULATOR] Monte Carlo:  92%|[32m#########2[0m| 185/200 [01:21<00:05,  
2.50sim/s]
[SIMULATOR] Monte Carlo:  93%|[32m#########3[0m| 186/200 [01:22<00:05,  
2.36sim/s]
[SIMULATOR] Monte Carlo:  94%|[32m#########3[0m| 187/200 [01:22<00:05,  
2.43sim/s]
[SIMULATOR] Monte Carlo:  94%|[32m#########3[0m| 188/200 [01:22<00:05,  
2.37sim/s]
[SIMULATOR] Monte Carlo:  94%|[32m#########4[0m| 189/200 [01:23<00:04,  
2.25sim/s]
[SIMULATOR] Monte Carlo:  95%|[32m#########5[0m| 190/200 [01:23<00:04,  
2.24sim/s]
[SIMULATOR] Monte Carlo:  96%|[32m#########5[0m| 191/200 [01:24<00:04,  
2.12sim/s]
[SIMULATOR] Monte Carlo:  96%|[32m#########6[0m| 192/200 [01:24<00:03,  
2.07sim/s]
[SIMULATOR] Monte Carlo:  96%|[32m#########6[0m| 193/200 [01:25<00:03,  
2.16sim/s]
[SIMULATOR] Monte Carlo:  97%|[32m#########7[0m| 194/200 [01:25<00:02,  
2.18sim/s]
[SIMULATOR] Monte Carlo:  98%|[32m#########7[0m| 195/200 [01:26<00:02,  
2.15sim/s]
[SIMULATOR] Monte Carlo:  98%|[32m#########8[0m| 196/200 [01:26<00:01,  
2.21sim/s]
[SIMULATOR] Monte Carlo:  98%|[32m#########8[0m| 197/200 [01:27<00:01,  
2.29sim/s]
[SIMULATOR] Monte Carlo:  99%|[32m#########9[0m| 198/200 [01:27<00:00,  
2.27sim/s]
[SIMULATOR] Monte Carlo: 100%|[32m#########9[0m| 199/200 [01:28<00:00,  
2.17sim/s]
[SIMULATOR] Monte Carlo: 100%|[32m##########[0m| 200/200 [01:28<00:00,  
2.11sim/s]
[SIMULATOR] Monte Carlo: 100%|[32m##########[0m| 200/200 [01:28<00:00,  
2.26sim/s]
[SIMULATOR] Simulations complete!

[OPTIMIZER] Starting Bayesian optimization (gp_minimize)...
  n_calls: 40
  EPT constraint: max increase = 10 min

[OPTIMIZER] Bayesian Search:   0%|          | 0/40 [00:00<?, ?iter/s]
[OPTIMIZER] Bayesian Search:   2%|2         | 1/40 [00:00<00:21,  1.83iter/s]
[OPTIMIZER] Bayesian Search:   5%|5         | 2/40 [00:01<00:21,  1.76iter/s]
[OPTIMIZER] Bayesian Search:   8%|7         | 3/40 [00:01<00:22,  1.61iter/s]
[OPTIMIZER] Bayesian Search:  10%|#         | 4/40 [00:02<00:22,  1.57iter/s]
[OPTIMIZER] Bayesian Search:  12%|#2        | 5/40 [00:03<00:24,  1.46iter/s]
[OPTIMIZER] Bayesian Search:  15%|#5        | 6/40 [00:04<00:24,  1.40iter/s]
[OPTIMIZER] Bayesian Search:  18%|#7        | 7/40 [00:04<00:25,  1.31iter/s]
[OPTIMIZER] Bayesian Search:  20%|##        | 8/40 [00:05<00:27,  1.16iter/s]
[OPTIMIZER] Bayesian Search:  22%|##2       | 9/40 [00:06<00:27,  1.11iter/s]
[OPTIMIZER] Bayesian Search:  25%|##5       | 10/40 [00:07<00:27,  1.10iter/s]
[OPTIMIZER] Bayesian Search:  28%|##7       | 11/40 [00:08<00:25,  1.15iter/s]
[OPTIMIZER] Bayesian Search:  30%|###       | 12/40 [00:09<00:22,  1.24iter/s]
[OPTIMIZER] Bayesian Search:  32%|###2      | 13/40 [00:09<00:20,  1.35iter/s]
[OPTIMIZER] Bayesian Search:  35%|###5      | 14/40 [00:10<00:18,  1.40iter/s]
[OPTIMIZER] Bayesian Search:  38%|###7      | 15/40 [00:11<00:16,  1.48iter/s]
[OPTIMIZER] Bayesian Search:  40%|####      | 16/40 [00:11<00:15,  1.55iter/s]
[OPTIMIZER] Bayesian Search:  42%|####2     | 17/40 [00:12<00:14,  1.61iter/s]
[OPTIMIZER] Bayesian Search:  45%|####5     | 18/40 [00:12<00:13,  1.67iter/s]
[OPTIMIZER] Bayesian Search:  48%|####7     | 19/40 [00:13<00:12,  1.64iter/s]
[OPTIMIZER] Bayesian Search:  50%|#####     | 20/40 [00:14<00:12,  1.63iter/s]
[OPTIMIZER] Bayesian Search:  52%|#####2    | 21/40 [00:14<00:11,  1.67iter/s]
[OPTIMIZER] Bayesian Search:  55%|#####5    | 22/40 [00:15<00:10,  1.67iter/s]
[OPTIMIZER] Bayesian Search:  57%|#####7    | 23/40 [00:15<00:10,  1.61iter/s]
[OPTIMIZER] Bayesian Search:  60%|######    | 24/40 [00:16<00:11,  1.36iter/s]
[OPTIMIZER] Bayesian Search:  62%|######2   | 25/40 [00:17<00:12,  1.25iter/s]
[OPTIMIZER] Bayesian Search:  65%|######5   | 26/40 [00:18<00:10,  1.29iter/s]
[OPTIMIZER] Bayesian Search:  68%|######7   | 27/40 [00:19<00:09,  1.34iter/s]
[OPTIMIZER] Bayesian Search:  70%|#######   | 28/40 [00:19<00:08,  1.39iter/s]
[OPTIMIZER] Bayesian Search:  72%|#######2  | 29/40 [00:20<00:07,  1.41iter/s]
[OPTIMIZER] Bayesian Search:  75%|#######5  | 30/40 [00:21<00:07,  1.38iter/s]
[OPTIMIZER] Bayesian Search:  78%|#######7  | 31/40 [00:21<00:06,  1.45iter/s]
[OPTIMIZER] Bayesian Search:  80%|########  | 32/40 [00:22<00:05,  1.47iter/s]
[OPTIMIZER] Bayesian Search:  82%|########2 | 33/40 [00:23<00:04,  1.49iter/s]
[OPTIMIZER] Bayesian Search:  85%|########5 | 34/40 [00:24<00:04,  1.44iter/s]
[OPTIMIZER] Bayesian Search:  88%|########7 | 35/40 [00:24<00:03,  1.41iter/s]
[OPTIMIZER] Bayesian Search:  90%|######### | 36/40 [00:25<00:02,  1.37iter/s]
[OPTIMIZER] Bayesian Search:  92%|#########2| 37/40 [00:26<00:02,  1.30iter/s]
[OPTIMIZER] Bayesian Search:  95%|#########5| 38/40 [00:27<00:01,  1.27iter/s]
[OPTIMIZER] Bayesian Search:  98%|#########7| 39/40 [00:27<00:00,  1.30iter/s]
[OPTIMIZER] Bayesian Search: 100%|##########| 40/40 [00:28<00:00,  1.39iter/s]
[OPTIMIZER] Bayesian Search: 100%|##########| 40/40 [00:28<00:00,  1.40iter/s]
  Iteration 5: loss=0.050, awt_imp=0.05, ept_inc=0.09, weighted_gain=-0.004
  Iteration 10: loss=0.123, awt_imp=0.04, ept_inc=0.11, weighted_gain=-0.018
  Iteration 15: loss=-0.020, awt_imp=0.05, ept_inc=0.03, weighted_gain=0.020
  Iteration 20: loss=0.714, awt_imp=0.05, ept_inc=0.20, weighted_gain=-0.048
  Iteration 25: loss=-0.012, awt_imp=0.05, ept_inc=0.05, weighted_gain=0.012
  Iteration 30: loss=-0.024, awt_imp=0.05, ept_inc=0.02, weighted_gain=0.024
  Iteration 35: loss=0.086, awt_imp=0.04, ept_inc=0.10, weighted_gain=-0.014
  Iteration 40: loss=1.516, awt_imp=0.04, ept_inc=0.26, weighted_gain=-0.078
[OPTIMIZER] Optimization complete!
  Best loss: -0.024
  Best params: u1=12, u2=1, u3=12, delta_ept=2.00, duracion_hdm=10

======================================================================
OPTIMIZATION RESULTS
======================================================================

Optimal HDM Configuration:
  u1 (ordenes threshold):    12
  u2 (riders threshold):     1
  u3 (AWT threshold):        12 minutes
  delta_ept (EPT increase):  2.00 minutes
  duracion_hdm (duration):   10 minutes

Objective value (loss):  -0.024
======================================================================


[OPTIMIZER] Extracted 2 strategic profiles
  Agresiva: AWT improvement 0.05 min, EPT increase 0.09 min, Activation rate 2.0%
  Equilibrada: AWT improvement 0.05 min, EPT increase 0.02 min, Activation rate 1.0%

  Franchise Summary:
    ò Partners processed: 9
    ò Total orders weight: 189782
    ò Aggregate objective: 0.055
    ò Saved to: C:\Users\diego.darquea\Documents\HDM-Optimization\outputs\franchise_objective_summary.csv
    ò Saved to: C:\Users\diego.darquea\Documents\HDM-Optimization\outputs\aggregate_objective_summary.csv

======================================================================
PIPELINE COMPLETE
======================================================================

